Archive member included because of file (symbol)

/Developer/Eclipse/gcc-arm-none-eabi-4_9-2014q4/bin/../lib/gcc/arm-none-eabi/4.9.3/../../../../arm-none-eabi/lib/armv7e-m/libg.a(lib_a-errno.o)
                              ./libs/misc/src/_sbrk.o (__errno)
/Developer/Eclipse/gcc-arm-none-eabi-4_9-2014q4/bin/../lib/gcc/arm-none-eabi/4.9.3/../../../../arm-none-eabi/lib/armv7e-m/libg.a(lib_a-impure.o)
                              ./src/uart.o (_impure_ptr)
/Developer/Eclipse/gcc-arm-none-eabi-4_9-2014q4/bin/../lib/gcc/arm-none-eabi/4.9.3/../../../../arm-none-eabi/lib/armv7e-m/libg.a(lib_a-printf.o)
                              ./src/main.o (printf)
/Developer/Eclipse/gcc-arm-none-eabi-4_9-2014q4/bin/../lib/gcc/arm-none-eabi/4.9.3/../../../../arm-none-eabi/lib/armv7e-m/libg.a(lib_a-puts.o)
                              ./src/uart.o (puts)
/Developer/Eclipse/gcc-arm-none-eabi-4_9-2014q4/bin/../lib/gcc/arm-none-eabi/4.9.3/../../../../arm-none-eabi/lib/armv7e-m/libg.a(lib_a-reent.o)
                              ./libs/misc/src/newlib_stubs.o (errno)
/Developer/Eclipse/gcc-arm-none-eabi-4_9-2014q4/bin/../lib/gcc/arm-none-eabi/4.9.3/../../../../arm-none-eabi/lib/armv7e-m/libg.a(lib_a-setvbuf.o)
                              ./src/uart.o (setvbuf)
/Developer/Eclipse/gcc-arm-none-eabi-4_9-2014q4/bin/../lib/gcc/arm-none-eabi/4.9.3/../../../../arm-none-eabi/lib/armv7e-m/libg.a(lib_a-strlen.o)
                              /Developer/Eclipse/gcc-arm-none-eabi-4_9-2014q4/bin/../lib/gcc/arm-none-eabi/4.9.3/../../../../arm-none-eabi/lib/armv7e-m/libg.a(lib_a-puts.o) (strlen)
/Developer/Eclipse/gcc-arm-none-eabi-4_9-2014q4/bin/../lib/gcc/arm-none-eabi/4.9.3/../../../../arm-none-eabi/lib/armv7e-m/libg.a(lib_a-vfprintf.o)
                              /Developer/Eclipse/gcc-arm-none-eabi-4_9-2014q4/bin/../lib/gcc/arm-none-eabi/4.9.3/../../../../arm-none-eabi/lib/armv7e-m/libg.a(lib_a-printf.o) (_vfprintf_r)
/Developer/Eclipse/gcc-arm-none-eabi-4_9-2014q4/bin/../lib/gcc/arm-none-eabi/4.9.3/../../../../arm-none-eabi/lib/armv7e-m/libg.a(lib_a-wsetup.o)
                              /Developer/Eclipse/gcc-arm-none-eabi-4_9-2014q4/bin/../lib/gcc/arm-none-eabi/4.9.3/../../../../arm-none-eabi/lib/armv7e-m/libg.a(lib_a-vfprintf.o) (__swsetup_r)
/Developer/Eclipse/gcc-arm-none-eabi-4_9-2014q4/bin/../lib/gcc/arm-none-eabi/4.9.3/../../../../arm-none-eabi/lib/armv7e-m/libg.a(lib_a-dtoa.o)
                              /Developer/Eclipse/gcc-arm-none-eabi-4_9-2014q4/bin/../lib/gcc/arm-none-eabi/4.9.3/../../../../arm-none-eabi/lib/armv7e-m/libg.a(lib_a-vfprintf.o) (_dtoa_r)
/Developer/Eclipse/gcc-arm-none-eabi-4_9-2014q4/bin/../lib/gcc/arm-none-eabi/4.9.3/../../../../arm-none-eabi/lib/armv7e-m/libg.a(lib_a-fflush.o)
                              /Developer/Eclipse/gcc-arm-none-eabi-4_9-2014q4/bin/../lib/gcc/arm-none-eabi/4.9.3/../../../../arm-none-eabi/lib/armv7e-m/libg.a(lib_a-setvbuf.o) (_fflush_r)
/Developer/Eclipse/gcc-arm-none-eabi-4_9-2014q4/bin/../lib/gcc/arm-none-eabi/4.9.3/../../../../arm-none-eabi/lib/armv7e-m/libg.a(lib_a-findfp.o)
                              /Developer/Eclipse/gcc-arm-none-eabi-4_9-2014q4/bin/../lib/gcc/arm-none-eabi/4.9.3/../../../../arm-none-eabi/lib/armv7e-m/libg.a(lib_a-setvbuf.o) (_cleanup_r)
/Developer/Eclipse/gcc-arm-none-eabi-4_9-2014q4/bin/../lib/gcc/arm-none-eabi/4.9.3/../../../../arm-none-eabi/lib/armv7e-m/libg.a(lib_a-freer.o)
                              /Developer/Eclipse/gcc-arm-none-eabi-4_9-2014q4/bin/../lib/gcc/arm-none-eabi/4.9.3/../../../../arm-none-eabi/lib/armv7e-m/libg.a(lib_a-reent.o) (_free_r)
/Developer/Eclipse/gcc-arm-none-eabi-4_9-2014q4/bin/../lib/gcc/arm-none-eabi/4.9.3/../../../../arm-none-eabi/lib/armv7e-m/libg.a(lib_a-fvwrite.o)
                              /Developer/Eclipse/gcc-arm-none-eabi-4_9-2014q4/bin/../lib/gcc/arm-none-eabi/4.9.3/../../../../arm-none-eabi/lib/armv7e-m/libg.a(lib_a-puts.o) (__sfvwrite_r)
/Developer/Eclipse/gcc-arm-none-eabi-4_9-2014q4/bin/../lib/gcc/arm-none-eabi/4.9.3/../../../../arm-none-eabi/lib/armv7e-m/libg.a(lib_a-fwalk.o)
                              /Developer/Eclipse/gcc-arm-none-eabi-4_9-2014q4/bin/../lib/gcc/arm-none-eabi/4.9.3/../../../../arm-none-eabi/lib/armv7e-m/libg.a(lib_a-findfp.o) (_fwalk)
/Developer/Eclipse/gcc-arm-none-eabi-4_9-2014q4/bin/../lib/gcc/arm-none-eabi/4.9.3/../../../../arm-none-eabi/lib/armv7e-m/libg.a(lib_a-locale.o)
                              /Developer/Eclipse/gcc-arm-none-eabi-4_9-2014q4/bin/../lib/gcc/arm-none-eabi/4.9.3/../../../../arm-none-eabi/lib/armv7e-m/libg.a(lib_a-vfprintf.o) (_localeconv_r)
/Developer/Eclipse/gcc-arm-none-eabi-4_9-2014q4/bin/../lib/gcc/arm-none-eabi/4.9.3/../../../../arm-none-eabi/lib/armv7e-m/libg.a(lib_a-makebuf.o)
                              /Developer/Eclipse/gcc-arm-none-eabi-4_9-2014q4/bin/../lib/gcc/arm-none-eabi/4.9.3/../../../../arm-none-eabi/lib/armv7e-m/libg.a(lib_a-wsetup.o) (__smakebuf_r)
[...]
Memory Configuration

Name             Origin             Length             Attributes
RAM              0x0000000020000000 0x0000000000020000 xrw
CCMRAM           0x0000000010000000 0x0000000000010000 xrw
FLASH            0x0000000008000000 0x0000000000100000 xr
FLASHB1          0x0000000000000000 0x0000000000000000 xr
EXTMEMB0         0x0000000000000000 0x0000000000000000 xr
EXTMEMB1         0x0000000000000000 0x0000000000000000 xr
EXTMEMB2         0x0000000000000000 0x0000000000000000 xr
EXTMEMB3         0x0000000000000000 0x0000000000000000 xr
MEMORY_ARRAY     0x0000000020002000 0x0000000000000020 xrw
*default*        0x0000000000000000 0xffffffffffffffff

Linker script and memory map

LOAD ./src/delay.o
LOAD ./src/dma.o
LOAD ./src/gpio.o
LOAD ./src/initialization.o
LOAD ./src/interrupts.o
LOAD ./src/leds.o
LOAD ./src/main.o
LOAD ./src/nvic.o
LOAD ./src/pushbuttons.o
LOAD ./src/rcc.o
LOAD ./src/rtc.o
LOAD ./src/sdio.o
LOAD ./src/spi.o
LOAD ./src/ssd1306.o
LOAD ./src/uart.o
LOAD ./src/usb.o
LOAD ./libs/misc/src/_sbrk.o
LOAD ./libs/misc/src/newlib_stubs.o
LOAD ./libs/misc/src/trace_impl.o
LOAD ./libs/cmsis/src/startup_cm.o
LOAD ./libs/cmsis/src/startup_stm32f4xx.o
LOAD ./libs/cmsis/src/system_stm32f4xx.o
LOAD ./libs/cmsis/src/vectors_stm32f4xx.o
LOAD ./libs/StdPeriph/src/misc.o
LOAD ./libs/StdPeriph/src/stm32f4xx_adc.o
LOAD ./libs/StdPeriph/src/stm32f4xx_can.o
LOAD ./libs/StdPeriph/src/stm32f4xx_crc.o
LOAD ./libs/StdPeriph/src/stm32f4xx_cryp.o
LOAD ./libs/StdPeriph/src/stm32f4xx_cryp_aes.o
LOAD ./libs/StdPeriph/src/stm32f4xx_cryp_des.o
LOAD ./libs/StdPeriph/src/stm32f4xx_cryp_tdes.o
LOAD ./libs/StdPeriph/src/stm32f4xx_dac.o
LOAD ./libs/StdPeriph/src/stm32f4xx_dbgmcu.o
LOAD ./libs/StdPeriph/src/stm32f4xx_dcmi.o
LOAD ./libs/StdPeriph/src/stm32f4xx_dma.o
LOAD ./libs/StdPeriph/src/stm32f4xx_dma2d.o
LOAD ./libs/StdPeriph/src/stm32f4xx_exti.o
LOAD ./libs/StdPeriph/src/stm32f4xx_flash.o
LOAD ./libs/StdPeriph/src/stm32f4xx_fmc.o
LOAD ./libs/StdPeriph/src/stm32f4xx_fsmc.o
LOAD ./libs/StdPeriph/src/stm32f4xx_gpio.o
LOAD ./libs/StdPeriph/src/stm32f4xx_hash.o
LOAD ./libs/StdPeriph/src/stm32f4xx_hash_md5.o
LOAD ./libs/StdPeriph/src/stm32f4xx_hash_sha1.o
LOAD ./libs/StdPeriph/src/stm32f4xx_i2c.o
LOAD ./libs/StdPeriph/src/stm32f4xx_iwdg.o
LOAD ./libs/StdPeriph/src/stm32f4xx_ltdc.o
LOAD ./libs/StdPeriph/src/stm32f4xx_pwr.o
LOAD ./libs/StdPeriph/src/stm32f4xx_rcc.o
LOAD ./libs/StdPeriph/src/stm32f4xx_rng.o
LOAD ./libs/StdPeriph/src/stm32f4xx_rtc.o
LOAD ./libs/StdPeriph/src/stm32f4xx_sai.o
LOAD ./libs/StdPeriph/src/stm32f4xx_sdio.o
LOAD ./libs/StdPeriph/src/stm32f4xx_spi.o
LOAD ./libs/StdPeriph/src/stm32f4xx_syscfg.o
LOAD ./libs/StdPeriph/src/stm32f4xx_tim.o
LOAD ./libs/StdPeriph/src/stm32f4xx_usart.o
LOAD ./libs/StdPeriph/src/stm32f4xx_wwdg.o
START GROUP
LOAD /Developer/Eclipse/gcc-arm-none-eabi-4_9-2014q4/bin/../lib/gcc/arm-none-eabi/4.9.3/armv7e-m/libgcc.a
LOAD /Developer/Eclipse/gcc-arm-none-eabi-4_9-2014q4/bin/../lib/gcc/arm-none-eabi/4.9.3/../../../../arm-none-eabi/lib/armv7e-m/libg.a
LOAD /Developer/Eclipse/gcc-arm-none-eabi-4_9-2014q4/bin/../lib/gcc/arm-none-eabi/4.9.3/../../../../arm-none-eabi/lib/armv7e-m/libc.a
END GROUP
START GROUP
LOAD /Developer/Eclipse/gcc-arm-none-eabi-4_9-2014q4/bin/../lib/gcc/arm-none-eabi/4.9.3/armv7e-m/libgcc.a
LOAD /Developer/Eclipse/gcc-arm-none-eabi-4_9-2014q4/bin/../lib/gcc/arm-none-eabi/4.9.3/../../../../arm-none-eabi/lib/armv7e-m/libg.a
LOAD /Developer/Eclipse/gcc-arm-none-eabi-4_9-2014q4/bin/../lib/gcc/arm-none-eabi/4.9.3/../../../../arm-none-eabi/lib/armv7e-m/libc.a
LOAD /Developer/Eclipse/gcc-arm-none-eabi-4_9-2014q4/bin/../lib/gcc/arm-none-eabi/4.9.3/../../../../arm-none-eabi/lib/armv7e-m/libm.a
LOAD /Developer/Eclipse/gcc-arm-none-eabi-4_9-2014q4/bin/../lib/gcc/arm-none-eabi/4.9.3/../../../../arm-none-eabi/lib/armv7e-m/libnosys.a
END GROUP
                0x0000000020020000                __stack = (ORIGIN (RAM) + 0x20000)
                0x0000000020020000                _estack = __stack
                0x0000000000000400                __Main_Stack_Size = 0x400
                0x0000000000000400                PROVIDE (_Main_Stack_Size, __Main_Stack_Size)
                0x000000002001fc00                __Main_Stack_Limit = (__stack - __Main_Stack_Size)
                0x000000002001fc00                PROVIDE (_Main_Stack_Limit, __Main_Stack_Limit)
                0x0000000000000100                _Minimum_Stack_Size = 0x100
                0x000000002000091c                PROVIDE (_Heap_Begin, _end_noinit)
                0x000000002001fc00                PROVIDE (_Heap_Limit, (__stack - _Main_Stack_Size))

.isr_vector     0x0000000008000000      0x264
                0x0000000008000000                . = ALIGN (0x4)
 *(.isr_vector)
 .isr_vector    0x0000000008000000      0x188 ./libs/cmsis/src/vectors_stm32f4xx.o
                0x0000000008000000                g_pfnVectors
 *(.after_vectors .after_vectors.*)
 .after_vectors
                0x0000000008000188       0x8c ./libs/cmsis/src/startup_cm.o
                0x0000000008000188                Reset_Handler
                0x00000000080001cc                system_init
 .after_vectors
                0x0000000008000214       0x50 ./libs/cmsis/src/vectors_stm32f4xx.o
                0x0000000008000214                DMA1_Stream3_IRQHandler
                0x0000000008000214                HASH_RNG_IRQHandler
                0x0000000008000214                EXTI2_IRQHandler
                0x0000000008000214                TIM8_CC_IRQHandler
                0x0000000008000214                TIM1_CC_IRQHandler
                0x0000000008000214                DMA2_Stream5_IRQHandler
                0x0000000008000214                DMA1_Stream5_IRQHandler
                0x0000000008000214                PVD_IRQHandler
                0x0000000008000214                SDIO_IRQHandler
                0x0000000008000214                TAMP_STAMP_IRQHandler
                0x0000000008000214                CAN2_RX1_IRQHandler
                0x0000000008000214                EXTI3_IRQHandler
                0x0000000008000214                TIM8_TRG_COM_TIM14_IRQHandler
                0x0000000008000214                TIM1_UP_TIM10_IRQHandler
                0x0000000008000214                TIM8_UP_TIM13_IRQHandler
                0x0000000008000214                I2C3_ER_IRQHandler
                0x0000000008000214                EXTI0_IRQHandler
                0x0000000008000214                I2C2_EV_IRQHandler
                0x0000000008000214                DMA1_Stream2_IRQHandler
                0x0000000008000214                CAN1_RX0_IRQHandler
                0x0000000008000214                FPU_IRQHandler
                0x0000000008000214                OTG_HS_WKUP_IRQHandler
                0x0000000008000214                CAN2_SCE_IRQHandler
                0x0000000008000214                DMA2_Stream2_IRQHandler
                0x0000000008000214                SPI1_IRQHandler
                0x0000000008000214                TIM6_DAC_IRQHandler
                0x0000000008000214                TIM1_BRK_TIM9_IRQHandler
                0x0000000008000214                DCMI_IRQHandler
                0x0000000008000214                CAN2_RX0_IRQHandler
                0x0000000008000214                DMA2_Stream3_IRQHandler
                0x0000000008000214                USART6_IRQHandler
                0x0000000008000214                USART3_IRQHandler
                0x0000000008000214                CRYP_IRQHandler
                0x0000000008000214                CAN1_RX1_IRQHandler
                0x0000000008000214                UART5_IRQHandler
                0x0000000008000214                DMA2_Stream0_IRQHandler
                0x0000000008000214                TIM4_IRQHandler
                0x0000000008000214                I2C1_EV_IRQHandler
                0x0000000008000214                DMA1_Stream6_IRQHandler
                0x0000000008000214                DMA1_Stream1_IRQHandler
                0x0000000008000214                UART4_IRQHandler
                0x0000000008000214                TIM3_IRQHandler
                0x0000000008000214                RCC_IRQHandler
                0x0000000008000214                TIM8_BRK_TIM12_IRQHandler
                0x0000000008000214                Default_Handler
                0x0000000008000214                ADC_IRQHandler
                0x0000000008000214                DMA1_Stream7_IRQHandler
                0x0000000008000214                TIM7_IRQHandler
                0x0000000008000214                CAN2_TX_IRQHandler
                0x0000000008000214                TIM5_IRQHandler
                0x0000000008000214                DMA2_Stream7_IRQHandler
                0x0000000008000214                I2C3_EV_IRQHandler
                0x0000000008000214                EXTI9_5_IRQHandler
                0x0000000008000214                RTC_WKUP_IRQHandler
                0x0000000008000214                ETH_WKUP_IRQHandler
                0x0000000008000214                SPI2_IRQHandler
                0x0000000008000214                OTG_HS_EP1_IN_IRQHandler
                0x0000000008000214                DMA1_Stream0_IRQHandler
                0x0000000008000214                CAN1_TX_IRQHandler
                0x0000000008000214                EXTI4_IRQHandler
                0x0000000008000214                FSMC_IRQHandler
                0x0000000008000214                ETH_IRQHandler
                0x0000000008000214                OTG_HS_EP1_OUT_IRQHandler
                0x0000000008000214                WWDG_IRQHandler
                0x0000000008000214                TIM2_IRQHandler
                0x0000000008000214                OTG_FS_WKUP_IRQHandler
                0x0000000008000214                TIM1_TRG_COM_TIM11_IRQHandler
                0x0000000008000214                OTG_HS_IRQHandler
                0x0000000008000214                EXTI1_IRQHandler
                0x0000000008000214                I2C2_ER_IRQHandler
                0x0000000008000214                DMA2_Stream1_IRQHandler
                0x0000000008000214                CAN1_SCE_IRQHandler
                0x0000000008000214                FLASH_IRQHandler
                0x0000000008000214                DMA2_Stream4_IRQHandler
                0x0000000008000214                USART1_IRQHandler
                0x0000000008000214                OTG_FS_IRQHandler
                0x0000000008000214                SPI3_IRQHandler
                0x0000000008000214                DMA1_Stream4_IRQHandler
                0x0000000008000214                I2C1_ER_IRQHandler
                0x0000000008000214                DMA2_Stream6_IRQHandler
                0x0000000008000214                RTC_Alarm_IRQHandler
                0x0000000008000264                . = ALIGN (0x4)

._inits         0x0000000008000264        0x4
                0x0000000008000264                . = ALIGN (0x4)
 *(.init)
 *(.fini)
                0x0000000008000264                . = ALIGN (0x4)
                0x0000000008000264                PROVIDE (__preinit_array_start, .)
 *(.preinit_array_sysinit .preinit_array_sysinit.*)
 .preinit_array_sysinit
                0x0000000008000264        0x4 ./libs/cmsis/src/startup_cm.o
                0x0000000008000264                p_system_init
 *(.preinit_array_platform .preinit_array_platform.*)
 *(.preinit_array .preinit_array.*)
                0x0000000008000268                PROVIDE (__preinit_array_end, .)
                0x0000000008000268                . = ALIGN (0x4)
                0x0000000008000268                PROVIDE (__init_array_start, .)
 *(SORT(.init_array.*))
 *(.init_array)
                0x0000000008000268                PROVIDE (__init_array_end, .)
                0x0000000008000268                . = ALIGN (0x4)
                0x0000000008000268                PROVIDE (__fini_array_start, .)
 *(SORT(.fini_array.*))
 *(.fini_array)
                0x0000000008000268                PROVIDE (__fini_array_end, .)
                0x0000000008000268                . = ALIGN (0x4)

.flashtext      0x0000000008000268        0x0
                0x0000000008000268                . = ALIGN (0x4)
 *(.flashtext .flashtext.*)
                0x0000000008000268                . = ALIGN (0x4)

.text           0x0000000008000268     0x701c
                0x0000000008000268                . = ALIGN (0x4)
 *(.text .text.*)
 .text.NVIC_SetPriority
                0x0000000008000268       0x54 ./src/delay.o
 .text.SysTick_Config
                0x00000000080002bc       0x44 ./src/delay.o
 .text.delay_milli
                0x0000000008000300       0x4c ./src/delay.o
                0x0000000008000300                delay_milli
 .text.delay_setup
                0x000000000800034c       0x20 ./src/delay.o
                0x000000000800034c                delay_setup
 .text.delay_interruptHandler
                0x000000000800036c       0x24 ./src/delay.o
                0x000000000800036c                delay_interruptHandler
 .text.gpio_initStandard
                0x0000000008000390       0x4c ./src/gpio.o
                0x0000000008000390                gpio_initStandard
 .text.gpio_initAF
                0x00000000080003dc       0x44 ./src/gpio.o
                0x00000000080003dc                gpio_initAF
 .text.gpio_initInterruptEXTI
                0x0000000008000420       0xf8 ./src/gpio.o
                0x0000000008000420                gpio_initInterruptEXTI
 .text.gpio_getEXTIPortSourceGPIO
                0x0000000008000518       0xc8 ./src/gpio.o
                0x0000000008000518                gpio_getEXTIPortSourceGPIO
 .text.initialization
                0x00000000080005e0       0x18 ./src/initialization.o
                0x00000000080005e0                initialization
 .text.NMI_Handler
                0x00000000080005f8        0xc ./src/interrupts.o
                0x00000000080005f8                NMI_Handler
 .text.HardFault_Handler
                0x0000000008000604        0x8 ./src/interrupts.o
                0x0000000008000604                HardFault_Handler
 .text.MemManage_Handler
                0x000000000800060c        0x8 ./src/interrupts.o
                0x000000000800060c                MemManage_Handler
 .text.BusFault_Handler
                0x0000000008000614        0x8 ./src/interrupts.o
                0x0000000008000614                BusFault_Handler
 .text.UsageFault_Handler
                0x000000000800061c        0x8 ./src/interrupts.o
                0x000000000800061c                UsageFault_Handler
 .text.SVC_Handler
                0x0000000008000624        0xc ./src/interrupts.o
                0x0000000008000624                SVC_Handler
 .text.DebugMon_Handler
                0x0000000008000630        0xc ./src/interrupts.o
                0x0000000008000630                DebugMon_Handler
 .text.PendSV_Handler
                0x000000000800063c        0xc ./src/interrupts.o
                0x000000000800063c                PendSV_Handler
 .text.SysTick_Handler
                0x0000000008000648        0xc ./src/interrupts.o
                0x0000000008000648                SysTick_Handler
 .text.EXTI15_10_IRQHandler
                0x0000000008000654       0x20 ./src/interrupts.o
                0x0000000008000654                EXTI15_10_IRQHandler
 .text.USART2_IRQHandler
                0x0000000008000674        0xc ./src/interrupts.o
                0x0000000008000674                USART2_IRQHandler
 .text.initialize_LEDS
                0x0000000008000680       0xa4 ./src/leds.o
                0x0000000008000680                initialize_LEDS
 .text.leds_ledTest
                0x0000000008000724       0xdc ./src/leds.o
                0x0000000008000724                leds_ledTest
 .text.leds_toggleLed
                0x0000000008000800       0x38 ./src/leds.o
                0x0000000008000800                leds_toggleLed
 .text.main     0x0000000008000838       0x30 ./src/main.o
                0x0000000008000838                main
 .text.nvic_initInterrupt
                0x0000000008000868       0x34 ./src/nvic.o
                0x0000000008000868                nvic_initInterrupt
 .text.initialize_pushButtons
                0x000000000800089c      0x100 ./src/pushbuttons.o
                0x000000000800089c                initialize_pushButtons
 .text.pushbuttons_interruptHandler_UP
                0x000000000800099c       0x24 ./src/pushbuttons.o
                0x000000000800099c                pushbuttons_interruptHandler_UP
 .text.pushbuttons_interruptHandler_LEFT
                0x00000000080009c0       0x24 ./src/pushbuttons.o
                0x00000000080009c0                pushbuttons_interruptHandler_LEFT
 .text.pushbuttons_interruptHandler_MIDDLE
                0x00000000080009e4       0x24 ./src/pushbuttons.o
                0x00000000080009e4                pushbuttons_interruptHandler_MIDDLE
 .text.pushbuttons_interruptHandler_RIGHT
                0x0000000008000a08       0x24 ./src/pushbuttons.o
                0x0000000008000a08                pushbuttons_interruptHandler_RIGHT
 .text.pushbuttons_interruptHandler_DOWN
                0x0000000008000a2c       0x24 ./src/pushbuttons.o
                0x0000000008000a2c                pushbuttons_interruptHandler_DOWN
 .text.pushbuttons_interruptHandler_ENTER
                0x0000000008000a50       0x3c ./src/pushbuttons.o
                0x0000000008000a50                pushbuttons_interruptHandler_ENTER
 .text.rcc_setGPIOClock
                0x0000000008000a8c      0x120 ./src/rcc.o
                0x0000000008000a8c                rcc_setGPIOClock
 .text.rcc_setUSARTClock
                0x0000000008000bac       0xdc ./src/rcc.o
                0x0000000008000bac                rcc_setUSARTClock
 .text.initialize_UART
                0x0000000008000c88       0xe4 ./src/uart.o
                0x0000000008000c88                initialize_UART
 .text.uart_interruptHandlerTerminal
                0x0000000008000d6c        0xc ./src/uart.o
                0x0000000008000d6c                uart_interruptHandlerTerminal
 .text._sbrk    0x0000000008000d78       0x68 ./libs/misc/src/_sbrk.o
                0x0000000008000d78                _sbrk
 .text._exit    0x0000000008000de0       0x18 ./libs/misc/src/newlib_stubs.o
                0x0000000008000de0                _exit
 .text._close   0x0000000008000df8       0x18 ./libs/misc/src/newlib_stubs.o
                0x0000000008000df8                _close
 .text._fstat   0x0000000008000e10       0x20 ./libs/misc/src/newlib_stubs.o
                0x0000000008000e10                _fstat
 .text._isatty  0x0000000008000e30       0x2c ./libs/misc/src/newlib_stubs.o
                0x0000000008000e30                _isatty
 .text._lseek   0x0000000008000e5c       0x1c ./libs/misc/src/newlib_stubs.o
                0x0000000008000e5c                _lseek
 .text._read    0x0000000008000e78       0x78 ./libs/misc/src/newlib_stubs.o
                0x0000000008000e78                _read
 .text._write   0x0000000008000ef0       0xb4 ./libs/misc/src/newlib_stubs.o
                0x0000000008000ef0                _write
 .text.__libc_init_array
                0x0000000008000fa4       0x6c ./libs/cmsis/src/startup_cm.o
                0x0000000008000fa4                __libc_init_array
 .text.__libc_fini_array
                0x0000000008001010       0x3c ./libs/cmsis/src/startup_cm.o
                0x0000000008001010                __libc_fini_array
 .text.SystemInit
                0x000000000800104c       0x58 ./libs/cmsis/src/system_stm32f4xx.o
                0x000000000800104c                SystemInit
 .text.SetSysClock
                0x00000000080010a4       0xf4 ./libs/cmsis/src/system_stm32f4xx.o
 .text.NVIC_Init
                0x0000000008001198       0xc0 ./libs/StdPeriph/src/misc.o
                0x0000000008001198                NVIC_Init
 .text.EXTI_Init
                0x0000000008001258       0xe4 ./libs/StdPeriph/src/stm32f4xx_exti.o
                0x0000000008001258                EXTI_Init
 .text.EXTI_GetITStatus
                0x000000000800133c       0x34 ./libs/StdPeriph/src/stm32f4xx_exti.o
                0x000000000800133c                EXTI_GetITStatus
 .text.EXTI_ClearITPendingBit
                0x0000000008001370       0x1c ./libs/StdPeriph/src/stm32f4xx_exti.o
                0x0000000008001370                EXTI_ClearITPendingBit
 .text.GPIO_Init
                0x000000000800138c      0x11c ./libs/StdPeriph/src/stm32f4xx_gpio.o
                0x000000000800138c                GPIO_Init
 .text.GPIO_SetBits
                0x00000000080014a8       0x1c ./libs/StdPeriph/src/stm32f4xx_gpio.o
                0x00000000080014a8                GPIO_SetBits
 .text.GPIO_ResetBits
                0x00000000080014c4       0x1c ./libs/StdPeriph/src/stm32f4xx_gpio.o
                0x00000000080014c4                GPIO_ResetBits
 .text.GPIO_WriteBit
                0x00000000080014e0       0x30 ./libs/StdPeriph/src/stm32f4xx_gpio.o
                0x00000000080014e0                GPIO_WriteBit
 .text.GPIO_ToggleBits
                0x0000000008001510       0x24 ./libs/StdPeriph/src/stm32f4xx_gpio.o
                0x0000000008001510                GPIO_ToggleBits
 .text.GPIO_PinAFConfig
                0x0000000008001534       0x90 ./libs/StdPeriph/src/stm32f4xx_gpio.o
                0x0000000008001534                GPIO_PinAFConfig
 .text.RCC_GetClocksFreq
                0x00000000080015c4      0x154 ./libs/StdPeriph/src/stm32f4xx_rcc.o
                0x00000000080015c4                RCC_GetClocksFreq
 .text.RCC_AHB1PeriphClockCmd
                0x0000000008001718       0x3c ./libs/StdPeriph/src/stm32f4xx_rcc.o
                0x0000000008001718                RCC_AHB1PeriphClockCmd
 .text.RCC_APB1PeriphClockCmd
                0x0000000008001754       0x3c ./libs/StdPeriph/src/stm32f4xx_rcc.o
                0x0000000008001754                RCC_APB1PeriphClockCmd
 .text.RCC_APB2PeriphClockCmd
                0x0000000008001790       0x3c ./libs/StdPeriph/src/stm32f4xx_rcc.o
                0x0000000008001790                RCC_APB2PeriphClockCmd
 .text.SYSCFG_EXTILineConfig
                0x00000000080017cc       0x84 ./libs/StdPeriph/src/stm32f4xx_syscfg.o
                0x00000000080017cc                SYSCFG_EXTILineConfig
 .text.USART_Init
                0x0000000008001850      0x178 ./libs/StdPeriph/src/stm32f4xx_usart.o
                0x0000000008001850                USART_Init
 .text.USART_Cmd
                0x00000000080019c8       0x40 ./libs/StdPeriph/src/stm32f4xx_usart.o
                0x00000000080019c8                USART_Cmd
 .text.USART_ITConfig
                0x0000000008001a08       0x90 ./libs/StdPeriph/src/stm32f4xx_usart.o
                0x0000000008001a08                USART_ITConfig
 .text.__errno  0x0000000008001a98        0xc /Developer/Eclipse/gcc-arm-none-eabi-4_9-2014q4/bin/../lib/gcc/arm-none-eabi/4.9.3/../../../../arm-none-eabi/lib/armv7e-m/libg.a(lib_a-errno.o)
                0x0000000008001a98                __errno
 .text.printf   0x0000000008001aa4       0x28 /Developer/Eclipse/gcc-arm-none-eabi-4_9-2014q4/bin/../lib/gcc/arm-none-eabi/4.9.3/../../../../arm-none-eabi/lib/armv7e-m/libg.a(lib_a-printf.o)
                0x0000000008001aa4                printf
 .text._puts_r  0x0000000008001acc       0x5c /Developer/Eclipse/gcc-arm-none-eabi-4_9-2014q4/bin/../lib/gcc/arm-none-eabi/4.9.3/../../../../arm-none-eabi/lib/armv7e-m/libg.a(lib_a-puts.o)
                0x0000000008001acc                _puts_r
 .text.puts     0x0000000008001b28       0x10 /Developer/Eclipse/gcc-arm-none-eabi-4_9-2014q4/bin/../lib/gcc/arm-none-eabi/4.9.3/../../../../arm-none-eabi/lib/armv7e-m/libg.a(lib_a-puts.o)
                0x0000000008001b28                puts
 .text.setvbuf  0x0000000008001b38       0xf8 /Developer/Eclipse/gcc-arm-none-eabi-4_9-2014q4/bin/../lib/gcc/arm-none-eabi/4.9.3/../../../../arm-none-eabi/lib/armv7e-m/libg.a(lib_a-setvbuf.o)
                0x0000000008001b38                setvbuf
 .text.strlen   0x0000000008001c30       0x5c /Developer/Eclipse/gcc-arm-none-eabi-4_9-2014q4/bin/../lib/gcc/arm-none-eabi/4.9.3/../../../../arm-none-eabi/lib/armv7e-m/libg.a(lib_a-strlen.o)
                0x0000000008001c30                strlen
 .text._vfprintf_r
                0x0000000008001c8c     0x13e8 /Developer/Eclipse/gcc-arm-none-eabi-4_9-2014q4/bin/../lib/gcc/arm-none-eabi/4.9.3/../../../../arm-none-eabi/lib/armv7e-m/libg.a(lib_a-vfprintf.o)
                0x0000000008001c8c                _vfprintf_r
 .text.__sbprintf
                0x0000000008003074       0x78 /Developer/Eclipse/gcc-arm-none-eabi-4_9-2014q4/bin/../lib/gcc/arm-none-eabi/4.9.3/../../../../arm-none-eabi/lib/armv7e-m/libg.a(lib_a-vfprintf.o)
 .text.__swsetup_r
                0x00000000080030ec       0xc4 /Developer/Eclipse/gcc-arm-none-eabi-4_9-2014q4/bin/../lib/gcc/arm-none-eabi/4.9.3/../../../../arm-none-eabi/lib/armv7e-m/libg.a(lib_a-wsetup.o)
                0x00000000080030ec                __swsetup_r
 .text.quorem   0x00000000080031b0      0x12c /Developer/Eclipse/gcc-arm-none-eabi-4_9-2014q4/bin/../lib/gcc/arm-none-eabi/4.9.3/../../../../arm-none-eabi/lib/armv7e-m/libg.a(lib_a-dtoa.o)
 *fill*         0x00000000080032dc        0x4 
 .text._dtoa_r  0x00000000080032e0      0xe98 /Developer/Eclipse/gcc-arm-none-eabi-4_9-2014q4/bin/../lib/gcc/arm-none-eabi/4.9.3/../../../../arm-none-eabi/lib/armv7e-m/libg.a(lib_a-dtoa.o)
                0x00000000080032e0                _dtoa_r
 .text.__sflush_r
                0x0000000008004178      0x154 /Developer/Eclipse/gcc-arm-none-eabi-4_9-2014q4/bin/../lib/gcc/arm-none-eabi/4.9.3/../../../../arm-none-eabi/lib/armv7e-m/libg.a(lib_a-fflush.o)
                0x0000000008004178                __sflush_r
 .text._fflush_r
                0x00000000080042cc       0x2c /Developer/Eclipse/gcc-arm-none-eabi-4_9-2014q4/bin/../lib/gcc/arm-none-eabi/4.9.3/../../../../arm-none-eabi/lib/armv7e-m/libg.a(lib_a-fflush.o)
                0x00000000080042cc                _fflush_r
 .text._cleanup_r
                0x00000000080042f8        0xc /Developer/Eclipse/gcc-arm-none-eabi-4_9-2014q4/bin/../lib/gcc/arm-none-eabi/4.9.3/../../../../arm-none-eabi/lib/armv7e-m/libg.a(lib_a-findfp.o)
                0x00000000080042f8                _cleanup_r
 .text.__sinit.part.1
                0x0000000008004304       0xf0 /Developer/Eclipse/gcc-arm-none-eabi-4_9-2014q4/bin/../lib/gcc/arm-none-eabi/4.9.3/../../../../arm-none-eabi/lib/armv7e-m/libg.a(lib_a-findfp.o)
 .text.__sinit  0x00000000080043f4        0xc /Developer/Eclipse/gcc-arm-none-eabi-4_9-2014q4/bin/../lib/gcc/arm-none-eabi/4.9.3/../../../../arm-none-eabi/lib/armv7e-m/libg.a(lib_a-findfp.o)
                0x00000000080043f4                __sinit
 .text.__sfp_lock_acquire
                0x0000000008004400        0x4 /Developer/Eclipse/gcc-arm-none-eabi-4_9-2014q4/bin/../lib/gcc/arm-none-eabi/4.9.3/../../../../arm-none-eabi/lib/armv7e-m/libg.a(lib_a-findfp.o)
                0x0000000008004400                __sfp_lock_acquire
 .text.__sfp_lock_release
                0x0000000008004404        0x4 /Developer/Eclipse/gcc-arm-none-eabi-4_9-2014q4/bin/../lib/gcc/arm-none-eabi/4.9.3/../../../../arm-none-eabi/lib/armv7e-m/libg.a(lib_a-findfp.o)
                0x0000000008004404                __sfp_lock_release
 .text._malloc_trim_r
                0x0000000008004408       0x9c /Developer/Eclipse/gcc-arm-none-eabi-4_9-2014q4/bin/../lib/gcc/arm-none-eabi/4.9.3/../../../../arm-none-eabi/lib/armv7e-m/libg.a(lib_a-freer.o)
                0x0000000008004408                _malloc_trim_r
 .text._free_r  0x00000000080044a4      0x1b0 /Developer/Eclipse/gcc-arm-none-eabi-4_9-2014q4/bin/../lib/gcc/arm-none-eabi/4.9.3/../../../../arm-none-eabi/lib/armv7e-m/libg.a(lib_a-freer.o)
                0x00000000080044a4                _free_r
 .text.__sfvwrite_r
                0x0000000008004654      0x318 /Developer/Eclipse/gcc-arm-none-eabi-4_9-2014q4/bin/../lib/gcc/arm-none-eabi/4.9.3/../../../../arm-none-eabi/lib/armv7e-m/libg.a(lib_a-fvwrite.o)
                0x0000000008004654                __sfvwrite_r
 .text._fwalk_reent
                0x000000000800496c       0x54 /Developer/Eclipse/gcc-arm-none-eabi-4_9-2014q4/bin/../lib/gcc/arm-none-eabi/4.9.3/../../../../arm-none-eabi/lib/armv7e-m/libg.a(lib_a-fwalk.o)
                0x000000000800496c                _fwalk_reent
 .text.__locale_charset
                0x00000000080049c0        0x8 /Developer/Eclipse/gcc-arm-none-eabi-4_9-2014q4/bin/../lib/gcc/arm-none-eabi/4.9.3/../../../../arm-none-eabi/lib/armv7e-m/libg.a(lib_a-locale.o)
                0x00000000080049c0                __locale_charset
 .text.__locale_mb_cur_max
                0x00000000080049c8        0xc /Developer/Eclipse/gcc-arm-none-eabi-4_9-2014q4/bin/../lib/gcc/arm-none-eabi/4.9.3/../../../../arm-none-eabi/lib/armv7e-m/libg.a(lib_a-locale.o)
                0x00000000080049c8                __locale_mb_cur_max
 .text._localeconv_r
                0x00000000080049d4        0x8 /Developer/Eclipse/gcc-arm-none-eabi-4_9-2014q4/bin/../lib/gcc/arm-none-eabi/4.9.3/../../../../arm-none-eabi/lib/armv7e-m/libg.a(lib_a-locale.o)
                0x00000000080049d4                _localeconv_r
 .text.__smakebuf_r
                0x00000000080049dc       0xe0 /Developer/Eclipse/gcc-arm-none-eabi-4_9-2014q4/bin/../lib/gcc/arm-none-eabi/4.9.3/../../../../arm-none-eabi/lib/armv7e-m/libg.a(lib_a-makebuf.o)
                0x00000000080049dc                __smakebuf_r
 .text.malloc   0x0000000008004abc       0x10 /Developer/Eclipse/gcc-arm-none-eabi-4_9-2014q4/bin/../lib/gcc/arm-none-eabi/4.9.3/../../../../arm-none-eabi/lib/armv7e-m/libg.a(lib_a-malloc.o)
                0x0000000008004abc                malloc
 .text._malloc_r
                0x0000000008004acc      0x51c /Developer/Eclipse/gcc-arm-none-eabi-4_9-2014q4/bin/../lib/gcc/arm-none-eabi/4.9.3/../../../../arm-none-eabi/lib/armv7e-m/libg.a(lib_a-mallocr.o)
                0x0000000008004acc                _malloc_r
 .text.memchr   0x0000000008004fe8       0x94 /Developer/Eclipse/gcc-arm-none-eabi-4_9-2014q4/bin/../lib/gcc/arm-none-eabi/4.9.3/../../../../arm-none-eabi/lib/armv7e-m/libg.a(lib_a-memchr.o)
                0x0000000008004fe8                memchr
 .text          0x000000000800507c      0x134 /Developer/Eclipse/gcc-arm-none-eabi-4_9-2014q4/bin/../lib/gcc/arm-none-eabi/4.9.3/../../../../arm-none-eabi/lib/armv7e-m/libg.a(lib_a-memcpy.o)
                0x000000000800507c                memcpy
 .text.memmove  0x00000000080051b0       0xc8 /Developer/Eclipse/gcc-arm-none-eabi-4_9-2014q4/bin/../lib/gcc/arm-none-eabi/4.9.3/../../../../arm-none-eabi/lib/armv7e-m/libg.a(lib_a-memmove.o)
                0x00000000080051b0                memmove
 .text.memset   0x0000000008005278       0x9c /Developer/Eclipse/gcc-arm-none-eabi-4_9-2014q4/bin/../lib/gcc/arm-none-eabi/4.9.3/../../../../arm-none-eabi/lib/armv7e-m/libg.a(lib_a-memset.o)
                0x0000000008005278                memset
 .text.__malloc_lock
                0x0000000008005314        0x4 /Developer/Eclipse/gcc-arm-none-eabi-4_9-2014q4/bin/../lib/gcc/arm-none-eabi/4.9.3/../../../../arm-none-eabi/lib/armv7e-m/libg.a(lib_a-mlock.o)
                0x0000000008005314                __malloc_lock
 .text.__malloc_unlock
                0x0000000008005318        0x4 /Developer/Eclipse/gcc-arm-none-eabi-4_9-2014q4/bin/../lib/gcc/arm-none-eabi/4.9.3/../../../../arm-none-eabi/lib/armv7e-m/libg.a(lib_a-mlock.o)
                0x0000000008005318                __malloc_unlock
 .text._Balloc  0x000000000800531c       0x4c /Developer/Eclipse/gcc-arm-none-eabi-4_9-2014q4/bin/../lib/gcc/arm-none-eabi/4.9.3/../../../../arm-none-eabi/lib/armv7e-m/libg.a(lib_a-mprec.o)
                0x000000000800531c                _Balloc
 .text._Bfree   0x0000000008005368       0x14 /Developer/Eclipse/gcc-arm-none-eabi-4_9-2014q4/bin/../lib/gcc/arm-none-eabi/4.9.3/../../../../arm-none-eabi/lib/armv7e-m/libg.a(lib_a-mprec.o)
                0x0000000008005368                _Bfree
 .text.__multadd
                0x000000000800537c       0x84 /Developer/Eclipse/gcc-arm-none-eabi-4_9-2014q4/bin/../lib/gcc/arm-none-eabi/4.9.3/../../../../arm-none-eabi/lib/armv7e-m/libg.a(lib_a-mprec.o)
                0x000000000800537c                __multadd
 .text.__hi0bits
                0x0000000008005400       0x40 /Developer/Eclipse/gcc-arm-none-eabi-4_9-2014q4/bin/../lib/gcc/arm-none-eabi/4.9.3/../../../../arm-none-eabi/lib/armv7e-m/libg.a(lib_a-mprec.o)
                0x0000000008005400                __hi0bits
 .text.__lo0bits
                0x0000000008005440       0x5c /Developer/Eclipse/gcc-arm-none-eabi-4_9-2014q4/bin/../lib/gcc/arm-none-eabi/4.9.3/../../../../arm-none-eabi/lib/armv7e-m/libg.a(lib_a-mprec.o)
                0x0000000008005440                __lo0bits
 .text.__i2b    0x000000000800549c       0x14 /Developer/Eclipse/gcc-arm-none-eabi-4_9-2014q4/bin/../lib/gcc/arm-none-eabi/4.9.3/../../../../arm-none-eabi/lib/armv7e-m/libg.a(lib_a-mprec.o)
                0x000000000800549c                __i2b
 .text.__multiply
                0x00000000080054b0      0x134 /Developer/Eclipse/gcc-arm-none-eabi-4_9-2014q4/bin/../lib/gcc/arm-none-eabi/4.9.3/../../../../arm-none-eabi/lib/armv7e-m/libg.a(lib_a-mprec.o)
                0x00000000080054b0                __multiply
 .text.__pow5mult
                0x00000000080055e4       0xa0 /Developer/Eclipse/gcc-arm-none-eabi-4_9-2014q4/bin/../lib/gcc/arm-none-eabi/4.9.3/../../../../arm-none-eabi/lib/armv7e-m/libg.a(lib_a-mprec.o)
                0x00000000080055e4                __pow5mult
 .text.__lshift
                0x0000000008005684       0xac /Developer/Eclipse/gcc-arm-none-eabi-4_9-2014q4/bin/../lib/gcc/arm-none-eabi/4.9.3/../../../../arm-none-eabi/lib/armv7e-m/libg.a(lib_a-mprec.o)
                0x0000000008005684                __lshift
 .text.__mcmp   0x0000000008005730       0x48 /Developer/Eclipse/gcc-arm-none-eabi-4_9-2014q4/bin/../lib/gcc/arm-none-eabi/4.9.3/../../../../arm-none-eabi/lib/armv7e-m/libg.a(lib_a-mprec.o)
                0x0000000008005730                __mcmp
 .text.__mdiff  0x0000000008005778       0xd4 /Developer/Eclipse/gcc-arm-none-eabi-4_9-2014q4/bin/../lib/gcc/arm-none-eabi/4.9.3/../../../../arm-none-eabi/lib/armv7e-m/libg.a(lib_a-mprec.o)
                0x0000000008005778                __mdiff
 .text.__d2b    0x000000000800584c       0xb8 /Developer/Eclipse/gcc-arm-none-eabi-4_9-2014q4/bin/../lib/gcc/arm-none-eabi/4.9.3/../../../../arm-none-eabi/lib/armv7e-m/libg.a(lib_a-mprec.o)
                0x000000000800584c                __d2b
 .text._realloc_r
                0x0000000008005904      0x3ec /Developer/Eclipse/gcc-arm-none-eabi-4_9-2014q4/bin/../lib/gcc/arm-none-eabi/4.9.3/../../../../arm-none-eabi/lib/armv7e-m/libg.a(lib_a-reallocr.o)
                0x0000000008005904                _realloc_r
 .text.__fpclassifyd
                0x0000000008005cf0       0x58 /Developer/Eclipse/gcc-arm-none-eabi-4_9-2014q4/bin/../lib/gcc/arm-none-eabi/4.9.3/../../../../arm-none-eabi/lib/armv7e-m/libg.a(lib_a-s_fpclassify.o)
                0x0000000008005cf0                __fpclassifyd
 .text._sbrk_r  0x0000000008005d48       0x24 /Developer/Eclipse/gcc-arm-none-eabi-4_9-2014q4/bin/../lib/gcc/arm-none-eabi/4.9.3/../../../../arm-none-eabi/lib/armv7e-m/libg.a(lib_a-sbrkr.o)
                0x0000000008005d48                _sbrk_r
 .text.__sread  0x0000000008005d6c       0x24 /Developer/Eclipse/gcc-arm-none-eabi-4_9-2014q4/bin/../lib/gcc/arm-none-eabi/4.9.3/../../../../arm-none-eabi/lib/armv7e-m/libg.a(lib_a-stdio.o)
                0x0000000008005d6c                __sread
 .text.__swrite
                0x0000000008005d90       0x38 /Developer/Eclipse/gcc-arm-none-eabi-4_9-2014q4/bin/../lib/gcc/arm-none-eabi/4.9.3/../../../../arm-none-eabi/lib/armv7e-m/libg.a(lib_a-stdio.o)
                0x0000000008005d90                __swrite
 .text.__sseek  0x0000000008005dc8       0x20 /Developer/Eclipse/gcc-arm-none-eabi-4_9-2014q4/bin/../lib/gcc/arm-none-eabi/4.9.3/../../../../arm-none-eabi/lib/armv7e-m/libg.a(lib_a-stdio.o)
                0x0000000008005dc8                __sseek
 .text.__sclose
                0x0000000008005de8        0x8 /Developer/Eclipse/gcc-arm-none-eabi-4_9-2014q4/bin/../lib/gcc/arm-none-eabi/4.9.3/../../../../arm-none-eabi/lib/armv7e-m/libg.a(lib_a-stdio.o)
                0x0000000008005de8                __sclose
 .text.__sprint_r.part.0
                0x0000000008005df0       0x78 /Developer/Eclipse/gcc-arm-none-eabi-4_9-2014q4/bin/../lib/gcc/arm-none-eabi/4.9.3/../../../../arm-none-eabi/lib/armv7e-m/libg.a(lib_a-vfiprintf.o)
 .text.__sprint_r
                0x0000000008005e68       0x18 /Developer/Eclipse/gcc-arm-none-eabi-4_9-2014q4/bin/../lib/gcc/arm-none-eabi/4.9.3/../../../../arm-none-eabi/lib/armv7e-m/libg.a(lib_a-vfiprintf.o)
                0x0000000008005e68                __sprint_r
 .text._write_r
                0x0000000008005e80       0x28 /Developer/Eclipse/gcc-arm-none-eabi-4_9-2014q4/bin/../lib/gcc/arm-none-eabi/4.9.3/../../../../arm-none-eabi/lib/armv7e-m/libg.a(lib_a-writer.o)
                0x0000000008005e80                _write_r
 .text._calloc_r
                0x0000000008005ea8       0x60 /Developer/Eclipse/gcc-arm-none-eabi-4_9-2014q4/bin/../lib/gcc/arm-none-eabi/4.9.3/../../../../arm-none-eabi/lib/armv7e-m/libg.a(lib_a-callocr.o)
                0x0000000008005ea8                _calloc_r
 .text._close_r
                0x0000000008005f08       0x24 /Developer/Eclipse/gcc-arm-none-eabi-4_9-2014q4/bin/../lib/gcc/arm-none-eabi/4.9.3/../../../../arm-none-eabi/lib/armv7e-m/libg.a(lib_a-closer.o)
                0x0000000008005f08                _close_r
 .text._fclose_r
                0x0000000008005f2c       0x84 /Developer/Eclipse/gcc-arm-none-eabi-4_9-2014q4/bin/../lib/gcc/arm-none-eabi/4.9.3/../../../../arm-none-eabi/lib/armv7e-m/libg.a(lib_a-fclose.o)
                0x0000000008005f2c                _fclose_r
 .text._fputwc_r
                0x0000000008005fb0       0xc4 /Developer/Eclipse/gcc-arm-none-eabi-4_9-2014q4/bin/../lib/gcc/arm-none-eabi/4.9.3/../../../../arm-none-eabi/lib/armv7e-m/libg.a(lib_a-fputwc.o)
                0x0000000008005fb0                _fputwc_r
 .text._fstat_r
                0x0000000008006074       0x28 /Developer/Eclipse/gcc-arm-none-eabi-4_9-2014q4/bin/../lib/gcc/arm-none-eabi/4.9.3/../../../../arm-none-eabi/lib/armv7e-m/libg.a(lib_a-fstatr.o)
                0x0000000008006074                _fstat_r
 .text._isatty_r
                0x000000000800609c       0x24 /Developer/Eclipse/gcc-arm-none-eabi-4_9-2014q4/bin/../lib/gcc/arm-none-eabi/4.9.3/../../../../arm-none-eabi/lib/armv7e-m/libg.a(lib_a-isattyr.o)
                0x000000000800609c                _isatty_r
 .text._lseek_r
                0x00000000080060c0       0x28 /Developer/Eclipse/gcc-arm-none-eabi-4_9-2014q4/bin/../lib/gcc/arm-none-eabi/4.9.3/../../../../arm-none-eabi/lib/armv7e-m/libg.a(lib_a-lseekr.o)
                0x00000000080060c0                _lseek_r
 .text._read_r  0x00000000080060e8       0x28 /Developer/Eclipse/gcc-arm-none-eabi-4_9-2014q4/bin/../lib/gcc/arm-none-eabi/4.9.3/../../../../arm-none-eabi/lib/armv7e-m/libg.a(lib_a-readr.o)
                0x00000000080060e8                _read_r
 .text.__swbuf_r
                0x0000000008006110       0xa8 /Developer/Eclipse/gcc-arm-none-eabi-4_9-2014q4/bin/../lib/gcc/arm-none-eabi/4.9.3/../../../../arm-none-eabi/lib/armv7e-m/libg.a(lib_a-wbuf.o)
                0x0000000008006110                __swbuf_r
 .text._wcrtomb_r
                0x00000000080061b8       0x54 /Developer/Eclipse/gcc-arm-none-eabi-4_9-2014q4/bin/../lib/gcc/arm-none-eabi/4.9.3/../../../../arm-none-eabi/lib/armv7e-m/libg.a(lib_a-wcrtomb.o)
                0x00000000080061b8                _wcrtomb_r
 .text.__ascii_wctomb
                0x000000000800620c       0x1c /Developer/Eclipse/gcc-arm-none-eabi-4_9-2014q4/bin/../lib/gcc/arm-none-eabi/4.9.3/../../../../arm-none-eabi/lib/armv7e-m/libg.a(lib_a-wctomb_r.o)
                0x000000000800620c                __ascii_wctomb
 .text          0x0000000008006228      0x370 /Developer/Eclipse/gcc-arm-none-eabi-4_9-2014q4/bin/../lib/gcc/arm-none-eabi/4.9.3/armv7e-m/libgcc.a(_arm_addsubdf3.o)
                0x0000000008006228                __aeabi_drsub
                0x0000000008006230                __subdf3
                0x0000000008006230                __aeabi_dsub
                0x0000000008006234                __aeabi_dadd
                0x0000000008006234                __adddf3
                0x00000000080064ac                __aeabi_ui2d
                0x00000000080064ac                __floatunsidf
                0x00000000080064cc                __floatsidf
                0x00000000080064cc                __aeabi_i2d
                0x00000000080064f0                __extendsfdf2
                0x00000000080064f0                __aeabi_f2d
                0x000000000800652c                __aeabi_ul2d
                0x000000000800652c                __floatundidf
                0x000000000800653c                __aeabi_l2d
                0x000000000800653c                __floatdidf
 .text          0x0000000008006598      0x424 /Developer/Eclipse/gcc-arm-none-eabi-4_9-2014q4/bin/../lib/gcc/arm-none-eabi/4.9.3/armv7e-m/libgcc.a(_arm_muldivdf3.o)
                0x0000000008006598                __aeabi_dmul
                0x0000000008006598                __muldf3
                0x00000000080067ec                __aeabi_ddiv
                0x00000000080067ec                __divdf3
 .text          0x00000000080069bc      0x110 /Developer/Eclipse/gcc-arm-none-eabi-4_9-2014q4/bin/../lib/gcc/arm-none-eabi/4.9.3/armv7e-m/libgcc.a(_arm_cmpdf2.o)
                0x00000000080069bc                __gtdf2
                0x00000000080069bc                __gedf2
                0x00000000080069c4                __ltdf2
                0x00000000080069c4                __ledf2
                0x00000000080069cc                __eqdf2
                0x00000000080069cc                __nedf2
                0x00000000080069cc                __cmpdf2
                0x0000000008006a48                __aeabi_cdrcmple
                0x0000000008006a58                __aeabi_cdcmple
                0x0000000008006a58                __aeabi_cdcmpeq
                0x0000000008006a68                __aeabi_dcmpeq
                0x0000000008006a7c                __aeabi_dcmplt
                0x0000000008006a90                __aeabi_dcmple
                0x0000000008006aa4                __aeabi_dcmpge
                0x0000000008006ab8                __aeabi_dcmpgt
 .text          0x0000000008006acc       0x50 /Developer/Eclipse/gcc-arm-none-eabi-4_9-2014q4/bin/../lib/gcc/arm-none-eabi/4.9.3/armv7e-m/libgcc.a(_arm_fixdfsi.o)
                0x0000000008006acc                __fixdfsi
                0x0000000008006acc                __aeabi_d2iz
 .text          0x0000000008006b1c       0x2c /Developer/Eclipse/gcc-arm-none-eabi-4_9-2014q4/bin/../lib/gcc/arm-none-eabi/4.9.3/armv7e-m/libgcc.a(_aeabi_uldivmod.o)
                0x0000000008006b1c                __aeabi_uldivmod
 .text          0x0000000008006b48       0x60 /Developer/Eclipse/gcc-arm-none-eabi-4_9-2014q4/bin/../lib/gcc/arm-none-eabi/4.9.3/armv7e-m/libgcc.a(bpabi.o)
                0x0000000008006b48                __gnu_ldivmod_helper
                0x0000000008006b78                __gnu_uldivmod_helper
 .text          0x0000000008006ba8        0x4 /Developer/Eclipse/gcc-arm-none-eabi-4_9-2014q4/bin/../lib/gcc/arm-none-eabi/4.9.3/armv7e-m/libgcc.a(_dvmd_tls.o)
                0x0000000008006ba8                __aeabi_ldiv0
                0x0000000008006ba8                __aeabi_idiv0
 .text          0x0000000008006bac      0x29c /Developer/Eclipse/gcc-arm-none-eabi-4_9-2014q4/bin/../lib/gcc/arm-none-eabi/4.9.3/armv7e-m/libgcc.a(_divdi3.o)
                0x0000000008006bac                __divdi3
 .text          0x0000000008006e48      0x26c /Developer/Eclipse/gcc-arm-none-eabi-4_9-2014q4/bin/../lib/gcc/arm-none-eabi/4.9.3/armv7e-m/libgcc.a(_udivdi3.o)
                0x0000000008006e48                __udivdi3
 *(.rodata .rodata.*)
 .rodata        0x00000000080070b4       0x1c ./src/main.o
 .rodata        0x00000000080070d0       0x28 ./src/uart.o
 .rodata        0x00000000080070f8        0x8 ./libs/misc/src/newlib_stubs.o
 .rodata.str1.4
                0x0000000008007100        0x2 /Developer/Eclipse/gcc-arm-none-eabi-4_9-2014q4/bin/../lib/gcc/arm-none-eabi/4.9.3/../../../../arm-none-eabi/lib/armv7e-m/libg.a(lib_a-impure.o)
                                          0x4 (size before relaxing)
 *fill*         0x0000000008007102        0x2 
 .rodata.str1.4
                0x0000000008007104        0x2 /Developer/Eclipse/gcc-arm-none-eabi-4_9-2014q4/bin/../lib/gcc/arm-none-eabi/4.9.3/../../../../arm-none-eabi/lib/armv7e-m/libg.a(lib_a-puts.o)
                                          0x4 (size before relaxing)
 *fill*         0x0000000008007106        0x2 
 .rodata.zeroes.6810
                0x0000000008007108       0x10 /Developer/Eclipse/gcc-arm-none-eabi-4_9-2014q4/bin/../lib/gcc/arm-none-eabi/4.9.3/../../../../arm-none-eabi/lib/armv7e-m/libg.a(lib_a-vfprintf.o)
 .rodata.str1.4
                0x0000000008007118       0x42 /Developer/Eclipse/gcc-arm-none-eabi-4_9-2014q4/bin/../lib/gcc/arm-none-eabi/4.9.3/../../../../arm-none-eabi/lib/armv7e-m/libg.a(lib_a-vfprintf.o)
                                         0x44 (size before relaxing)
 *fill*         0x000000000800715a        0x2 
 .rodata.blanks.6809
                0x000000000800715c       0x10 /Developer/Eclipse/gcc-arm-none-eabi-4_9-2014q4/bin/../lib/gcc/arm-none-eabi/4.9.3/../../../../arm-none-eabi/lib/armv7e-m/libg.a(lib_a-vfprintf.o)
 .rodata.str1.4
                0x000000000800716c       0x10 /Developer/Eclipse/gcc-arm-none-eabi-4_9-2014q4/bin/../lib/gcc/arm-none-eabi/4.9.3/../../../../arm-none-eabi/lib/armv7e-m/libg.a(lib_a-dtoa.o)
                                         0x14 (size before relaxing)
 .rodata.str1.4
                0x000000000800717c        0xc /Developer/Eclipse/gcc-arm-none-eabi-4_9-2014q4/bin/../lib/gcc/arm-none-eabi/4.9.3/../../../../arm-none-eabi/lib/armv7e-m/libg.a(lib_a-locale.o)
                                         0x14 (size before relaxing)
 .rodata.__mprec_tens
                0x0000000008007188       0xc8 /Developer/Eclipse/gcc-arm-none-eabi-4_9-2014q4/bin/../lib/gcc/arm-none-eabi/4.9.3/../../../../arm-none-eabi/lib/armv7e-m/libg.a(lib_a-mprec.o)
                0x0000000008007188                __mprec_tens
 .rodata.__mprec_bigtens
                0x0000000008007250       0x28 /Developer/Eclipse/gcc-arm-none-eabi-4_9-2014q4/bin/../lib/gcc/arm-none-eabi/4.9.3/../../../../arm-none-eabi/lib/armv7e-m/libg.a(lib_a-mprec.o)
                0x0000000008007250                __mprec_bigtens
 .rodata.p05.5265
                0x0000000008007278        0xc /Developer/Eclipse/gcc-arm-none-eabi-4_9-2014q4/bin/../lib/gcc/arm-none-eabi/4.9.3/../../../../arm-none-eabi/lib/armv7e-m/libg.a(lib_a-mprec.o)
 *(.eh_frame*)
 .eh_frame      0x0000000008007284        0x0 /Developer/Eclipse/gcc-arm-none-eabi-4_9-2014q4/bin/../lib/gcc/arm-none-eabi/4.9.3/../../../../arm-none-eabi/lib/armv7e-m/libg.a(lib_a-strcmp.o)
                                         0x70 (size before relaxing)
 *(.glue_7)
 .glue_7        0x0000000000000000        0x0 linker stubs
 *(.glue_7t)
 .glue_7t       0x0000000000000000        0x0 linker stubs

.vfp11_veneer   0x0000000008007284        0x0
 .vfp11_veneer  0x0000000000000000        0x0 linker stubs

.v4_bx          0x0000000008007284        0x0
 .v4_bx         0x0000000000000000        0x0 linker stubs

.iplt           0x0000000008007284        0x0
 .iplt          0x0000000000000000        0x0 ./src/delay.o

.ARM.extab
 *(.ARM.extab* .gnu.linkonce.armextab.*)
                0x0000000008007284                __exidx_start = .

.ARM.exidx      0x0000000008007284        0x8
 *(.ARM.exidx* .gnu.linkonce.armexidx.*)
 .ARM.exidx     0x0000000008007284        0x8 /Developer/Eclipse/gcc-arm-none-eabi-4_9-2014q4/bin/../lib/gcc/arm-none-eabi/4.9.3/armv7e-m/libgcc.a(_divdi3.o)
 .ARM.exidx     0x000000000800728c        0x0 /Developer/Eclipse/gcc-arm-none-eabi-4_9-2014q4/bin/../lib/gcc/arm-none-eabi/4.9.3/armv7e-m/libgcc.a(_udivdi3.o)
                                          0x8 (size before relaxing)
                0x000000000800728c                __exidx_end = .

.rel.dyn        0x000000000800728c        0x0
 .rel.iplt      0x0000000000000000        0x0 ./src/delay.o
                0x000000000800728c                . = ALIGN (0x4)
                0x000000000800728c                _etext = .
                0x000000000800728c                _sidata = _etext

.ROarraySection
 *(.ROarraySection .ROarraySection.*)

.data           0x0000000020000000      0x8dc load address 0x000000000800728c
                0x0000000020000000                . = ALIGN (0x4)
                0x0000000020000000                _sdata = .
                0x0000000020000000                __data_start__ = .
 *(vtable)
 *(EXCLUDE_FILE(*rdimon-crt0.o) .data .data.*)
 .data.led_portList
                0x0000000020000000       0x14 ./src/leds.o
                0x0000000020000000                led_portList
 .data.led_pinList
                0x0000000020000014       0x14 ./src/leds.o
                0x0000000020000014                led_pinList
 .data.SystemCoreClock
                0x0000000020000028        0x4 ./libs/cmsis/src/system_stm32f4xx.o
                0x0000000020000028                SystemCoreClock
 .data.APBAHBPrescTable
                0x000000002000002c       0x10 ./libs/StdPeriph/src/stm32f4xx_rcc.o
 *fill*         0x000000002000003c        0x4 
 .data.impure_data
                0x0000000020000040      0x428 /Developer/Eclipse/gcc-arm-none-eabi-4_9-2014q4/bin/../lib/gcc/arm-none-eabi/4.9.3/../../../../arm-none-eabi/lib/armv7e-m/libg.a(lib_a-impure.o)
 .data._impure_ptr
                0x0000000020000468        0x4 /Developer/Eclipse/gcc-arm-none-eabi-4_9-2014q4/bin/../lib/gcc/arm-none-eabi/4.9.3/../../../../arm-none-eabi/lib/armv7e-m/libg.a(lib_a-impure.o)
                0x0000000020000468                _impure_ptr
 .data.lconv    0x000000002000046c       0x38 /Developer/Eclipse/gcc-arm-none-eabi-4_9-2014q4/bin/../lib/gcc/arm-none-eabi/4.9.3/../../../../arm-none-eabi/lib/armv7e-m/libg.a(lib_a-locale.o)
 .data.lc_ctype_charset
                0x00000000200004a4       0x20 /Developer/Eclipse/gcc-arm-none-eabi-4_9-2014q4/bin/../lib/gcc/arm-none-eabi/4.9.3/../../../../arm-none-eabi/lib/armv7e-m/libg.a(lib_a-locale.o)
 .data.__mb_cur_max
                0x00000000200004c4        0x4 /Developer/Eclipse/gcc-arm-none-eabi-4_9-2014q4/bin/../lib/gcc/arm-none-eabi/4.9.3/../../../../arm-none-eabi/lib/armv7e-m/libg.a(lib_a-locale.o)
                0x00000000200004c4                __mb_cur_max
 .data.__malloc_av_
                0x00000000200004c8      0x408 /Developer/Eclipse/gcc-arm-none-eabi-4_9-2014q4/bin/../lib/gcc/arm-none-eabi/4.9.3/../../../../arm-none-eabi/lib/armv7e-m/libg.a(lib_a-mallocr.o)
                0x00000000200004c8                __malloc_av_
 .data.__malloc_trim_threshold
                0x00000000200008d0        0x4 /Developer/Eclipse/gcc-arm-none-eabi-4_9-2014q4/bin/../lib/gcc/arm-none-eabi/4.9.3/../../../../arm-none-eabi/lib/armv7e-m/libg.a(lib_a-mallocr.o)
                0x00000000200008d0                __malloc_trim_threshold
 .data.__malloc_sbrk_base
                0x00000000200008d4        0x4 /Developer/Eclipse/gcc-arm-none-eabi-4_9-2014q4/bin/../lib/gcc/arm-none-eabi/4.9.3/../../../../arm-none-eabi/lib/armv7e-m/libg.a(lib_a-mallocr.o)
                0x00000000200008d4                __malloc_sbrk_base
 .data.__wctomb
                0x00000000200008d8        0x4 /Developer/Eclipse/gcc-arm-none-eabi-4_9-2014q4/bin/../lib/gcc/arm-none-eabi/4.9.3/../../../../arm-none-eabi/lib/armv7e-m/libg.a(lib_a-wctomb_r.o)
                0x00000000200008d8                __wctomb
                0x00000000200008dc                . = ALIGN (0x4)
                0x00000000200008dc                _edata = .
                0x00000000200008dc                __data_end__ = .

.igot.plt       0x00000000200008dc        0x0 load address 0x0000000008007b68
 .igot.plt      0x0000000000000000        0x0 ./src/delay.o

.bss            0x00000000200008dc       0x40 load address 0x0000000008007b68
                0x00000000200008dc                . = ALIGN (0x4)
 *rdimon-crt0.o(.data)
                0x00000000200008dc                . = ALIGN (0x4)
                0x00000000200008dc                __bss_start__ = .
                0x00000000200008dc                _sbss = .
 *(.bss .bss.*)
 .bss.delay_microBuffer
                0x00000000200008dc        0x4 ./src/delay.o
 .bss.current_heap_end.4302
                0x00000000200008e0        0x4 ./libs/misc/src/_sbrk.o
 .bss.__malloc_max_total_mem
                0x00000000200008e4        0x4 /Developer/Eclipse/gcc-arm-none-eabi-4_9-2014q4/bin/../lib/gcc/arm-none-eabi/4.9.3/../../../../arm-none-eabi/lib/armv7e-m/libg.a(lib_a-mallocr.o)
                0x00000000200008e4                __malloc_max_total_mem
 .bss.__malloc_max_sbrked_mem
                0x00000000200008e8        0x4 /Developer/Eclipse/gcc-arm-none-eabi-4_9-2014q4/bin/../lib/gcc/arm-none-eabi/4.9.3/../../../../arm-none-eabi/lib/armv7e-m/libg.a(lib_a-mallocr.o)
                0x00000000200008e8                __malloc_max_sbrked_mem
 .bss.__malloc_top_pad
                0x00000000200008ec        0x4 /Developer/Eclipse/gcc-arm-none-eabi-4_9-2014q4/bin/../lib/gcc/arm-none-eabi/4.9.3/../../../../arm-none-eabi/lib/armv7e-m/libg.a(lib_a-mallocr.o)
                0x00000000200008ec                __malloc_top_pad
 .bss.__malloc_current_mallinfo
                0x00000000200008f0       0x28 /Developer/Eclipse/gcc-arm-none-eabi-4_9-2014q4/bin/../lib/gcc/arm-none-eabi/4.9.3/../../../../arm-none-eabi/lib/armv7e-m/libg.a(lib_a-mallocr.o)
                0x00000000200008f0                __malloc_current_mallinfo
 *(COMMON)
 COMMON         0x0000000020000918        0x4 /Developer/Eclipse/gcc-arm-none-eabi-4_9-2014q4/bin/../lib/gcc/arm-none-eabi/4.9.3/../../../../arm-none-eabi/lib/armv7e-m/libg.a(lib_a-reent.o)
                0x0000000020000918                errno
                0x000000002000091c                . = ALIGN (0x4)
                0x000000002000091c                __bss_end__ = .
                0x000000002000091c                _ebss = .

.noinit         0x000000002000091c        0x0
                0x000000002000091c                . = ALIGN (0x4)
                0x000000002000091c                _noinit = .
 *(.noinit .noinit.*)
                0x000000002000091c                . = ALIGN (0x4)
                0x000000002000091c                _end_noinit = .
                0x000000002000091c                PROVIDE (end, _end_noinit)
                0x000000002000091c                PROVIDE (_end, _end_noinit)
                0x000000002000091c                PROVIDE (__end, _end_noinit)
                0x000000002000091c                PROVIDE (__end__, _end_noinit)

._check_stack   0x000000002000091c      0x100 load address 0x0000000008007ba8
                0x000000002000091c                . = ALIGN (0x4)
                0x0000000020000a1c                . = (. + _Minimum_Stack_Size)
 *fill*         0x000000002000091c      0x100 
                0x0000000020000a1c                . = ALIGN (0x4)

.bss_CCMRAM
 *(.bss.CCMRAM .bss.CCMRAM.*)

.b1text
 *(.b1text)
 *(.b1rodata)
 *(.b1rodata.*)

.eb0text
 *(.eb0text)
 *(.eb0rodata)
 *(.eb0rodata.*)

.eb1text
 *(.eb1text)
 *(.eb1rodata)
 *(.eb1rodata.*)

.eb2text
 *(.eb2text)
 *(.eb2rodata)
 *(.eb2rodata.*)

.eb3text
 *(.eb3text)
 *(.eb3rodata)
 *(.eb3rodata.*)

.stab
 *(.stab)

.stabstr
 *(.stabstr)

.stab.excl
 *(.stab.excl)

.stab.exclstr
 *(.stab.exclstr)

.stab.index
 *(.stab.index)

.stab.indexstr
 *(.stab.indexstr)

.comment        0x0000000000000000       0x70
 *(.comment)
 .comment       0x0000000000000000       0x70 ./src/delay.o
                                         0x71 (size before relaxing)
 .comment       0x0000000000000000       0x71 ./src/gpio.o
 .comment       0x0000000000000000       0x71 ./src/initialization.o
 .comment       0x0000000000000000       0x71 ./src/interrupts.o
 .comment       0x0000000000000000       0x71 ./src/leds.o
 .comment       0x0000000000000000       0x71 ./src/main.o
 .comment       0x0000000000000000       0x71 ./src/nvic.o
 .comment       0x0000000000000000       0x71 ./src/pushbuttons.o
 .comment       0x0000000000000000       0x71 ./src/rcc.o
 .comment       0x0000000000000000       0x71 ./src/uart.o
 .comment       0x0000000000000000       0x71 ./libs/misc/src/_sbrk.o
 .comment       0x0000000000000000       0x71 ./libs/misc/src/newlib_stubs.o
 .comment       0x0000000000000000       0x71 ./libs/cmsis/src/startup_cm.o
 .comment       0x0000000000000000       0x71 ./libs/cmsis/src/system_stm32f4xx.o
 .comment       0x0000000000000000       0x71 ./libs/cmsis/src/vectors_stm32f4xx.o
 .comment       0x0000000000000000       0x71 ./libs/StdPeriph/src/misc.o
 .comment       0x0000000000000000       0x71 ./libs/StdPeriph/src/stm32f4xx_exti.o
 .comment       0x0000000000000000       0x71 ./libs/StdPeriph/src/stm32f4xx_gpio.o
 .comment       0x0000000000000000       0x71 ./libs/StdPeriph/src/stm32f4xx_rcc.o
 .comment       0x0000000000000000       0x71 ./libs/StdPeriph/src/stm32f4xx_syscfg.o
 .comment       0x0000000000000000       0x71 ./libs/StdPeriph/src/stm32f4xx_usart.o

.ARM.attributes
                0x0000000000000000       0x31
 .ARM.attributes
                0x0000000000000000       0x33 ./src/delay.o
 .ARM.attributes
                0x0000000000000033       0x33 ./src/gpio.o
 .ARM.attributes
                0x0000000000000066       0x33 ./src/initialization.o
 .ARM.attributes
                0x0000000000000099       0x33 ./src/interrupts.o
 .ARM.attributes
                0x00000000000000cc       0x33 ./src/leds.o
 .ARM.attributes
                0x00000000000000ff       0x33 ./src/main.o
 .ARM.attributes
                0x0000000000000132       0x33 ./src/nvic.o
 .ARM.attributes
                0x0000000000000165       0x33 ./src/pushbuttons.o
 .ARM.attributes
                0x0000000000000198       0x33 ./src/rcc.o
 .ARM.attributes
                0x00000000000001cb       0x33 ./src/uart.o
 .ARM.attributes
                0x00000000000001fe       0x33 ./libs/misc/src/_sbrk.o
 .ARM.attributes
                0x0000000000000231       0x33 ./libs/misc/src/newlib_stubs.o
 .ARM.attributes
                0x0000000000000264       0x33 ./libs/cmsis/src/startup_cm.o
 .ARM.attributes
                0x0000000000000297       0x33 ./libs/cmsis/src/system_stm32f4xx.o
 .ARM.attributes
                0x00000000000002ca       0x33 ./libs/cmsis/src/vectors_stm32f4xx.o
 .ARM.attributes
                0x00000000000002fd       0x33 ./libs/StdPeriph/src/misc.o
 .ARM.attributes
                0x0000000000000330       0x33 ./libs/StdPeriph/src/stm32f4xx_exti.o
 .ARM.attributes
                0x0000000000000363       0x33 ./libs/StdPeriph/src/stm32f4xx_gpio.o
 .ARM.attributes
                0x0000000000000396       0x33 ./libs/StdPeriph/src/stm32f4xx_rcc.o
 .ARM.attributes
                0x00000000000003c9       0x33 ./libs/StdPeriph/src/stm32f4xx_syscfg.o
 .ARM.attributes
                0x00000000000003fc       0x33 ./libs/StdPeriph/src/stm32f4xx_usart.o
 .ARM.attributes
                0x000000000000042f       0x2e /Developer/Eclipse/gcc-arm-none-eabi-4_9-2014q4/bin/../lib/gcc/arm-none-eabi/4.9.3/../../../../arm-none-eabi/lib/armv7e-m/libg.a(lib_a-errno.o)
 .ARM.attributes
                0x000000000000045d       0x2e /Developer/Eclipse/gcc-arm-none-eabi-4_9-2014q4/bin/../lib/gcc/arm-none-eabi/4.9.3/../../../../arm-none-eabi/lib/armv7e-m/libg.a(lib_a-impure.o)
 .ARM.attributes
                0x000000000000048b       0x2e /Developer/Eclipse/gcc-arm-none-eabi-4_9-2014q4/bin/../lib/gcc/arm-none-eabi/4.9.3/../../../../arm-none-eabi/lib/armv7e-m/libg.a(lib_a-printf.o)
 .ARM.attributes
                0x00000000000004b9       0x2e /Developer/Eclipse/gcc-arm-none-eabi-4_9-2014q4/bin/../lib/gcc/arm-none-eabi/4.9.3/../../../../arm-none-eabi/lib/armv7e-m/libg.a(lib_a-puts.o)
 .ARM.attributes
                0x00000000000004e7       0x2e /Developer/Eclipse/gcc-arm-none-eabi-4_9-2014q4/bin/../lib/gcc/arm-none-eabi/4.9.3/../../../../arm-none-eabi/lib/armv7e-m/libg.a(lib_a-reent.o)
 .ARM.attributes
                0x0000000000000515       0x2e /Developer/Eclipse/gcc-arm-none-eabi-4_9-2014q4/bin/../lib/gcc/arm-none-eabi/4.9.3/../../../../arm-none-eabi/lib/armv7e-m/libg.a(lib_a-setvbuf.o)
 .ARM.attributes
                0x0000000000000543       0x2e /Developer/Eclipse/gcc-arm-none-eabi-4_9-2014q4/bin/../lib/gcc/arm-none-eabi/4.9.3/../../../../arm-none-eabi/lib/armv7e-m/libg.a(lib_a-strlen.o)
 .ARM.attributes
                0x0000000000000571       0x2e /Developer/Eclipse/gcc-arm-none-eabi-4_9-2014q4/bin/../lib/gcc/arm-none-eabi/4.9.3/../../../../arm-none-eabi/lib/armv7e-m/libg.a(lib_a-vfprintf.o)
 .ARM.attributes
                0x000000000000059f       0x2e /Developer/Eclipse/gcc-arm-none-eabi-4_9-2014q4/bin/../lib/gcc/arm-none-eabi/4.9.3/../../../../arm-none-eabi/lib/armv7e-m/libg.a(lib_a-wsetup.o)
 .ARM.attributes
                0x00000000000005cd       0x2e /Developer/Eclipse/gcc-arm-none-eabi-4_9-2014q4/bin/../lib/gcc/arm-none-eabi/4.9.3/../../../../arm-none-eabi/lib/armv7e-m/libg.a(lib_a-dtoa.o)
 .ARM.attributes
                0x00000000000005fb       0x2e /Developer/Eclipse/gcc-arm-none-eabi-4_9-2014q4/bin/../lib/gcc/arm-none-eabi/4.9.3/../../../../arm-none-eabi/lib/armv7e-m/libg.a(lib_a-fflush.o)
 .ARM.attributes
                0x0000000000000629       0x2e /Developer/Eclipse/gcc-arm-none-eabi-4_9-2014q4/bin/../lib/gcc/arm-none-eabi/4.9.3/../../../../arm-none-eabi/lib/armv7e-m/libg.a(lib_a-findfp.o)
 .ARM.attributes
                0x0000000000000657       0x2e /Developer/Eclipse/gcc-arm-none-eabi-4_9-2014q4/bin/../lib/gcc/arm-none-eabi/4.9.3/../../../../arm-none-eabi/lib/armv7e-m/libg.a(lib_a-freer.o)
 .ARM.attributes
                0x0000000000000685       0x2e /Developer/Eclipse/gcc-arm-none-eabi-4_9-2014q4/bin/../lib/gcc/arm-none-eabi/4.9.3/../../../../arm-none-eabi/lib/armv7e-m/libg.a(lib_a-fvwrite.o)
 .ARM.attributes
                0x00000000000006b3       0x2e /Developer/Eclipse/gcc-arm-none-eabi-4_9-2014q4/bin/../lib/gcc/arm-none-eabi/4.9.3/../../../../arm-none-eabi/lib/armv7e-m/libg.a(lib_a-fwalk.o)
 .ARM.attributes
                0x00000000000006e1       0x2e /Developer/Eclipse/gcc-arm-none-eabi-4_9-2014q4/bin/../lib/gcc/arm-none-eabi/4.9.3/../../../../arm-none-eabi/lib/armv7e-m/libg.a(lib_a-locale.o)
 .ARM.attributes
                0x000000000000070f       0x2e /Developer/Eclipse/gcc-arm-none-eabi-4_9-2014q4/bin/../lib/gcc/arm-none-eabi/4.9.3/../../../../arm-none-eabi/lib/armv7e-m/libg.a(lib_a-makebuf.o)
 .ARM.attributes
                0x000000000000073d       0x2e /Developer/Eclipse/gcc-arm-none-eabi-4_9-2014q4/bin/../lib/gcc/arm-none-eabi/4.9.3/../../../../arm-none-eabi/lib/armv7e-m/libg.a(lib_a-malloc.o)
 .ARM.attributes
                0x000000000000076b       0x2e /Developer/Eclipse/gcc-arm-none-eabi-4_9-2014q4/bin/../lib/gcc/arm-none-eabi/4.9.3/../../../../arm-none-eabi/lib/armv7e-m/libg.a(lib_a-mallocr.o)
 .ARM.attributes
                0x0000000000000799       0x2e /Developer/Eclipse/gcc-arm-none-eabi-4_9-2014q4/bin/../lib/gcc/arm-none-eabi/4.9.3/../../../../arm-none-eabi/lib/armv7e-m/libg.a(lib_a-memchr.o)
 .ARM.attributes
                0x00000000000007c7       0x1c /Developer/Eclipse/gcc-arm-none-eabi-4_9-2014q4/bin/../lib/gcc/arm-none-eabi/4.9.3/../../../../arm-none-eabi/lib/armv7e-m/libg.a(lib_a-memcpy.o)
 .ARM.attributes
                0x00000000000007e3       0x2e /Developer/Eclipse/gcc-arm-none-eabi-4_9-2014q4/bin/../lib/gcc/arm-none-eabi/4.9.3/../../../../arm-none-eabi/lib/armv7e-m/libg.a(lib_a-memmove.o)
 .ARM.attributes
                0x0000000000000811       0x2e /Developer/Eclipse/gcc-arm-none-eabi-4_9-2014q4/bin/../lib/gcc/arm-none-eabi/4.9.3/../../../../arm-none-eabi/lib/armv7e-m/libg.a(lib_a-memset.o)
 .ARM.attributes
                0x000000000000083f       0x2e /Developer/Eclipse/gcc-arm-none-eabi-4_9-2014q4/bin/../lib/gcc/arm-none-eabi/4.9.3/../../../../arm-none-eabi/lib/armv7e-m/libg.a(lib_a-mlock.o)
 .ARM.attributes
                0x000000000000086d       0x2e /Developer/Eclipse/gcc-arm-none-eabi-4_9-2014q4/bin/../lib/gcc/arm-none-eabi/4.9.3/../../../../arm-none-eabi/lib/armv7e-m/libg.a(lib_a-mprec.o)
 .ARM.attributes
                0x000000000000089b       0x2e /Developer/Eclipse/gcc-arm-none-eabi-4_9-2014q4/bin/../lib/gcc/arm-none-eabi/4.9.3/../../../../arm-none-eabi/lib/armv7e-m/libg.a(lib_a-reallocr.o)
 .ARM.attributes
                0x00000000000008c9       0x2e /Developer/Eclipse/gcc-arm-none-eabi-4_9-2014q4/bin/../lib/gcc/arm-none-eabi/4.9.3/../../../../arm-none-eabi/lib/armv7e-m/libg.a(lib_a-s_fpclassify.o)
 .ARM.attributes
                0x00000000000008f7       0x2e /Developer/Eclipse/gcc-arm-none-eabi-4_9-2014q4/bin/../lib/gcc/arm-none-eabi/4.9.3/../../../../arm-none-eabi/lib/armv7e-m/libg.a(lib_a-sbrkr.o)
 .ARM.attributes
                0x0000000000000925       0x2e /Developer/Eclipse/gcc-arm-none-eabi-4_9-2014q4/bin/../lib/gcc/arm-none-eabi/4.9.3/../../../../arm-none-eabi/lib/armv7e-m/libg.a(lib_a-stdio.o)
 .ARM.attributes
                0x0000000000000953       0x1c /Developer/Eclipse/gcc-arm-none-eabi-4_9-2014q4/bin/../lib/gcc/arm-none-eabi/4.9.3/../../../../arm-none-eabi/lib/armv7e-m/libg.a(lib_a-strcmp.o)
 .ARM.attributes
                0x000000000000096f       0x2e /Developer/Eclipse/gcc-arm-none-eabi-4_9-2014q4/bin/../lib/gcc/arm-none-eabi/4.9.3/../../../../arm-none-eabi/lib/armv7e-m/libg.a(lib_a-vfiprintf.o)
 .ARM.attributes
                0x000000000000099d       0x2e /Developer/Eclipse/gcc-arm-none-eabi-4_9-2014q4/bin/../lib/gcc/arm-none-eabi/4.9.3/../../../../arm-none-eabi/lib/armv7e-m/libg.a(lib_a-writer.o)
 .ARM.attributes
                0x00000000000009cb       0x2e /Developer/Eclipse/gcc-arm-none-eabi-4_9-2014q4/bin/../lib/gcc/arm-none-eabi/4.9.3/../../../../arm-none-eabi/lib/armv7e-m/libg.a(lib_a-callocr.o)
 .ARM.attributes
                0x00000000000009f9       0x2e /Developer/Eclipse/gcc-arm-none-eabi-4_9-2014q4/bin/../lib/gcc/arm-none-eabi/4.9.3/../../../../arm-none-eabi/lib/armv7e-m/libg.a(lib_a-closer.o)
 .ARM.attributes
                0x0000000000000a27       0x2e /Developer/Eclipse/gcc-arm-none-eabi-4_9-2014q4/bin/../lib/gcc/arm-none-eabi/4.9.3/../../../../arm-none-eabi/lib/armv7e-m/libg.a(lib_a-fclose.o)
 .ARM.attributes
                0x0000000000000a55       0x2e /Developer/Eclipse/gcc-arm-none-eabi-4_9-2014q4/bin/../lib/gcc/arm-none-eabi/4.9.3/../../../../arm-none-eabi/lib/armv7e-m/libg.a(lib_a-fputwc.o)
 .ARM.attributes
                0x0000000000000a83       0x2e /Developer/Eclipse/gcc-arm-none-eabi-4_9-2014q4/bin/../lib/gcc/arm-none-eabi/4.9.3/../../../../arm-none-eabi/lib/armv7e-m/libg.a(lib_a-fstatr.o)
 .ARM.attributes
                0x0000000000000ab1       0x2e /Developer/Eclipse/gcc-arm-none-eabi-4_9-2014q4/bin/../lib/gcc/arm-none-eabi/4.9.3/../../../../arm-none-eabi/lib/armv7e-m/libg.a(lib_a-isattyr.o)
 .ARM.attributes
                0x0000000000000adf       0x2e /Developer/Eclipse/gcc-arm-none-eabi-4_9-2014q4/bin/../lib/gcc/arm-none-eabi/4.9.3/../../../../arm-none-eabi/lib/armv7e-m/libg.a(lib_a-lseekr.o)
 .ARM.attributes
                0x0000000000000b0d       0x2e /Developer/Eclipse/gcc-arm-none-eabi-4_9-2014q4/bin/../lib/gcc/arm-none-eabi/4.9.3/../../../../arm-none-eabi/lib/armv7e-m/libg.a(lib_a-readr.o)
 .ARM.attributes
                0x0000000000000b3b       0x2e /Developer/Eclipse/gcc-arm-none-eabi-4_9-2014q4/bin/../lib/gcc/arm-none-eabi/4.9.3/../../../../arm-none-eabi/lib/armv7e-m/libg.a(lib_a-wbuf.o)
 .ARM.attributes
                0x0000000000000b69       0x2e /Developer/Eclipse/gcc-arm-none-eabi-4_9-2014q4/bin/../lib/gcc/arm-none-eabi/4.9.3/../../../../arm-none-eabi/lib/armv7e-m/libg.a(lib_a-wcrtomb.o)
 .ARM.attributes
                0x0000000000000b97       0x2e /Developer/Eclipse/gcc-arm-none-eabi-4_9-2014q4/bin/../lib/gcc/arm-none-eabi/4.9.3/../../../../arm-none-eabi/lib/armv7e-m/libg.a(lib_a-wctomb_r.o)
 .ARM.attributes
                0x0000000000000bc5       0x1e /Developer/Eclipse/gcc-arm-none-eabi-4_9-2014q4/bin/../lib/gcc/arm-none-eabi/4.9.3/armv7e-m/libgcc.a(_arm_addsubdf3.o)
 .ARM.attributes
                0x0000000000000be3       0x1e /Developer/Eclipse/gcc-arm-none-eabi-4_9-2014q4/bin/../lib/gcc/arm-none-eabi/4.9.3/armv7e-m/libgcc.a(_arm_muldivdf3.o)
 .ARM.attributes
                0x0000000000000c01       0x1e /Developer/Eclipse/gcc-arm-none-eabi-4_9-2014q4/bin/../lib/gcc/arm-none-eabi/4.9.3/armv7e-m/libgcc.a(_arm_cmpdf2.o)
 .ARM.attributes
                0x0000000000000c1f       0x1e /Developer/Eclipse/gcc-arm-none-eabi-4_9-2014q4/bin/../lib/gcc/arm-none-eabi/4.9.3/armv7e-m/libgcc.a(_arm_fixdfsi.o)
 .ARM.attributes
                0x0000000000000c3d       0x1e /Developer/Eclipse/gcc-arm-none-eabi-4_9-2014q4/bin/../lib/gcc/arm-none-eabi/4.9.3/armv7e-m/libgcc.a(_aeabi_uldivmod.o)
 .ARM.attributes
                0x0000000000000c5b       0x2e /Developer/Eclipse/gcc-arm-none-eabi-4_9-2014q4/bin/../lib/gcc/arm-none-eabi/4.9.3/armv7e-m/libgcc.a(bpabi.o)
 .ARM.attributes
                0x0000000000000c89       0x1e /Developer/Eclipse/gcc-arm-none-eabi-4_9-2014q4/bin/../lib/gcc/arm-none-eabi/4.9.3/armv7e-m/libgcc.a(_dvmd_tls.o)
 .ARM.attributes
                0x0000000000000ca7       0x2e /Developer/Eclipse/gcc-arm-none-eabi-4_9-2014q4/bin/../lib/gcc/arm-none-eabi/4.9.3/armv7e-m/libgcc.a(_divdi3.o)
 .ARM.attributes
                0x0000000000000cd5       0x2e /Developer/Eclipse/gcc-arm-none-eabi-4_9-2014q4/bin/../lib/gcc/arm-none-eabi/4.9.3/armv7e-m/libgcc.a(_udivdi3.o)

.debug
 *(.debug)

.line
 *(.line)

.debug_srcinfo
 *(.debug_srcinfo)

.debug_sfnames
 *(.debug_sfnames)

.debug_aranges  0x0000000000000000      0x7d0
 *(.debug_aranges)
 .debug_aranges
                0x0000000000000000       0x40 ./src/delay.o
 .debug_aranges
                0x0000000000000040       0x38 ./src/gpio.o
 .debug_aranges
                0x0000000000000078       0x20 ./src/initialization.o
 .debug_aranges
                0x0000000000000098       0x70 ./src/interrupts.o
 .debug_aranges
                0x0000000000000108       0x38 ./src/leds.o
 .debug_aranges
                0x0000000000000140       0x20 ./src/main.o
 .debug_aranges
                0x0000000000000160       0x20 ./src/nvic.o
 .debug_aranges
                0x0000000000000180       0x50 ./src/pushbuttons.o
 .debug_aranges
                0x00000000000001d0       0x28 ./src/rcc.o
 .debug_aranges
                0x00000000000001f8       0x28 ./src/uart.o
 .debug_aranges
                0x0000000000000220       0x20 ./libs/misc/src/_sbrk.o
 .debug_aranges
                0x0000000000000240       0x98 ./libs/misc/src/newlib_stubs.o
 .debug_aranges
                0x00000000000002d8       0x38 ./libs/cmsis/src/startup_cm.o
 .debug_aranges
                0x0000000000000310       0x30 ./libs/cmsis/src/system_stm32f4xx.o
 .debug_aranges
                0x0000000000000340       0x68 ./libs/cmsis/src/vectors_stm32f4xx.o
 .debug_aranges
                0x00000000000003a8       0x40 ./libs/StdPeriph/src/misc.o
 .debug_aranges
                0x00000000000003e8       0x58 ./libs/StdPeriph/src/stm32f4xx_exti.o
 .debug_aranges
                0x0000000000000440       0x88 ./libs/StdPeriph/src/stm32f4xx_gpio.o
 .debug_aranges
                0x00000000000004c8      0x1b8 ./libs/StdPeriph/src/stm32f4xx_rcc.o
 .debug_aranges
                0x0000000000000680       0x50 ./libs/StdPeriph/src/stm32f4xx_syscfg.o
 .debug_aranges
                0x00000000000006d0      0x100 ./libs/StdPeriph/src/stm32f4xx_usart.o

.debug_pubnames
 *(.debug_pubnames)

.debug_info     0x0000000000000000     0x64db
 *(.debug_info .gnu.linkonce.wi.*)
 .debug_info    0x0000000000000000      0x6f5 ./src/delay.o
 .debug_info    0x00000000000006f5      0x710 ./src/gpio.o
 .debug_info    0x0000000000000e05       0xe9 ./src/initialization.o
 .debug_info    0x0000000000000eee      0x193 ./src/interrupts.o
 .debug_info    0x0000000000001081      0x346 ./src/leds.o
 .debug_info    0x00000000000013c7      0x122 ./src/main.o
 .debug_info    0x00000000000014e9      0x168 ./src/nvic.o
 .debug_info    0x0000000000001651      0x2ec ./src/pushbuttons.o
 .debug_info    0x000000000000193d      0x2dd ./src/rcc.o
 .debug_info    0x0000000000001c1a      0xe15 ./src/uart.o
 .debug_info    0x0000000000002a2f      0x109 ./libs/misc/src/_sbrk.o
 .debug_info    0x0000000000002b38      0x710 ./libs/misc/src/newlib_stubs.o
 .debug_info    0x0000000000003248      0x29c ./libs/cmsis/src/startup_cm.o
 .debug_info    0x00000000000034e4      0x5c4 ./libs/cmsis/src/system_stm32f4xx.o
 .debug_info    0x0000000000003aa8      0x135 ./libs/cmsis/src/vectors_stm32f4xx.o
 .debug_info    0x0000000000003bdd      0x545 ./libs/StdPeriph/src/misc.o
 .debug_info    0x0000000000004122      0x340 ./libs/StdPeriph/src/stm32f4xx_exti.o
 .debug_info    0x0000000000004462      0x60d ./libs/StdPeriph/src/stm32f4xx_gpio.o
 .debug_info    0x0000000000004a6f      0xe0a ./libs/StdPeriph/src/stm32f4xx_rcc.o
 .debug_info    0x0000000000005879      0x298 ./libs/StdPeriph/src/stm32f4xx_syscfg.o
 .debug_info    0x0000000000005b11      0x9ca ./libs/StdPeriph/src/stm32f4xx_usart.o

.debug_abbrev   0x0000000000000000     0x18da
 *(.debug_abbrev)
 .debug_abbrev  0x0000000000000000      0x1b8 ./src/delay.o
 .debug_abbrev  0x00000000000001b8      0x165 ./src/gpio.o
 .debug_abbrev  0x000000000000031d       0x79 ./src/initialization.o
 .debug_abbrev  0x0000000000000396       0x91 ./src/interrupts.o
 .debug_abbrev  0x0000000000000427      0x15b ./src/leds.o
 .debug_abbrev  0x0000000000000582       0xa0 ./src/main.o
 .debug_abbrev  0x0000000000000622       0xc9 ./src/nvic.o
 .debug_abbrev  0x00000000000006eb       0xfe ./src/pushbuttons.o
 .debug_abbrev  0x00000000000007e9       0xe4 ./src/rcc.o
 .debug_abbrev  0x00000000000008cd      0x201 ./src/uart.o
 .debug_abbrev  0x0000000000000ace       0x8e ./libs/misc/src/_sbrk.o
 .debug_abbrev  0x0000000000000b5c      0x19e ./libs/misc/src/newlib_stubs.o
 .debug_abbrev  0x0000000000000cfa      0x128 ./libs/cmsis/src/startup_cm.o
 .debug_abbrev  0x0000000000000e22      0x13b ./libs/cmsis/src/system_stm32f4xx.o
 .debug_abbrev  0x0000000000000f5d       0x92 ./libs/cmsis/src/vectors_stm32f4xx.o
 .debug_abbrev  0x0000000000000fef      0x14a ./libs/StdPeriph/src/misc.o
 .debug_abbrev  0x0000000000001139      0x1aa ./libs/StdPeriph/src/stm32f4xx_exti.o
 .debug_abbrev  0x00000000000012e3      0x1a8 ./libs/StdPeriph/src/stm32f4xx_gpio.o
 .debug_abbrev  0x000000000000148b      0x1bf ./libs/StdPeriph/src/stm32f4xx_rcc.o
 .debug_abbrev  0x000000000000164a      0x136 ./libs/StdPeriph/src/stm32f4xx_syscfg.o
 .debug_abbrev  0x0000000000001780      0x15a ./libs/StdPeriph/src/stm32f4xx_usart.o

.debug_line     0x0000000000000000     0x6a4d
 *(.debug_line)
 .debug_line    0x0000000000000000      0x4e2 ./src/delay.o
 .debug_line    0x00000000000004e2      0x4e8 ./src/gpio.o
 .debug_line    0x00000000000009ca      0x594 ./src/initialization.o
 .debug_line    0x0000000000000f5e      0x647 ./src/interrupts.o
 .debug_line    0x00000000000015a5      0x528 ./src/leds.o
 .debug_line    0x0000000000001acd      0x5d2 ./src/main.o
 .debug_line    0x000000000000209f      0x476 ./src/nvic.o
 .debug_line    0x0000000000002515      0x556 ./src/pushbuttons.o
 .debug_line    0x0000000000002a6b      0x4a5 ./src/rcc.o
 .debug_line    0x0000000000002f10      0x571 ./src/uart.o
 .debug_line    0x0000000000003481      0x23c ./libs/misc/src/_sbrk.o
 .debug_line    0x00000000000036bd      0x6dd ./libs/misc/src/newlib_stubs.o
 .debug_line    0x0000000000003d9a      0x28c ./libs/cmsis/src/startup_cm.o
 .debug_line    0x0000000000004026      0x4fa ./libs/cmsis/src/system_stm32f4xx.o
 .debug_line    0x0000000000004520       0x93 ./libs/cmsis/src/vectors_stm32f4xx.o
 .debug_line    0x00000000000045b3      0x4d2 ./libs/StdPeriph/src/misc.o
 .debug_line    0x0000000000004a85      0x51f ./libs/StdPeriph/src/stm32f4xx_exti.o
 .debug_line    0x0000000000004fa4      0x5cc ./libs/StdPeriph/src/stm32f4xx_gpio.o
 .debug_line    0x0000000000005570      0x8cc ./libs/StdPeriph/src/stm32f4xx_rcc.o
 .debug_line    0x0000000000005e3c      0x4fa ./libs/StdPeriph/src/stm32f4xx_syscfg.o
 .debug_line    0x0000000000006336      0x717 ./libs/StdPeriph/src/stm32f4xx_usart.o

.debug_frame    0x0000000000000000     0x2c28
 *(.debug_frame)
 .debug_frame   0x0000000000000000       0xc0 ./src/delay.o
 .debug_frame   0x00000000000000c0       0xa4 ./src/gpio.o
 .debug_frame   0x0000000000000164       0x2c ./src/initialization.o
 .debug_frame   0x0000000000000190      0x144 ./src/interrupts.o
 .debug_frame   0x00000000000002d4       0xa0 ./src/leds.o
 .debug_frame   0x0000000000000374       0x30 ./src/main.o
 .debug_frame   0x00000000000003a4       0x34 ./src/nvic.o
 .debug_frame   0x00000000000003d8       0xdc ./src/pushbuttons.o
 .debug_frame   0x00000000000004b4       0x58 ./src/rcc.o
 .debug_frame   0x000000000000050c       0x58 ./src/uart.o
 .debug_frame   0x0000000000000564       0x34 ./libs/misc/src/_sbrk.o
 .debug_frame   0x0000000000000598      0x278 ./libs/misc/src/newlib_stubs.o
 .debug_frame   0x0000000000000810       0x9c ./libs/cmsis/src/startup_cm.o
 .debug_frame   0x00000000000008ac       0x7c ./libs/cmsis/src/system_stm32f4xx.o
 .debug_frame   0x0000000000000928      0x100 ./libs/cmsis/src/vectors_stm32f4xx.o
 .debug_frame   0x0000000000000a28       0xd8 ./libs/StdPeriph/src/misc.o
 .debug_frame   0x0000000000000b00      0x148 ./libs/StdPeriph/src/stm32f4xx_exti.o
 .debug_frame   0x0000000000000c48      0x23c ./libs/StdPeriph/src/stm32f4xx_gpio.o
 .debug_frame   0x0000000000000e84      0x814 ./libs/StdPeriph/src/stm32f4xx_rcc.o
 .debug_frame   0x0000000000001698      0x11c ./libs/StdPeriph/src/stm32f4xx_syscfg.o
 .debug_frame   0x00000000000017b4      0x490 ./libs/StdPeriph/src/stm32f4xx_usart.o
 .debug_frame   0x0000000000001c44       0x20 /Developer/Eclipse/gcc-arm-none-eabi-4_9-2014q4/bin/../lib/gcc/arm-none-eabi/4.9.3/../../../../arm-none-eabi/lib/armv7e-m/libg.a(lib_a-errno.o)
 .debug_frame   0x0000000000001c64       0x74 /Developer/Eclipse/gcc-arm-none-eabi-4_9-2014q4/bin/../lib/gcc/arm-none-eabi/4.9.3/../../../../arm-none-eabi/lib/armv7e-m/libg.a(lib_a-printf.o)
 .debug_frame   0x0000000000001cd8       0x44 /Developer/Eclipse/gcc-arm-none-eabi-4_9-2014q4/bin/../lib/gcc/arm-none-eabi/4.9.3/../../../../arm-none-eabi/lib/armv7e-m/libg.a(lib_a-puts.o)
 .debug_frame   0x0000000000001d1c       0x58 /Developer/Eclipse/gcc-arm-none-eabi-4_9-2014q4/bin/../lib/gcc/arm-none-eabi/4.9.3/../../../../arm-none-eabi/lib/armv7e-m/libg.a(lib_a-reent.o)
 .debug_frame   0x0000000000001d74       0x30 /Developer/Eclipse/gcc-arm-none-eabi-4_9-2014q4/bin/../lib/gcc/arm-none-eabi/4.9.3/../../../../arm-none-eabi/lib/armv7e-m/libg.a(lib_a-setvbuf.o)
 .debug_frame   0x0000000000001da4       0x20 /Developer/Eclipse/gcc-arm-none-eabi-4_9-2014q4/bin/../lib/gcc/arm-none-eabi/4.9.3/../../../../arm-none-eabi/lib/armv7e-m/libg.a(lib_a-strlen.o)
 .debug_frame   0x0000000000001dc4       0x90 /Developer/Eclipse/gcc-arm-none-eabi-4_9-2014q4/bin/../lib/gcc/arm-none-eabi/4.9.3/../../../../arm-none-eabi/lib/armv7e-m/libg.a(lib_a-vfprintf.o)
 .debug_frame   0x0000000000001e54       0x2c /Developer/Eclipse/gcc-arm-none-eabi-4_9-2014q4/bin/../lib/gcc/arm-none-eabi/4.9.3/../../../../arm-none-eabi/lib/armv7e-m/libg.a(lib_a-wsetup.o)
 .debug_frame   0x0000000000001e80       0x88 /Developer/Eclipse/gcc-arm-none-eabi-4_9-2014q4/bin/../lib/gcc/arm-none-eabi/4.9.3/../../../../arm-none-eabi/lib/armv7e-m/libg.a(lib_a-dtoa.o)
 .debug_frame   0x0000000000001f08       0x6c /Developer/Eclipse/gcc-arm-none-eabi-4_9-2014q4/bin/../lib/gcc/arm-none-eabi/4.9.3/../../../../arm-none-eabi/lib/armv7e-m/libg.a(lib_a-fflush.o)
 .debug_frame   0x0000000000001f74      0x124 /Developer/Eclipse/gcc-arm-none-eabi-4_9-2014q4/bin/../lib/gcc/arm-none-eabi/4.9.3/../../../../arm-none-eabi/lib/armv7e-m/libg.a(lib_a-findfp.o)
 .debug_frame   0x0000000000002098       0x74 /Developer/Eclipse/gcc-arm-none-eabi-4_9-2014q4/bin/../lib/gcc/arm-none-eabi/4.9.3/../../../../arm-none-eabi/lib/armv7e-m/libg.a(lib_a-freer.o)
 .debug_frame   0x000000000000210c       0x68 /Developer/Eclipse/gcc-arm-none-eabi-4_9-2014q4/bin/../lib/gcc/arm-none-eabi/4.9.3/../../../../arm-none-eabi/lib/armv7e-m/libg.a(lib_a-fvwrite.o)
 .debug_frame   0x0000000000002174       0x54 /Developer/Eclipse/gcc-arm-none-eabi-4_9-2014q4/bin/../lib/gcc/arm-none-eabi/4.9.3/../../../../arm-none-eabi/lib/armv7e-m/libg.a(lib_a-fwalk.o)
 .debug_frame   0x00000000000021c8       0x9c /Developer/Eclipse/gcc-arm-none-eabi-4_9-2014q4/bin/../lib/gcc/arm-none-eabi/4.9.3/../../../../arm-none-eabi/lib/armv7e-m/libg.a(lib_a-locale.o)
 .debug_frame   0x0000000000002264       0x48 /Developer/Eclipse/gcc-arm-none-eabi-4_9-2014q4/bin/../lib/gcc/arm-none-eabi/4.9.3/../../../../arm-none-eabi/lib/armv7e-m/libg.a(lib_a-makebuf.o)
 .debug_frame   0x00000000000022ac       0x30 /Developer/Eclipse/gcc-arm-none-eabi-4_9-2014q4/bin/../lib/gcc/arm-none-eabi/4.9.3/../../../../arm-none-eabi/lib/armv7e-m/libg.a(lib_a-malloc.o)
 .debug_frame   0x00000000000022dc       0x58 /Developer/Eclipse/gcc-arm-none-eabi-4_9-2014q4/bin/../lib/gcc/arm-none-eabi/4.9.3/../../../../arm-none-eabi/lib/armv7e-m/libg.a(lib_a-mallocr.o)
 .debug_frame   0x0000000000002334       0x3c /Developer/Eclipse/gcc-arm-none-eabi-4_9-2014q4/bin/../lib/gcc/arm-none-eabi/4.9.3/../../../../arm-none-eabi/lib/armv7e-m/libg.a(lib_a-memchr.o)
 .debug_frame   0x0000000000002370       0x30 /Developer/Eclipse/gcc-arm-none-eabi-4_9-2014q4/bin/../lib/gcc/arm-none-eabi/4.9.3/../../../../arm-none-eabi/lib/armv7e-m/libg.a(lib_a-memmove.o)
 .debug_frame   0x00000000000023a0       0x34 /Developer/Eclipse/gcc-arm-none-eabi-4_9-2014q4/bin/../lib/gcc/arm-none-eabi/4.9.3/../../../../arm-none-eabi/lib/armv7e-m/libg.a(lib_a-memset.o)
 .debug_frame   0x00000000000023d4       0x30 /Developer/Eclipse/gcc-arm-none-eabi-4_9-2014q4/bin/../lib/gcc/arm-none-eabi/4.9.3/../../../../arm-none-eabi/lib/armv7e-m/libg.a(lib_a-mlock.o)
 .debug_frame   0x0000000000002404      0x268 /Developer/Eclipse/gcc-arm-none-eabi-4_9-2014q4/bin/../lib/gcc/arm-none-eabi/4.9.3/../../../../arm-none-eabi/lib/armv7e-m/libg.a(lib_a-mprec.o)
 .debug_frame   0x000000000000266c       0x60 /Developer/Eclipse/gcc-arm-none-eabi-4_9-2014q4/bin/../lib/gcc/arm-none-eabi/4.9.3/../../../../arm-none-eabi/lib/armv7e-m/libg.a(lib_a-reallocr.o)
 .debug_frame   0x00000000000026cc       0x34 /Developer/Eclipse/gcc-arm-none-eabi-4_9-2014q4/bin/../lib/gcc/arm-none-eabi/4.9.3/../../../../arm-none-eabi/lib/armv7e-m/libg.a(lib_a-s_fpclassify.o)
 .debug_frame   0x0000000000002700       0x2c /Developer/Eclipse/gcc-arm-none-eabi-4_9-2014q4/bin/../lib/gcc/arm-none-eabi/4.9.3/../../../../arm-none-eabi/lib/armv7e-m/libg.a(lib_a-sbrkr.o)
 .debug_frame   0x000000000000272c       0x88 /Developer/Eclipse/gcc-arm-none-eabi-4_9-2014q4/bin/../lib/gcc/arm-none-eabi/4.9.3/../../../../arm-none-eabi/lib/armv7e-m/libg.a(lib_a-stdio.o)
 .debug_frame   0x00000000000027b4       0xd8 /Developer/Eclipse/gcc-arm-none-eabi-4_9-2014q4/bin/../lib/gcc/arm-none-eabi/4.9.3/../../../../arm-none-eabi/lib/armv7e-m/libg.a(lib_a-vfiprintf.o)
 .debug_frame   0x000000000000288c       0x2c /Developer/Eclipse/gcc-arm-none-eabi-4_9-2014q4/bin/../lib/gcc/arm-none-eabi/4.9.3/../../../../arm-none-eabi/lib/armv7e-m/libg.a(lib_a-writer.o)
 .debug_frame   0x00000000000028b8       0x28 /Developer/Eclipse/gcc-arm-none-eabi-4_9-2014q4/bin/../lib/gcc/arm-none-eabi/4.9.3/../../../../arm-none-eabi/lib/armv7e-m/libg.a(lib_a-callocr.o)
 .debug_frame   0x00000000000028e0       0x2c /Developer/Eclipse/gcc-arm-none-eabi-4_9-2014q4/bin/../lib/gcc/arm-none-eabi/4.9.3/../../../../arm-none-eabi/lib/armv7e-m/libg.a(lib_a-closer.o)
 .debug_frame   0x000000000000290c       0x44 /Developer/Eclipse/gcc-arm-none-eabi-4_9-2014q4/bin/../lib/gcc/arm-none-eabi/4.9.3/../../../../arm-none-eabi/lib/armv7e-m/libg.a(lib_a-fclose.o)
 .debug_frame   0x0000000000002950       0x68 /Developer/Eclipse/gcc-arm-none-eabi-4_9-2014q4/bin/../lib/gcc/arm-none-eabi/4.9.3/../../../../arm-none-eabi/lib/armv7e-m/libg.a(lib_a-fputwc.o)
 .debug_frame   0x00000000000029b8       0x2c /Developer/Eclipse/gcc-arm-none-eabi-4_9-2014q4/bin/../lib/gcc/arm-none-eabi/4.9.3/../../../../arm-none-eabi/lib/armv7e-m/libg.a(lib_a-fstatr.o)
 .debug_frame   0x00000000000029e4       0x2c /Developer/Eclipse/gcc-arm-none-eabi-4_9-2014q4/bin/../lib/gcc/arm-none-eabi/4.9.3/../../../../arm-none-eabi/lib/armv7e-m/libg.a(lib_a-isattyr.o)
 .debug_frame   0x0000000000002a10       0x2c /Developer/Eclipse/gcc-arm-none-eabi-4_9-2014q4/bin/../lib/gcc/arm-none-eabi/4.9.3/../../../../arm-none-eabi/lib/armv7e-m/libg.a(lib_a-lseekr.o)
 .debug_frame   0x0000000000002a3c       0x2c /Developer/Eclipse/gcc-arm-none-eabi-4_9-2014q4/bin/../lib/gcc/arm-none-eabi/4.9.3/../../../../arm-none-eabi/lib/armv7e-m/libg.a(lib_a-readr.o)
 .debug_frame   0x0000000000002a68       0x3c /Developer/Eclipse/gcc-arm-none-eabi-4_9-2014q4/bin/../lib/gcc/arm-none-eabi/4.9.3/../../../../arm-none-eabi/lib/armv7e-m/libg.a(lib_a-wbuf.o)
 .debug_frame   0x0000000000002aa4       0x60 /Developer/Eclipse/gcc-arm-none-eabi-4_9-2014q4/bin/../lib/gcc/arm-none-eabi/4.9.3/../../../../arm-none-eabi/lib/armv7e-m/libg.a(lib_a-wcrtomb.o)
 .debug_frame   0x0000000000002b04       0x48 /Developer/Eclipse/gcc-arm-none-eabi-4_9-2014q4/bin/../lib/gcc/arm-none-eabi/4.9.3/../../../../arm-none-eabi/lib/armv7e-m/libg.a(lib_a-wctomb_r.o)
 .debug_frame   0x0000000000002b4c       0x28 /Developer/Eclipse/gcc-arm-none-eabi-4_9-2014q4/bin/../lib/gcc/arm-none-eabi/4.9.3/armv7e-m/libgcc.a(_aeabi_uldivmod.o)
 .debug_frame   0x0000000000002b74       0x50 /Developer/Eclipse/gcc-arm-none-eabi-4_9-2014q4/bin/../lib/gcc/arm-none-eabi/4.9.3/armv7e-m/libgcc.a(bpabi.o)
 .debug_frame   0x0000000000002bc4       0x34 /Developer/Eclipse/gcc-arm-none-eabi-4_9-2014q4/bin/../lib/gcc/arm-none-eabi/4.9.3/armv7e-m/libgcc.a(_divdi3.o)
 .debug_frame   0x0000000000002bf8       0x30 /Developer/Eclipse/gcc-arm-none-eabi-4_9-2014q4/bin/../lib/gcc/arm-none-eabi/4.9.3/armv7e-m/libgcc.a(_udivdi3.o)

.debug_str      0x0000000000000000    0x652b6
 *(.debug_str)
 .debug_str     0x0000000000000000    0x5d9a7 ./src/delay.o
                                      0x5db48 (size before relaxing)
 .debug_str     0x000000000005d9a7      0x2d1 ./src/gpio.o
                                      0x5dd36 (size before relaxing)
 .debug_str     0x000000000005dc78     0x39f9 ./src/initialization.o
                                      0x60f70 (size before relaxing)
 .debug_str     0x0000000000061671       0xda ./src/interrupts.o
                                      0x61008 (size before relaxing)
 .debug_str     0x000000000006174b       0x70 ./src/leds.o
                                      0x5e194 (size before relaxing)
 .debug_str     0x00000000000617bb       0x60 ./src/main.o
                                      0x60fb1 (size before relaxing)
 .debug_str     0x000000000006181b       0x55 ./src/nvic.o
                                      0x5d553 (size before relaxing)
 .debug_str     0x0000000000061870      0x14a ./src/pushbuttons.o
                                      0x5e2ba (size before relaxing)
 .debug_str     0x00000000000619ba       0x65 ./src/rcc.o
                                      0x5d5ac (size before relaxing)
 .debug_str     0x0000000000061a1f      0x466 ./src/uart.o
                                      0x61a6d (size before relaxing)
 .debug_str     0x0000000000061e85      0x4d2 ./libs/misc/src/_sbrk.o
                                       0x4572 (size before relaxing)
 .debug_str     0x0000000000062357     0x1464 ./libs/misc/src/newlib_stubs.o
                                      0x620e2 (size before relaxing)
 .debug_str     0x00000000000637bb      0x133 ./libs/cmsis/src/startup_cm.o
                                       0x35e2 (size before relaxing)
 .debug_str     0x00000000000638ee      0x1c2 ./libs/cmsis/src/system_stm32f4xx.o
                                      0x5d74b (size before relaxing)
 .debug_str     0x0000000000063ab0       0x4b ./libs/cmsis/src/vectors_stm32f4xx.o
                                       0x2606 (size before relaxing)
 .debug_str     0x0000000000063afb      0x123 ./libs/StdPeriph/src/misc.o
                                      0x5d734 (size before relaxing)
 .debug_str     0x0000000000063c1e      0x109 ./libs/StdPeriph/src/stm32f4xx_exti.o
                                      0x5d6aa (size before relaxing)
 .debug_str     0x0000000000063d27      0x168 ./libs/StdPeriph/src/stm32f4xx_gpio.o
                                      0x5d7dc (size before relaxing)
 .debug_str     0x0000000000063e8f      0xc46 ./libs/StdPeriph/src/stm32f4xx_rcc.o
                                      0x5e298 (size before relaxing)
 .debug_str     0x0000000000064ad5      0x347 ./libs/StdPeriph/src/stm32f4xx_syscfg.o
                                      0x5d837 (size before relaxing)
 .debug_str     0x0000000000064e1c      0x49a ./libs/StdPeriph/src/stm32f4xx_usart.o
                                      0x5daef (size before relaxing)

.debug_loc
 *(.debug_loc)

.debug_macinfo
 *(.debug_macinfo)

.debug_weaknames
 *(.debug_weaknames)

.debug_funcnames
 *(.debug_funcnames)

.debug_typenames
 *(.debug_typenames)

.debug_varnames
 *(.debug_varnames)
OUTPUT(ECW4011 - STM32F4 - Analog Datalogger REV B on ALT0061.elf elf32-littlearm)

.debug_ranges   0x0000000000000000      0x680
 .debug_ranges  0x0000000000000000       0x30 ./src/delay.o
 .debug_ranges  0x0000000000000030       0x28 ./src/gpio.o
 .debug_ranges  0x0000000000000058       0x10 ./src/initialization.o
 .debug_ranges  0x0000000000000068       0x60 ./src/interrupts.o
 .debug_ranges  0x00000000000000c8       0x28 ./src/leds.o
 .debug_ranges  0x00000000000000f0       0x10 ./src/main.o
 .debug_ranges  0x0000000000000100       0x10 ./src/nvic.o
 .debug_ranges  0x0000000000000110       0x40 ./src/pushbuttons.o
 .debug_ranges  0x0000000000000150       0x18 ./src/rcc.o
 .debug_ranges  0x0000000000000168       0x18 ./src/uart.o
 .debug_ranges  0x0000000000000180       0x10 ./libs/misc/src/_sbrk.o
 .debug_ranges  0x0000000000000190       0x88 ./libs/misc/src/newlib_stubs.o
 .debug_ranges  0x0000000000000218       0x28 ./libs/cmsis/src/startup_cm.o
 .debug_ranges  0x0000000000000240       0x20 ./libs/cmsis/src/system_stm32f4xx.o
 .debug_ranges  0x0000000000000260       0x58 ./libs/cmsis/src/vectors_stm32f4xx.o
 .debug_ranges  0x00000000000002b8       0x30 ./libs/StdPeriph/src/misc.o
 .debug_ranges  0x00000000000002e8       0x48 ./libs/StdPeriph/src/stm32f4xx_exti.o
 .debug_ranges  0x0000000000000330       0x78 ./libs/StdPeriph/src/stm32f4xx_gpio.o
 .debug_ranges  0x00000000000003a8      0x1a8 ./libs/StdPeriph/src/stm32f4xx_rcc.o
 .debug_ranges  0x0000000000000550       0x40 ./libs/StdPeriph/src/stm32f4xx_syscfg.o
 .debug_ranges  0x0000000000000590       0xf0 ./libs/StdPeriph/src/stm32f4xx_usart.o

.debug_macro    0x0000000000000000    0x1315d
 .debug_macro   0x0000000000000000      0x1ae ./src/delay.o
 .debug_macro   0x00000000000001ae      0x886 ./src/delay.o
 .debug_macro   0x0000000000000a34       0x5e ./src/delay.o
 .debug_macro   0x0000000000000a92       0x3b ./src/delay.o
 .debug_macro   0x0000000000000acd       0x22 ./src/delay.o
 .debug_macro   0x0000000000000aef       0x44 ./src/delay.o
 .debug_macro   0x0000000000000b33       0x1c ./src/delay.o
 .debug_macro   0x0000000000000b4f      0x1f7 ./src/delay.o
 .debug_macro   0x0000000000000d46       0x2d ./src/delay.o
 .debug_macro   0x0000000000000d73       0x42 ./src/delay.o
 .debug_macro   0x0000000000000db5      0xd39 ./src/delay.o
 .debug_macro   0x0000000000001aee     0x8bb0 ./src/delay.o
 .debug_macro   0x000000000000a69e      0x44f ./src/delay.o
 .debug_macro   0x000000000000aaed       0xb2 ./src/delay.o
 .debug_macro   0x000000000000ab9f      0x477 ./src/delay.o
 .debug_macro   0x000000000000b016       0xae ./src/delay.o
 .debug_macro   0x000000000000b0c4      0x41c ./src/delay.o
 .debug_macro   0x000000000000b4e0      0x2bc ./src/delay.o
 .debug_macro   0x000000000000b79c      0x2bb ./src/delay.o
 .debug_macro   0x000000000000ba57       0x64 ./src/delay.o
 .debug_macro   0x000000000000babb       0xe7 ./src/delay.o
 .debug_macro   0x000000000000bba2      0x62f ./src/delay.o
 .debug_macro   0x000000000000c1d1      0x57b ./src/delay.o
 .debug_macro   0x000000000000c74c      0x342 ./src/delay.o
 .debug_macro   0x000000000000ca8e      0x36c ./src/delay.o
 .debug_macro   0x000000000000cdfa       0xf7 ./src/delay.o
 .debug_macro   0x000000000000cef1      0x73b ./src/delay.o
 .debug_macro   0x000000000000d62c      0x223 ./src/delay.o
 .debug_macro   0x000000000000d84f       0x34 ./src/delay.o
 .debug_macro   0x000000000000d883       0x82 ./src/delay.o
 .debug_macro   0x000000000000d905      0x144 ./src/delay.o
 .debug_macro   0x000000000000da49       0xc3 ./src/delay.o
 .debug_macro   0x000000000000db0c       0x40 ./src/delay.o
 .debug_macro   0x000000000000db4c      0x3cf ./src/delay.o
 .debug_macro   0x000000000000df1b      0x188 ./src/delay.o
 .debug_macro   0x000000000000e0a3      0x149 ./src/delay.o
 .debug_macro   0x000000000000e1ec      0x279 ./src/delay.o
 .debug_macro   0x000000000000e465       0x35 ./src/delay.o
 .debug_macro   0x000000000000e49a      0x1bc ./src/gpio.o
 .debug_macro   0x000000000000e656      0x2d1 ./src/initialization.o
 .debug_macro   0x000000000000e927       0x10 ./src/initialization.o
 .debug_macro   0x000000000000e937      0x2e6 ./src/initialization.o
 .debug_macro   0x000000000000ec1d       0x58 ./src/initialization.o
 .debug_macro   0x000000000000ec75       0x35 ./src/initialization.o
 .debug_macro   0x000000000000ecaa       0x9c ./src/initialization.o