Archive member included because of file (symbol)

/Developer/Eclipse/gcc-arm-none-eabi-4_9-2014q4/bin/../lib/gcc/arm-none-eabi/4.9.3/armv7e-m/libgcc.a(_aeabi_uldivmod.o)
                              ./src/delay.o (__aeabi_uldivmod)
/Developer/Eclipse/gcc-arm-none-eabi-4_9-2014q4/bin/../lib/gcc/arm-none-eabi/4.9.3/armv7e-m/libgcc.a(bpabi.o)
                              /Developer/Eclipse/gcc-arm-none-eabi-4_9-2014q4/bin/../lib/gcc/arm-none-eabi/4.9.3/armv7e-m/libgcc.a(_aeabi_uldivmod.o) (__gnu_uldivmod_helper)
/Developer/Eclipse/gcc-arm-none-eabi-4_9-2014q4/bin/../lib/gcc/arm-none-eabi/4.9.3/armv7e-m/libgcc.a(_dvmd_tls.o)
                              /Developer/Eclipse/gcc-arm-none-eabi-4_9-2014q4/bin/../lib/gcc/arm-none-eabi/4.9.3/armv7e-m/libgcc.a(_aeabi_uldivmod.o) (__aeabi_ldiv0)
/Developer/Eclipse/gcc-arm-none-eabi-4_9-2014q4/bin/../lib/gcc/arm-none-eabi/4.9.3/armv7e-m/libgcc.a(_divdi3.o)
                              /Developer/Eclipse/gcc-arm-none-eabi-4_9-2014q4/bin/../lib/gcc/arm-none-eabi/4.9.3/armv7e-m/libgcc.a(bpabi.o) (__divdi3)
/Developer/Eclipse/gcc-arm-none-eabi-4_9-2014q4/bin/../lib/gcc/arm-none-eabi/4.9.3/armv7e-m/libgcc.a(_udivdi3.o)
                              /Developer/Eclipse/gcc-arm-none-eabi-4_9-2014q4/bin/../lib/gcc/arm-none-eabi/4.9.3/armv7e-m/libgcc.a(bpabi.o) (__udivdi3)
/Developer/Eclipse/gcc-arm-none-eabi-4_9-2014q4/bin/../lib/gcc/arm-none-eabi/4.9.3/../../../../arm-none-eabi/lib/armv7e-m/libg.a(lib_a-errno.o)
                              ./libs/misc/src/_sbrk.o (__errno)
/Developer/Eclipse/gcc-arm-none-eabi-4_9-2014q4/bin/../lib/gcc/arm-none-eabi/4.9.3/../../../../arm-none-eabi/lib/armv7e-m/libg.a(lib_a-exit.o)
                              ./src/ssd1306.o (exit)
/Developer/Eclipse/gcc-arm-none-eabi-4_9-2014q4/bin/../lib/gcc/arm-none-eabi/4.9.3/../../../../arm-none-eabi/lib/armv7e-m/libg.a(lib_a-impure.o)
                              /Developer/Eclipse/gcc-arm-none-eabi-4_9-2014q4/bin/../lib/gcc/arm-none-eabi/4.9.3/../../../../arm-none-eabi/lib/armv7e-m/libg.a(lib_a-exit.o) (_global_impure_ptr)
/Developer/Eclipse/gcc-arm-none-eabi-4_9-2014q4/bin/../lib/gcc/arm-none-eabi/4.9.3/../../../../arm-none-eabi/lib/armv7e-m/libg.a(lib_a-malloc.o)
                              ./src/ssd1306.o (malloc)
/Developer/Eclipse/gcc-arm-none-eabi-4_9-2014q4/bin/../lib/gcc/arm-none-eabi/4.9.3/../../../../arm-none-eabi/lib/armv7e-m/libg.a(lib_a-mallocr.o)
                              /Developer/Eclipse/gcc-arm-none-eabi-4_9-2014q4/bin/../lib/gcc/arm-none-eabi/4.9.3/../../../../arm-none-eabi/lib/armv7e-m/libg.a(lib_a-malloc.o) (_malloc_r)
/Developer/Eclipse/gcc-arm-none-eabi-4_9-2014q4/bin/../lib/gcc/arm-none-eabi/4.9.3/../../../../arm-none-eabi/lib/armv7e-m/libg.a(lib_a-memcpy.o)
                              ./libs/fatfs/src/diskio.o (memcpy)
/Developer/Eclipse/gcc-arm-none-eabi-4_9-2014q4/bin/../lib/gcc/arm-none-eabi/4.9.3/../../../../arm-none-eabi/lib/armv7e-m/libg.a(lib_a-memset.o)
                              ./src/sdio.o (memset)
/Developer/Eclipse/gcc-arm-none-eabi-4_9-2014q4/bin/../lib/gcc/arm-none-eabi/4.9.3/../../../../arm-none-eabi/lib/armv7e-m/libg.a(lib_a-mlock.o)
                              /Developer/Eclipse/gcc-arm-none-eabi-4_9-2014q4/bin/../lib/gcc/arm-none-eabi/4.9.3/../../../../arm-none-eabi/lib/armv7e-m/libg.a(lib_a-mallocr.o) (__malloc_lock)
/Developer/Eclipse/gcc-arm-none-eabi-4_9-2014q4/bin/../lib/gcc/arm-none-eabi/4.9.3/../../../../arm-none-eabi/lib/armv7e-m/libg.a(lib_a-printf.o)
                              ./src/interrupts.o (printf)
/Developer/Eclipse/gcc-arm-none-eabi-4_9-2014q4/bin/../lib/gcc/arm-none-eabi/4.9.3/../../../../arm-none-eabi/lib/armv7e-m/libg.a(lib_a-putchar.o)
                              ./src/leds.o (putchar)
/Developer/Eclipse/gcc-arm-none-eabi-4_9-2014q4/bin/../lib/gcc/arm-none-eabi/4.9.3/../../../../arm-none-eabi/lib/armv7e-m/libg.a(lib_a-puts.o)
                              ./src/rtc.o (puts)
/Developer/Eclipse/gcc-arm-none-eabi-4_9-2014q4/bin/../lib/gcc/arm-none-eabi/4.9.3/../../../../arm-none-eabi/lib/armv7e-m/libg.a(lib_a-reent.o)
                              ./libs/misc/src/newlib_stubs.o (errno)
/Developer/Eclipse/gcc-arm-none-eabi-4_9-2014q4/bin/../lib/gcc/arm-none-eabi/4.9.3/../../../../arm-none-eabi/lib/armv7e-m/libg.a(lib_a-sbrkr.o)
                              /Developer/Eclipse/gcc-arm-none-eabi-4_9-2014q4/bin/../lib/gcc/arm-none-eabi/4.9.3/../../../../arm-none-eabi/lib/armv7e-m/libg.a(lib_a-mallocr.o) (_sbrk_r)
/Developer/Eclipse/gcc-arm-none-eabi-4_9-2014q4/bin/../lib/gcc/arm-none-eabi/4.9.3/../../../../arm-none-eabi/lib/armv7e-m/libg.a(lib_a-setvbuf.o)
                              ./src/uart.o (setvbuf)
/Developer/Eclipse/gcc-arm-none-eabi-4_9-2014q4/bin/../lib/gcc/arm-none-eabi/4.9.3/../../../../arm-none-eabi/lib/armv7e-m/libg.a(lib_a-sprintf.o)
                              ./src/main.o (sprintf)
[...]
Memory Configuration

Name             Origin             Length             Attributes
RAM              0x0000000020000000 0x0000000000020000 xrw
CCMRAM           0x0000000010000000 0x0000000000010000 xrw
FLASH            0x0000000008000000 0x0000000000100000 xr
FLASHB1          0x0000000000000000 0x0000000000000000 xr
EXTMEMB0         0x0000000000000000 0x0000000000000000 xr
EXTMEMB1         0x0000000000000000 0x0000000000000000 xr
EXTMEMB2         0x0000000000000000 0x0000000000000000 xr
EXTMEMB3         0x0000000000000000 0x0000000000000000 xr
MEMORY_ARRAY     0x0000000020002000 0x0000000000000020 xrw
*default*        0x0000000000000000 0xffffffffffffffff

Linker script and memory map

LOAD ./src/fonts/smallfonts.o
LOAD ./src/delay.o
LOAD ./src/dma.o
LOAD ./src/encoders.o
LOAD ./src/fonts.o
LOAD ./src/gpio.o
LOAD ./src/initialization.o
LOAD ./src/interrupts.o
LOAD ./src/leds.o
LOAD ./src/main.o
LOAD ./src/nvic.o
LOAD ./src/pushbuttons.o
LOAD ./src/rcc.o
LOAD ./src/rng.o
LOAD ./src/rtc.o
LOAD ./src/sdio.o
LOAD ./src/spi.o
LOAD ./src/ssd1306.o
LOAD ./src/uart.o
LOAD ./src/usb.o
LOAD ./libs/misc/src/_sbrk.o
LOAD ./libs/misc/src/newlib_stubs.o
LOAD ./libs/misc/src/trace_impl.o
LOAD ./libs/fatfs/src/diskio.o
LOAD ./libs/fatfs/src/ff.o
LOAD ./libs/cmsis/src/startup_cm.o
LOAD ./libs/cmsis/src/startup_stm32f4xx.o
LOAD ./libs/cmsis/src/system_stm32f4xx.o
LOAD ./libs/cmsis/src/vectors_stm32f4xx.o
LOAD ./libs/StdPeriph/src/misc.o
LOAD ./libs/StdPeriph/src/stm32f4xx_adc.o
LOAD ./libs/StdPeriph/src/stm32f4xx_can.o
LOAD ./libs/StdPeriph/src/stm32f4xx_crc.o
LOAD ./libs/StdPeriph/src/stm32f4xx_cryp.o
LOAD ./libs/StdPeriph/src/stm32f4xx_cryp_aes.o
LOAD ./libs/StdPeriph/src/stm32f4xx_cryp_des.o
LOAD ./libs/StdPeriph/src/stm32f4xx_cryp_tdes.o
LOAD ./libs/StdPeriph/src/stm32f4xx_dac.o
LOAD ./libs/StdPeriph/src/stm32f4xx_dbgmcu.o
LOAD ./libs/StdPeriph/src/stm32f4xx_dcmi.o
LOAD ./libs/StdPeriph/src/stm32f4xx_dma.o
LOAD ./libs/StdPeriph/src/stm32f4xx_dma2d.o
LOAD ./libs/StdPeriph/src/stm32f4xx_exti.o
LOAD ./libs/StdPeriph/src/stm32f4xx_flash.o
LOAD ./libs/StdPeriph/src/stm32f4xx_fmc.o
LOAD ./libs/StdPeriph/src/stm32f4xx_fsmc.o
LOAD ./libs/StdPeriph/src/stm32f4xx_gpio.o
LOAD ./libs/StdPeriph/src/stm32f4xx_hash.o
LOAD ./libs/StdPeriph/src/stm32f4xx_hash_md5.o
LOAD ./libs/StdPeriph/src/stm32f4xx_hash_sha1.o
LOAD ./libs/StdPeriph/src/stm32f4xx_i2c.o
LOAD ./libs/StdPeriph/src/stm32f4xx_iwdg.o
LOAD ./libs/StdPeriph/src/stm32f4xx_ltdc.o
LOAD ./libs/StdPeriph/src/stm32f4xx_pwr.o
LOAD ./libs/StdPeriph/src/stm32f4xx_rcc.o
LOAD ./libs/StdPeriph/src/stm32f4xx_rng.o
LOAD ./libs/StdPeriph/src/stm32f4xx_rtc.o
LOAD ./libs/StdPeriph/src/stm32f4xx_sai.o
LOAD ./libs/StdPeriph/src/stm32f4xx_sdio.o
LOAD ./libs/StdPeriph/src/stm32f4xx_spi.o
LOAD ./libs/StdPeriph/src/stm32f4xx_syscfg.o
LOAD ./libs/StdPeriph/src/stm32f4xx_tim.o
LOAD ./libs/StdPeriph/src/stm32f4xx_usart.o
LOAD ./libs/StdPeriph/src/stm32f4xx_wwdg.o
START GROUP
LOAD /Developer/Eclipse/gcc-arm-none-eabi-4_9-2014q4/bin/../lib/gcc/arm-none-eabi/4.9.3/armv7e-m/libgcc.a
LOAD /Developer/Eclipse/gcc-arm-none-eabi-4_9-2014q4/bin/../lib/gcc/arm-none-eabi/4.9.3/../../../../arm-none-eabi/lib/armv7e-m/libg.a
LOAD /Developer/Eclipse/gcc-arm-none-eabi-4_9-2014q4/bin/../lib/gcc/arm-none-eabi/4.9.3/../../../../arm-none-eabi/lib/armv7e-m/libc.a
END GROUP
START GROUP
LOAD /Developer/Eclipse/gcc-arm-none-eabi-4_9-2014q4/bin/../lib/gcc/arm-none-eabi/4.9.3/armv7e-m/libgcc.a
LOAD /Developer/Eclipse/gcc-arm-none-eabi-4_9-2014q4/bin/../lib/gcc/arm-none-eabi/4.9.3/../../../../arm-none-eabi/lib/armv7e-m/libg.a
LOAD /Developer/Eclipse/gcc-arm-none-eabi-4_9-2014q4/bin/../lib/gcc/arm-none-eabi/4.9.3/../../../../arm-none-eabi/lib/armv7e-m/libc.a
LOAD /Developer/Eclipse/gcc-arm-none-eabi-4_9-2014q4/bin/../lib/gcc/arm-none-eabi/4.9.3/../../../../arm-none-eabi/lib/armv7e-m/libm.a
LOAD /Developer/Eclipse/gcc-arm-none-eabi-4_9-2014q4/bin/../lib/gcc/arm-none-eabi/4.9.3/../../../../arm-none-eabi/lib/armv7e-m/libnosys.a
END GROUP
                0x0000000020020000                __stack = (ORIGIN (RAM) + 0x20000)
                0x0000000020020000                _estack = __stack
                0x0000000000000400                __Main_Stack_Size = 0x400
                0x0000000000000400                PROVIDE (_Main_Stack_Size, __Main_Stack_Size)
                0x000000002001fc00                __Main_Stack_Limit = (__stack - __Main_Stack_Size)
                0x000000002001fc00                PROVIDE (_Main_Stack_Limit, __Main_Stack_Limit)
                0x0000000000000100                _Minimum_Stack_Size = 0x100
                0x0000000020000ee0                PROVIDE (_Heap_Begin, _end_noinit)
                0x000000002001fc00                PROVIDE (_Heap_Limit, (__stack - _Main_Stack_Size))

.isr_vector     0x0000000008000000      0x264
                0x0000000008000000                . = ALIGN (0x4)
 *(.isr_vector)
 .isr_vector    0x0000000008000000      0x188 ./libs/cmsis/src/vectors_stm32f4xx.o
                0x0000000008000000                g_pfnVectors
 *(.after_vectors .after_vectors.*)
 .after_vectors
                0x0000000008000188       0x8c ./libs/cmsis/src/startup_cm.o
                0x0000000008000188                Reset_Handler
                0x00000000080001cc                system_init
 .after_vectors
                0x0000000008000214       0x50 ./libs/cmsis/src/vectors_stm32f4xx.o
                0x0000000008000214                DMA1_Stream3_IRQHandler
                0x0000000008000214                HASH_RNG_IRQHandler
                0x0000000008000214                EXTI2_IRQHandler
                0x0000000008000214                TIM8_CC_IRQHandler
                0x0000000008000214                TIM1_CC_IRQHandler
                0x0000000008000214                DMA2_Stream5_IRQHandler
                0x0000000008000214                DMA1_Stream5_IRQHandler
                0x0000000008000214                PVD_IRQHandler
                0x0000000008000214                TAMP_STAMP_IRQHandler
                0x0000000008000214                CAN2_RX1_IRQHandler
                0x0000000008000214                EXTI3_IRQHandler
                0x0000000008000214                TIM8_TRG_COM_TIM14_IRQHandler
                0x0000000008000214                TIM1_UP_TIM10_IRQHandler
                0x0000000008000214                I2C3_ER_IRQHandler
                0x0000000008000214                EXTI0_IRQHandler
                0x0000000008000214                I2C2_EV_IRQHandler
                0x0000000008000214                DMA1_Stream2_IRQHandler
                0x0000000008000214                CAN1_RX0_IRQHandler
                0x0000000008000214                FPU_IRQHandler
                0x0000000008000214                OTG_HS_WKUP_IRQHandler
                0x0000000008000214                CAN2_SCE_IRQHandler
                0x0000000008000214                DMA2_Stream2_IRQHandler
                0x0000000008000214                SPI1_IRQHandler
                0x0000000008000214                TIM6_DAC_IRQHandler
                0x0000000008000214                TIM1_BRK_TIM9_IRQHandler
                0x0000000008000214                DCMI_IRQHandler
                0x0000000008000214                CAN2_RX0_IRQHandler
                0x0000000008000214                USART6_IRQHandler
                0x0000000008000214                USART3_IRQHandler
                0x0000000008000214                CRYP_IRQHandler
                0x0000000008000214                CAN1_RX1_IRQHandler
                0x0000000008000214                UART5_IRQHandler
                0x0000000008000214                DMA2_Stream0_IRQHandler
                0x0000000008000214                TIM4_IRQHandler
                0x0000000008000214                I2C1_EV_IRQHandler
                0x0000000008000214                DMA1_Stream6_IRQHandler
                0x0000000008000214                DMA1_Stream1_IRQHandler
                0x0000000008000214                UART4_IRQHandler
                0x0000000008000214                TIM3_IRQHandler
                0x0000000008000214                RCC_IRQHandler
                0x0000000008000214                TIM8_BRK_TIM12_IRQHandler
                0x0000000008000214                Default_Handler
                0x0000000008000214                ADC_IRQHandler
                0x0000000008000214                DMA1_Stream7_IRQHandler
                0x0000000008000214                TIM7_IRQHandler
                0x0000000008000214                CAN2_TX_IRQHandler
                0x0000000008000214                TIM5_IRQHandler
                0x0000000008000214                DMA2_Stream7_IRQHandler
                0x0000000008000214                I2C3_EV_IRQHandler
                0x0000000008000214                EXTI9_5_IRQHandler
                0x0000000008000214                RTC_WKUP_IRQHandler
                0x0000000008000214                ETH_WKUP_IRQHandler
                0x0000000008000214                SPI2_IRQHandler
                0x0000000008000214                OTG_HS_EP1_IN_IRQHandler
                0x0000000008000214                DMA1_Stream0_IRQHandler
                0x0000000008000214                CAN1_TX_IRQHandler
                0x0000000008000214                EXTI4_IRQHandler
                0x0000000008000214                FSMC_IRQHandler
                0x0000000008000214                ETH_IRQHandler
                0x0000000008000214                OTG_HS_EP1_OUT_IRQHandler
                0x0000000008000214                WWDG_IRQHandler
                0x0000000008000214                TIM2_IRQHandler
                0x0000000008000214                OTG_FS_WKUP_IRQHandler
                0x0000000008000214                TIM1_TRG_COM_TIM11_IRQHandler
                0x0000000008000214                OTG_HS_IRQHandler
                0x0000000008000214                EXTI1_IRQHandler
                0x0000000008000214                I2C2_ER_IRQHandler
                0x0000000008000214                DMA2_Stream1_IRQHandler
                0x0000000008000214                CAN1_SCE_IRQHandler
                0x0000000008000214                FLASH_IRQHandler
                0x0000000008000214                DMA2_Stream4_IRQHandler
                0x0000000008000214                USART1_IRQHandler
                0x0000000008000214                OTG_FS_IRQHandler
                0x0000000008000214                SPI3_IRQHandler
                0x0000000008000214                DMA1_Stream4_IRQHandler
                0x0000000008000214                I2C1_ER_IRQHandler
                0x0000000008000214                DMA2_Stream6_IRQHandler
                0x0000000008000214                RTC_Alarm_IRQHandler
                0x0000000008000264                . = ALIGN (0x4)

._inits         0x0000000008000264        0x8
                0x0000000008000264                . = ALIGN (0x4)
 *(.init)
 *(.fini)
                0x0000000008000264                . = ALIGN (0x4)
                0x0000000008000264                PROVIDE (__preinit_array_start, .)
 *(.preinit_array_sysinit .preinit_array_sysinit.*)
 .preinit_array_sysinit
                0x0000000008000264        0x4 ./libs/cmsis/src/startup_cm.o
                0x0000000008000264                p_system_init
 *(.preinit_array_platform .preinit_array_platform.*)
 *(.preinit_array .preinit_array.*)
                0x0000000008000268                PROVIDE (__preinit_array_end, .)
                0x0000000008000268                . = ALIGN (0x4)
                0x0000000008000268                PROVIDE (__init_array_start, .)
 *(SORT(.init_array.*))
 .init_array.00000
                0x0000000008000268        0x4 /Developer/Eclipse/gcc-arm-none-eabi-4_9-2014q4/bin/../lib/gcc/arm-none-eabi/4.9.3/../../../../arm-none-eabi/lib/armv7e-m/libg.a(lib_a-__call_atexit.o)
 *(.init_array)
                0x000000000800026c                PROVIDE (__init_array_end, .)
                0x000000000800026c                . = ALIGN (0x4)
                0x000000000800026c                PROVIDE (__fini_array_start, .)
 *(SORT(.fini_array.*))
 *(.fini_array)
                0x000000000800026c                PROVIDE (__fini_array_end, .)
                0x000000000800026c                . = ALIGN (0x4)

.flashtext      0x000000000800026c        0x0
                0x000000000800026c                . = ALIGN (0x4)
 *(.flashtext .flashtext.*)
                0x000000000800026c                . = ALIGN (0x4)

.text           0x0000000008000270     0xfdbc
                0x0000000008000270                . = ALIGN (0x4)
 *(.text .text.*)
 .text.NVIC_SetPriority
                0x0000000008000270       0x54 ./src/delay.o
 .text.SysTick_Config
                0x00000000080002c4       0x44 ./src/delay.o
 .text.delay_milli
                0x0000000008000308       0x4c ./src/delay.o
                0x0000000008000308                delay_milli
 .text.delay_setup
                0x0000000008000354       0x20 ./src/delay.o
                0x0000000008000354                delay_setup
 .text.delay_interruptHandler
                0x0000000008000374       0x50 ./src/delay.o
                0x0000000008000374                delay_interruptHandler
 .text.initialize_DMA
                0x00000000080003c4       0x74 ./src/dma.o
                0x00000000080003c4                initialize_DMA
 .text.dma_enableSPIRequest
                0x0000000008000438       0x24 ./src/dma.o
                0x0000000008000438                dma_enableSPIRequest
 .text.dma_disableSPIRequest
                0x000000000800045c       0x24 ./src/dma.o
                0x000000000800045c                dma_disableSPIRequest
 .text.dma_SPIRequest
                0x0000000008000480       0x34 ./src/dma.o
 .text.initialize_encoderOne
                0x00000000080004b4       0x84 ./src/encoders.o
                0x00000000080004b4                initialize_encoderOne
 .text.initialize_encoderTwo
                0x0000000008000538       0x84 ./src/encoders.o
                0x0000000008000538                initialize_encoderTwo
 .text.encoder_resetEncoderOne
                0x00000000080005bc       0x40 ./src/encoders.o
 .text.encoder_resetEncoderTwo
                0x00000000080005fc       0x40 ./src/encoders.o
 .text.encoder_readEncoderOne
                0x000000000800063c       0x68 ./src/encoders.o
                0x000000000800063c                encoder_readEncoderOne
 .text.encoder_readEncoderTwo
                0x00000000080006a4       0x68 ./src/encoders.o
                0x00000000080006a4                encoder_readEncoderTwo
 .text.gpio_initStandard
                0x000000000800070c       0x4c ./src/gpio.o
                0x000000000800070c                gpio_initStandard
 .text.gpio_initAF
                0x0000000008000758       0x44 ./src/gpio.o
                0x0000000008000758                gpio_initAF
 .text.gpio_initInterruptEXTI
                0x000000000800079c       0xf8 ./src/gpio.o
                0x000000000800079c                gpio_initInterruptEXTI
 .text.gpio_getEXTIPortSourceGPIO
                0x0000000008000894       0xc8 ./src/gpio.o
                0x0000000008000894                gpio_getEXTIPortSourceGPIO
 .text.initialization
                0x000000000800095c       0x30 ./src/initialization.o
                0x000000000800095c                initialization
 .text.NMI_Handler
                0x000000000800098c        0xc ./src/interrupts.o
                0x000000000800098c                NMI_Handler
 .text.HardFault_Handler
                0x0000000008000998       0x10 ./src/interrupts.o
                0x0000000008000998                HardFault_Handler
 .text.MemManage_Handler
                0x00000000080009a8       0x10 ./src/interrupts.o
                0x00000000080009a8                MemManage_Handler
 .text.BusFault_Handler
                0x00000000080009b8       0x10 ./src/interrupts.o
                0x00000000080009b8                BusFault_Handler
 .text.UsageFault_Handler
                0x00000000080009c8       0x10 ./src/interrupts.o
                0x00000000080009c8                UsageFault_Handler
 .text.SVC_Handler
                0x00000000080009d8       0x10 ./src/interrupts.o
                0x00000000080009d8                SVC_Handler
 .text.DebugMon_Handler
                0x00000000080009e8       0x10 ./src/interrupts.o
                0x00000000080009e8                DebugMon_Handler
 .text.PendSV_Handler
                0x00000000080009f8       0x10 ./src/interrupts.o
                0x00000000080009f8                PendSV_Handler
 .text.SysTick_Handler
                0x0000000008000a08       0x14 ./src/interrupts.o
                0x0000000008000a08                SysTick_Handler
 .text.EXTI15_10_IRQHandler
                0x0000000008000a1c       0x20 ./src/interrupts.o
                0x0000000008000a1c                EXTI15_10_IRQHandler
 .text.USART2_IRQHandler
                0x0000000008000a3c        0xc ./src/interrupts.o
                0x0000000008000a3c                USART2_IRQHandler
 .text.TIM8_UP_TIM13_IRQHandler
                0x0000000008000a48        0xc ./src/interrupts.o
                0x0000000008000a48                TIM8_UP_TIM13_IRQHandler
 .text.SDIO_IRQHandler
                0x0000000008000a54        0xc ./src/interrupts.o
                0x0000000008000a54                SDIO_IRQHandler
 .text.DMA2_Stream3_IRQHandler
                0x0000000008000a60        0xc ./src/interrupts.o
                0x0000000008000a60                DMA2_Stream3_IRQHandler
 .text.initialize_LEDS
                0x0000000008000a6c       0xa4 ./src/leds.o
                0x0000000008000a6c                initialize_LEDS
 .text.leds_setLed
                0x0000000008000b10       0x4c ./src/leds.o
                0x0000000008000b10                leds_setLed
 .text.leds_toggleLed
                0x0000000008000b5c       0x38 ./src/leds.o
                0x0000000008000b5c                leds_toggleLed
 .text.main     0x0000000008000b94       0xb4 ./src/main.o
                0x0000000008000b94                main
 .text.nvic_initInterrupt
                0x0000000008000c48       0x34 ./src/nvic.o
                0x0000000008000c48                nvic_initInterrupt
 .text.initialize_pushButtons
                0x0000000008000c7c      0x100 ./src/pushbuttons.o
                0x0000000008000c7c                initialize_pushButtons
 .text.pushbuttons_interruptHandler_UP
                0x0000000008000d7c       0x24 ./src/pushbuttons.o
                0x0000000008000d7c                pushbuttons_interruptHandler_UP
 .text.pushbuttons_interruptHandler_LEFT
                0x0000000008000da0       0x24 ./src/pushbuttons.o
                0x0000000008000da0                pushbuttons_interruptHandler_LEFT
 .text.pushbuttons_interruptHandler_MIDDLE
                0x0000000008000dc4       0x24 ./src/pushbuttons.o
                0x0000000008000dc4                pushbuttons_interruptHandler_MIDDLE
 .text.pushbuttons_interruptHandler_RIGHT
                0x0000000008000de8       0x24 ./src/pushbuttons.o
                0x0000000008000de8                pushbuttons_interruptHandler_RIGHT
 .text.pushbuttons_interruptHandler_DOWN
                0x0000000008000e0c       0x24 ./src/pushbuttons.o
                0x0000000008000e0c                pushbuttons_interruptHandler_DOWN
 .text.pushbuttons_interruptHandler_ENTER
                0x0000000008000e30       0x3c ./src/pushbuttons.o
                0x0000000008000e30                pushbuttons_interruptHandler_ENTER
 .text.rcc_setGPIOClock
                0x0000000008000e6c      0x120 ./src/rcc.o
                0x0000000008000e6c                rcc_setGPIOClock
 .text.rcc_setUSARTClock
                0x0000000008000f8c       0xdc ./src/rcc.o
                0x0000000008000f8c                rcc_setUSARTClock
 .text.rcc_setTIMClock
                0x0000000008001068      0x164 ./src/rcc.o
                0x0000000008001068                rcc_setTIMClock
 .text.rcc_setSPIClock
                0x00000000080011cc       0xac ./src/rcc.o
                0x00000000080011cc                rcc_setSPIClock
 .text.rcc_setDMAClock
                0x0000000008001278       0xec ./src/rcc.o
                0x0000000008001278                rcc_setDMAClock
 .text.initialize_RNG
                0x0000000008001364       0x14 ./src/rng.o
                0x0000000008001364                initialize_RNG
 .text.initialize_RTC
                0x0000000008001378      0x124 ./src/rtc.o
                0x0000000008001378                initialize_RTC
 .text.rtc_setTimeToOLED
                0x000000000800149c       0xb4 ./src/rtc.o
                0x000000000800149c                rtc_setTimeToOLED
 .text.dec32    0x0000000008001550       0x68 ./src/sdio.o
                0x0000000008001550                dec32
 .text.initialize_SDIO
                0x00000000080015b8      0x4d8 ./src/sdio.o
                0x00000000080015b8                initialize_SDIO
 .text.SD_LowLevel_Init
                0x0000000008001a90       0xb8 ./src/sdio.o
                0x0000000008001a90                SD_LowLevel_Init
 .text.SD_LowLevel_DMA_TxConfig
                0x0000000008001b48       0xa0 ./src/sdio.o
                0x0000000008001b48                SD_LowLevel_DMA_TxConfig
 .text.SD_LowLevel_DMA_RxConfig
                0x0000000008001be8       0xa0 ./src/sdio.o
                0x0000000008001be8                SD_LowLevel_DMA_RxConfig
 .text.SD_Init  0x0000000008001c88       0xb4 ./src/sdio.o
                0x0000000008001c88                SD_Init
 .text.SD_GetStatus
                0x0000000008001d3c       0x30 ./src/sdio.o
                0x0000000008001d3c                SD_GetStatus
 .text.SD_GetState
                0x0000000008001d6c       0x40 ./src/sdio.o
                0x0000000008001d6c                SD_GetState
 .text.SD_Detect
                0x0000000008001dac       0x14 ./src/sdio.o
                0x0000000008001dac                SD_Detect
 .text.SD_PowerON
                0x0000000008001dc0      0x22c ./src/sdio.o
                0x0000000008001dc0                SD_PowerON
 .text.SD_InitializeCards
                0x0000000008001fec      0x18c ./src/sdio.o
                0x0000000008001fec                SD_InitializeCards
 .text.SD_GetCardInfo
                0x0000000008002178      0x5b8 ./src/sdio.o
                0x0000000008002178                SD_GetCardInfo
 .text.SD_EnableWideBusOperation
                0x0000000008002730       0xd8 ./src/sdio.o
                0x0000000008002730                SD_EnableWideBusOperation
 .text.SD_SelectDeselect
                0x0000000008002808       0x4c ./src/sdio.o
                0x0000000008002808                SD_SelectDeselect
 .text.SD_ReadMultiBlocksFIXED
                0x0000000008002854      0x130 ./src/sdio.o
                0x0000000008002854                SD_ReadMultiBlocksFIXED
 .text.SD_WaitReadOperation
                0x0000000008002984       0xb8 ./src/sdio.o
                0x0000000008002984                SD_WaitReadOperation
 .text.SD_WriteMultiBlocksFIXED
                0x0000000008002a3c      0x1ac ./src/sdio.o
                0x0000000008002a3c                SD_WriteMultiBlocksFIXED
 .text.SD_WaitWriteOperation
                0x0000000008002be8       0xb8 ./src/sdio.o
                0x0000000008002be8                SD_WaitWriteOperation
 .text.SD_StopTransfer
                0x0000000008002ca0       0x48 ./src/sdio.o
                0x0000000008002ca0                SD_StopTransfer
 .text.SD_SendStatus
                0x0000000008002ce8       0x78 ./src/sdio.o
                0x0000000008002ce8                SD_SendStatus
 .text.SD_ProcessIRQSrc
                0x0000000008002d60       0xc8 ./src/sdio.o
                0x0000000008002d60                SD_ProcessIRQSrc
 .text.SD_ProcessDMAIRQ
                0x0000000008002e28       0x30 ./src/sdio.o
                0x0000000008002e28                SD_ProcessDMAIRQ
 .text.CmdError
                0x0000000008002e58       0x4c ./src/sdio.o
 .text.CmdResp7Error
                0x0000000008002ea4       0x78 ./src/sdio.o
 .text.CmdResp1Error
                0x0000000008002f1c      0x1a4 ./src/sdio.o
 .text.CmdResp3Error
                0x00000000080030c0       0x50 ./src/sdio.o
 .text.CmdResp2Error
                0x0000000008003110       0x68 ./src/sdio.o
 .text.CmdResp6Error
                0x0000000008003178       0xd0 ./src/sdio.o
 .text.SDEnWideBus
                0x0000000008003248      0x180 ./src/sdio.o
 .text.FindSCR  0x00000000080033c8      0x204 ./src/sdio.o
 .text.initialize_SPI
                0x00000000080035cc       0x6c ./src/spi.o
                0x00000000080035cc                initialize_SPI
 .text.initialize_SSD1306
                0x0000000008003638      0x13c ./src/ssd1306.o
                0x0000000008003638                initialize_SSD1306
 .text.ssd1306_transmitPixelBuffer
                0x0000000008003774       0x64 ./src/ssd1306.o
                0x0000000008003774                ssd1306_transmitPixelBuffer
 .text.ssd1306_interruptHandler
                0x00000000080037d8       0x34 ./src/ssd1306.o
                0x00000000080037d8                ssd1306_interruptHandler
 .text.ssd1306_setOrientation
                0x000000000800380c       0x90 ./src/ssd1306.o
                0x000000000800380c                ssd1306_setOrientation
 .text.ssd1306_setViewMode
                0x000000000800389c       0x34 ./src/ssd1306.o
                0x000000000800389c                ssd1306_setViewMode
 .text.ssd1306_getScreenDimensions
                0x00000000080038d0       0x64 ./src/ssd1306.o
                0x00000000080038d0                ssd1306_getScreenDimensions
 .text.ssd1306_alterPixel
                0x0000000008003934      0x190 ./src/ssd1306.o
 .text.ssd1306_alterCharacter
                0x0000000008003ac4      0x14c ./src/ssd1306.o
 .text.ssd1306_setString
                0x0000000008003c10       0x38 ./src/ssd1306.o
                0x0000000008003c10                ssd1306_setString
 .text.ssd1306_alterString
                0x0000000008003c48       0x6c ./src/ssd1306.o
 .text.ssd1306_setTextBlock
                0x0000000008003cb4      0x18c ./src/ssd1306.o
                0x0000000008003cb4                ssd1306_setTextBlock
 .text.ssd1306_alterLine
                0x0000000008003e40      0x10c ./src/ssd1306.o
 .text.ssd1306_clearArea
                0x0000000008003f4c       0x38 ./src/ssd1306.o
                0x0000000008003f4c                ssd1306_clearArea
 .text.ssd1306_alterArea
                0x0000000008003f84       0x8c ./src/ssd1306.o
 .text.ssd1306_firstInit
                0x0000000008004010      0x148 ./src/ssd1306.o
 .text.setRST   0x0000000008004158       0x20 ./src/ssd1306.o
 .text.setDC    0x0000000008004178       0x20 ./src/ssd1306.o
 .text.setSS    0x0000000008004198       0x24 ./src/ssd1306.o
 .text.transmitCommand
                0x00000000080041bc       0x20 ./src/ssd1306.o
 .text.transmitByte
                0x00000000080041dc       0x3c ./src/ssd1306.o
 .text.ssd1306_initializeDMA
                0x0000000008004218       0x68 ./src/ssd1306.o
 .text.ssd1306_adjustCoordinate
                0x0000000008004280       0xa8 ./src/ssd1306.o
 .text.initialize_UART
                0x0000000008004328       0xe4 ./src/uart.o
                0x0000000008004328                initialize_UART
 .text.uart_interruptHandlerTerminal
                0x000000000800440c        0xc ./src/uart.o
                0x000000000800440c                uart_interruptHandlerTerminal
 .text._sbrk    0x0000000008004418       0x68 ./libs/misc/src/_sbrk.o
                0x0000000008004418                _sbrk
 .text._exit    0x0000000008004480       0x18 ./libs/misc/src/newlib_stubs.o
                0x0000000008004480                _exit
 .text._close   0x0000000008004498       0x18 ./libs/misc/src/newlib_stubs.o
                0x0000000008004498                _close
 .text._fstat   0x00000000080044b0       0x20 ./libs/misc/src/newlib_stubs.o
                0x00000000080044b0                _fstat
 .text._isatty  0x00000000080044d0       0x2c ./libs/misc/src/newlib_stubs.o
                0x00000000080044d0                _isatty
 .text._lseek   0x00000000080044fc       0x1c ./libs/misc/src/newlib_stubs.o
                0x00000000080044fc                _lseek
 .text._read    0x0000000008004518       0x78 ./libs/misc/src/newlib_stubs.o
                0x0000000008004518                _read
 .text._write   0x0000000008004590       0xb4 ./libs/misc/src/newlib_stubs.o
                0x0000000008004590                _write
 .text.disk_initialize
                0x0000000008004644       0x38 ./libs/fatfs/src/diskio.o
                0x0000000008004644                disk_initialize
 .text.disk_status
                0x000000000800467c       0x2c ./libs/fatfs/src/diskio.o
                0x000000000800467c                disk_status
 .text.disk_read
                0x00000000080046a8      0x120 ./libs/fatfs/src/diskio.o
                0x00000000080046a8                disk_read
 .text.disk_write
                0x00000000080047c8      0x120 ./libs/fatfs/src/diskio.o
                0x00000000080047c8                disk_write
 .text.disk_ioctl
                0x00000000080048e8       0x20 ./libs/fatfs/src/diskio.o
                0x00000000080048e8                disk_ioctl
 .text.get_fattime
                0x0000000008004908       0x10 ./libs/fatfs/src/diskio.o
                0x0000000008004908                get_fattime
 .text.mem_cpy  0x0000000008004918       0x3c ./libs/fatfs/src/ff.o
 .text.mem_set  0x0000000008004954       0x34 ./libs/fatfs/src/ff.o
 .text.mem_cmp  0x0000000008004988       0x50 ./libs/fatfs/src/ff.o
 .text.chk_chr  0x00000000080049d8       0x38 ./libs/fatfs/src/ff.o
 .text.move_window
                0x0000000008004a10       0xbc ./libs/fatfs/src/ff.o
 .text.sync     0x0000000008004acc      0x14c ./libs/fatfs/src/ff.o
 .text.clust2sect
                0x0000000008004c18       0x40 ./libs/fatfs/src/ff.o
                0x0000000008004c18                clust2sect
 .text.get_fat  0x0000000008004c58      0x158 ./libs/fatfs/src/ff.o
                0x0000000008004c58                get_fat
 .text.put_fat  0x0000000008004db0      0x1f4 ./libs/fatfs/src/ff.o
                0x0000000008004db0                put_fat
 .text.remove_chain
                0x0000000008004fa4       0x9c ./libs/fatfs/src/ff.o
 .text.create_chain
                0x0000000008005040      0x118 ./libs/fatfs/src/ff.o
 .text.dir_sdi  0x0000000008005158      0x104 ./libs/fatfs/src/ff.o
 .text.dir_next
                0x000000000800525c      0x1a8 ./libs/fatfs/src/ff.o
 .text.dir_find
                0x0000000008005404       0x94 ./libs/fatfs/src/ff.o
 .text.dir_read
                0x0000000008005498       0x90 ./libs/fatfs/src/ff.o
 .text.dir_register
                0x0000000008005528       0xac ./libs/fatfs/src/ff.o
 .text.create_name
                0x00000000080055d4      0x238 ./libs/fatfs/src/ff.o
 .text.get_fileinfo
                0x000000000800580c      0x11c ./libs/fatfs/src/ff.o
 .text.follow_path
                0x0000000008005928       0xfc ./libs/fatfs/src/ff.o
 .text.check_fs
                0x0000000008005a24       0xc0 ./libs/fatfs/src/ff.o
 .text.chk_mounted
                0x0000000008005ae4      0x550 ./libs/fatfs/src/ff.o
 .text.validate
                0x0000000008006034       0x4c ./libs/fatfs/src/ff.o
 .text.f_mount  0x0000000008006080       0x54 ./libs/fatfs/src/ff.o
                0x0000000008006080                f_mount
 .text.f_open   0x00000000080060d4      0x2e0 ./libs/fatfs/src/ff.o
                0x00000000080060d4                f_open
 .text.f_read   0x00000000080063b4      0x2b8 ./libs/fatfs/src/ff.o
                0x00000000080063b4                f_read
 .text.f_write  0x000000000800666c      0x314 ./libs/fatfs/src/ff.o
                0x000000000800666c                f_write
 .text.f_sync   0x0000000008006980      0x184 ./libs/fatfs/src/ff.o
                0x0000000008006980                f_sync
 .text.f_close  0x0000000008006b04       0x28 ./libs/fatfs/src/ff.o
                0x0000000008006b04                f_close
 .text.f_opendir
                0x0000000008006b2c       0xcc ./libs/fatfs/src/ff.o
                0x0000000008006b2c                f_opendir
 .text.f_readdir
                0x0000000008006bf8       0x90 ./libs/fatfs/src/ff.o
                0x0000000008006bf8                f_readdir
 .text.__libc_init_array
                0x0000000008006c88       0x6c ./libs/cmsis/src/startup_cm.o
                0x0000000008006c88                __libc_init_array
 .text.__libc_fini_array
                0x0000000008006cf4       0x3c ./libs/cmsis/src/startup_cm.o
                0x0000000008006cf4                __libc_fini_array
 .text.SystemInit
                0x0000000008006d30       0x58 ./libs/cmsis/src/system_stm32f4xx.o
                0x0000000008006d30                SystemInit
 .text.SetSysClock
                0x0000000008006d88       0xf4 ./libs/cmsis/src/system_stm32f4xx.o
 .text.NVIC_PriorityGroupConfig
                0x0000000008006e7c       0x24 ./libs/StdPeriph/src/misc.o
                0x0000000008006e7c                NVIC_PriorityGroupConfig
 .text.NVIC_Init
                0x0000000008006ea0       0xc0 ./libs/StdPeriph/src/misc.o
                0x0000000008006ea0                NVIC_Init
 .text.DMA_DeInit
                0x0000000008006f60      0x1a4 ./libs/StdPeriph/src/stm32f4xx_dma.o
                0x0000000008006f60                DMA_DeInit
 .text.DMA_Init
                0x0000000008007104       0xac ./libs/StdPeriph/src/stm32f4xx_dma.o
                0x0000000008007104                DMA_Init
 .text.DMA_Cmd  0x00000000080071b0       0x38 ./libs/StdPeriph/src/stm32f4xx_dma.o
                0x00000000080071b0                DMA_Cmd
 .text.DMA_FlowControllerConfig
                0x00000000080071e8       0x34 ./libs/StdPeriph/src/stm32f4xx_dma.o
                0x00000000080071e8                DMA_FlowControllerConfig
 .text.DMA_GetFlagStatus
                0x000000000800721c       0x78 ./libs/StdPeriph/src/stm32f4xx_dma.o
                0x000000000800721c                DMA_GetFlagStatus
 .text.DMA_ClearFlag
                0x0000000008007294       0x5c ./libs/StdPeriph/src/stm32f4xx_dma.o
                0x0000000008007294                DMA_ClearFlag
 .text.DMA_ITConfig
                0x00000000080072f0       0x74 ./libs/StdPeriph/src/stm32f4xx_dma.o
                0x00000000080072f0                DMA_ITConfig
 .text.EXTI_Init
                0x0000000008007364       0xe4 ./libs/StdPeriph/src/stm32f4xx_exti.o
                0x0000000008007364                EXTI_Init
 .text.EXTI_GetITStatus
                0x0000000008007448       0x34 ./libs/StdPeriph/src/stm32f4xx_exti.o
                0x0000000008007448                EXTI_GetITStatus
 .text.EXTI_ClearITPendingBit
                0x000000000800747c       0x1c ./libs/StdPeriph/src/stm32f4xx_exti.o
                0x000000000800747c                EXTI_ClearITPendingBit
 .text.GPIO_Init
                0x0000000008007498      0x11c ./libs/StdPeriph/src/stm32f4xx_gpio.o
                0x0000000008007498                GPIO_Init
 .text.GPIO_WriteBit
                0x00000000080075b4       0x30 ./libs/StdPeriph/src/stm32f4xx_gpio.o
                0x00000000080075b4                GPIO_WriteBit
 .text.GPIO_ToggleBits
                0x00000000080075e4       0x24 ./libs/StdPeriph/src/stm32f4xx_gpio.o
                0x00000000080075e4                GPIO_ToggleBits
 .text.GPIO_PinAFConfig
                0x0000000008007608       0x90 ./libs/StdPeriph/src/stm32f4xx_gpio.o
                0x0000000008007608                GPIO_PinAFConfig
 .text.PWR_BackupAccessCmd
                0x0000000008007698       0x20 ./libs/StdPeriph/src/stm32f4xx_pwr.o
                0x0000000008007698                PWR_BackupAccessCmd
 .text.RCC_LSEConfig
                0x00000000080076b8       0x40 ./libs/StdPeriph/src/stm32f4xx_rcc.o
                0x00000000080076b8                RCC_LSEConfig
 .text.RCC_LSICmd
                0x00000000080076f8       0x20 ./libs/StdPeriph/src/stm32f4xx_rcc.o
                0x00000000080076f8                RCC_LSICmd
 .text.RCC_GetClocksFreq
                0x0000000008007718      0x154 ./libs/StdPeriph/src/stm32f4xx_rcc.o
                0x0000000008007718                RCC_GetClocksFreq
 .text.RCC_RTCCLKConfig
                0x000000000800786c       0x5c ./libs/StdPeriph/src/stm32f4xx_rcc.o
                0x000000000800786c                RCC_RTCCLKConfig
 .text.RCC_RTCCLKCmd
                0x00000000080078c8       0x20 ./libs/StdPeriph/src/stm32f4xx_rcc.o
                0x00000000080078c8                RCC_RTCCLKCmd
 .text.RCC_AHB1PeriphClockCmd
                0x00000000080078e8       0x3c ./libs/StdPeriph/src/stm32f4xx_rcc.o
                0x00000000080078e8                RCC_AHB1PeriphClockCmd
 .text.RCC_AHB2PeriphClockCmd
                0x0000000008007924       0x3c ./libs/StdPeriph/src/stm32f4xx_rcc.o
                0x0000000008007924                RCC_AHB2PeriphClockCmd
 .text.RCC_APB1PeriphClockCmd
                0x0000000008007960       0x3c ./libs/StdPeriph/src/stm32f4xx_rcc.o
                0x0000000008007960                RCC_APB1PeriphClockCmd
 .text.RCC_APB2PeriphClockCmd
                0x000000000800799c       0x3c ./libs/StdPeriph/src/stm32f4xx_rcc.o
                0x000000000800799c                RCC_APB2PeriphClockCmd
 .text.RCC_APB2PeriphResetCmd
                0x00000000080079d8       0x3c ./libs/StdPeriph/src/stm32f4xx_rcc.o
                0x00000000080079d8                RCC_APB2PeriphResetCmd
 .text.RCC_GetFlagStatus
                0x0000000008007a14       0x74 ./libs/StdPeriph/src/stm32f4xx_rcc.o
                0x0000000008007a14                RCC_GetFlagStatus
 .text.RNG_Cmd  0x0000000008007a88       0x38 ./libs/StdPeriph/src/stm32f4xx_rng.o
                0x0000000008007a88                RNG_Cmd
 .text.RTC_Init
                0x0000000008007ac0       0x78 ./libs/StdPeriph/src/stm32f4xx_rtc.o
                0x0000000008007ac0                RTC_Init
 .text.RTC_EnterInitMode
                0x0000000008007b38       0x74 ./libs/StdPeriph/src/stm32f4xx_rtc.o
                0x0000000008007b38                RTC_EnterInitMode
 .text.RTC_ExitInitMode
                0x0000000008007bac       0x1c ./libs/StdPeriph/src/stm32f4xx_rtc.o
                0x0000000008007bac                RTC_ExitInitMode
 .text.RTC_WaitForSynchro
                0x0000000008007bc8       0x78 ./libs/StdPeriph/src/stm32f4xx_rtc.o
                0x0000000008007bc8                RTC_WaitForSynchro
 .text.RTC_SetTime
                0x0000000008007c40      0x114 ./libs/StdPeriph/src/stm32f4xx_rtc.o
                0x0000000008007c40                RTC_SetTime
 .text.RTC_GetTime
                0x0000000008007d54       0x9c ./libs/StdPeriph/src/stm32f4xx_rtc.o
                0x0000000008007d54                RTC_GetTime
 .text.RTC_SetDate
                0x0000000008007df0      0x120 ./libs/StdPeriph/src/stm32f4xx_rtc.o
                0x0000000008007df0                RTC_SetDate
 .text.RTC_ByteToBcd2
                0x0000000008007f10       0x3c ./libs/StdPeriph/src/stm32f4xx_rtc.o
 .text.RTC_Bcd2ToByte
                0x0000000008007f4c       0x38 ./libs/StdPeriph/src/stm32f4xx_rtc.o
 .text.SDIO_DeInit
                0x0000000008007f84       0x1c ./libs/StdPeriph/src/stm32f4xx_sdio.o
                0x0000000008007f84                SDIO_DeInit
 .text.SDIO_Init
                0x0000000008007fa0       0x5c ./libs/StdPeriph/src/stm32f4xx_sdio.o
                0x0000000008007fa0                SDIO_Init
 .text.SDIO_ClockCmd
                0x0000000008007ffc       0x20 ./libs/StdPeriph/src/stm32f4xx_sdio.o
                0x0000000008007ffc                SDIO_ClockCmd
 .text.SDIO_SetPowerState
                0x000000000800801c       0x1c ./libs/StdPeriph/src/stm32f4xx_sdio.o
                0x000000000800801c                SDIO_SetPowerState
 .text.SDIO_GetPowerState
                0x0000000008008038       0x1c ./libs/StdPeriph/src/stm32f4xx_sdio.o
                0x0000000008008038                SDIO_GetPowerState
 .text.SDIO_SendCommand
                0x0000000008008054       0x58 ./libs/StdPeriph/src/stm32f4xx_sdio.o
                0x0000000008008054                SDIO_SendCommand
 .text.SDIO_GetCommandResponse
                0x00000000080080ac       0x18 ./libs/StdPeriph/src/stm32f4xx_sdio.o
                0x00000000080080ac                SDIO_GetCommandResponse
 .text.SDIO_GetResponse
                0x00000000080080c4       0x28 ./libs/StdPeriph/src/stm32f4xx_sdio.o
                0x00000000080080c4                SDIO_GetResponse
 .text.SDIO_DataConfig
                0x00000000080080ec       0x5c ./libs/StdPeriph/src/stm32f4xx_sdio.o
                0x00000000080080ec                SDIO_DataConfig
 .text.SDIO_ReadData
                0x0000000008008148       0x18 ./libs/StdPeriph/src/stm32f4xx_sdio.o
                0x0000000008008148                SDIO_ReadData
 .text.SDIO_DMACmd
                0x0000000008008160       0x20 ./libs/StdPeriph/src/stm32f4xx_sdio.o
                0x0000000008008160                SDIO_DMACmd
 .text.SDIO_ITConfig
                0x0000000008008180       0x3c ./libs/StdPeriph/src/stm32f4xx_sdio.o
                0x0000000008008180                SDIO_ITConfig
 .text.SDIO_GetFlagStatus
                0x00000000080081bc       0x34 ./libs/StdPeriph/src/stm32f4xx_sdio.o
                0x00000000080081bc                SDIO_GetFlagStatus
 .text.SDIO_ClearFlag
                0x00000000080081f0       0x1c ./libs/StdPeriph/src/stm32f4xx_sdio.o
                0x00000000080081f0                SDIO_ClearFlag
 .text.SDIO_GetITStatus
                0x000000000800820c       0x34 ./libs/StdPeriph/src/stm32f4xx_sdio.o
                0x000000000800820c                SDIO_GetITStatus
 .text.SDIO_ClearITPendingBit
                0x0000000008008240       0x1c ./libs/StdPeriph/src/stm32f4xx_sdio.o
                0x0000000008008240                SDIO_ClearITPendingBit
 .text.SPI_Init
                0x000000000800825c       0x88 ./libs/StdPeriph/src/stm32f4xx_spi.o
                0x000000000800825c                SPI_Init
 .text.SPI_Cmd  0x00000000080082e4       0x40 ./libs/StdPeriph/src/stm32f4xx_spi.o
                0x00000000080082e4                SPI_Cmd
 .text.SPI_I2S_SendData
                0x0000000008008324       0x1c ./libs/StdPeriph/src/stm32f4xx_spi.o
                0x0000000008008324                SPI_I2S_SendData
 .text.SPI_I2S_DMACmd
                0x0000000008008340       0x48 ./libs/StdPeriph/src/stm32f4xx_spi.o
                0x0000000008008340                SPI_I2S_DMACmd
 .text.SPI_I2S_GetFlagStatus
                0x0000000008008388       0x38 ./libs/StdPeriph/src/stm32f4xx_spi.o
                0x0000000008008388                SPI_I2S_GetFlagStatus
 .text.SYSCFG_EXTILineConfig
                0x00000000080083c0       0x84 ./libs/StdPeriph/src/stm32f4xx_syscfg.o
                0x00000000080083c0                SYSCFG_EXTILineConfig
 .text.TIM_TimeBaseInit
                0x0000000008008444       0xd4 ./libs/StdPeriph/src/stm32f4xx_tim.o
                0x0000000008008444                TIM_TimeBaseInit
 .text.TIM_SetCounter
                0x0000000008008518       0x1c ./libs/StdPeriph/src/stm32f4xx_tim.o
                0x0000000008008518                TIM_SetCounter
 .text.TIM_SetAutoreload
                0x0000000008008534       0x1c ./libs/StdPeriph/src/stm32f4xx_tim.o
                0x0000000008008534                TIM_SetAutoreload
 .text.TIM_GetCounter
                0x0000000008008550       0x18 ./libs/StdPeriph/src/stm32f4xx_tim.o
                0x0000000008008550                TIM_GetCounter
 .text.TIM_ARRPreloadConfig
                0x0000000008008568       0x40 ./libs/StdPeriph/src/stm32f4xx_tim.o
                0x0000000008008568                TIM_ARRPreloadConfig
 .text.TIM_Cmd  0x00000000080085a8       0x40 ./libs/StdPeriph/src/stm32f4xx_tim.o
                0x00000000080085a8                TIM_Cmd
 .text.TIM_ITConfig
                0x00000000080085e8       0x48 ./libs/StdPeriph/src/stm32f4xx_tim.o
                0x00000000080085e8                TIM_ITConfig
 .text.TIM_GetITStatus
                0x0000000008008630       0x54 ./libs/StdPeriph/src/stm32f4xx_tim.o
                0x0000000008008630                TIM_GetITStatus
 .text.TIM_ClearITPendingBit
                0x0000000008008684       0x20 ./libs/StdPeriph/src/stm32f4xx_tim.o
                0x0000000008008684                TIM_ClearITPendingBit
 .text.TIM_EncoderInterfaceConfig
                0x00000000080086a4       0x98 ./libs/StdPeriph/src/stm32f4xx_tim.o
                0x00000000080086a4                TIM_EncoderInterfaceConfig
 .text.USART_Init
                0x000000000800873c      0x178 ./libs/StdPeriph/src/stm32f4xx_usart.o
                0x000000000800873c                USART_Init
 .text.USART_Cmd
                0x00000000080088b4       0x40 ./libs/StdPeriph/src/stm32f4xx_usart.o
                0x00000000080088b4                USART_Cmd
 .text.USART_ITConfig
                0x00000000080088f4       0x90 ./libs/StdPeriph/src/stm32f4xx_usart.o
                0x00000000080088f4                USART_ITConfig
 .text          0x0000000008008984       0x2c /Developer/Eclipse/gcc-arm-none-eabi-4_9-2014q4/bin/../lib/gcc/arm-none-eabi/4.9.3/armv7e-m/libgcc.a(_aeabi_uldivmod.o)
                0x0000000008008984                __aeabi_uldivmod
 .text          0x00000000080089b0       0x60 /Developer/Eclipse/gcc-arm-none-eabi-4_9-2014q4/bin/../lib/gcc/arm-none-eabi/4.9.3/armv7e-m/libgcc.a(bpabi.o)
                0x00000000080089b0                __gnu_ldivmod_helper
                0x00000000080089e0                __gnu_uldivmod_helper
 .text          0x0000000008008a10        0x4 /Developer/Eclipse/gcc-arm-none-eabi-4_9-2014q4/bin/../lib/gcc/arm-none-eabi/4.9.3/armv7e-m/libgcc.a(_dvmd_tls.o)
                0x0000000008008a10                __aeabi_ldiv0
                0x0000000008008a10                __aeabi_idiv0
 .text          0x0000000008008a14      0x29c /Developer/Eclipse/gcc-arm-none-eabi-4_9-2014q4/bin/../lib/gcc/arm-none-eabi/4.9.3/armv7e-m/libgcc.a(_divdi3.o)
                0x0000000008008a14                __divdi3
 .text          0x0000000008008cb0      0x26c /Developer/Eclipse/gcc-arm-none-eabi-4_9-2014q4/bin/../lib/gcc/arm-none-eabi/4.9.3/armv7e-m/libgcc.a(_udivdi3.o)
                0x0000000008008cb0                __udivdi3
 .text.__errno  0x0000000008008f1c        0xc /Developer/Eclipse/gcc-arm-none-eabi-4_9-2014q4/bin/../lib/gcc/arm-none-eabi/4.9.3/../../../../arm-none-eabi/lib/armv7e-m/libg.a(lib_a-errno.o)
                0x0000000008008f1c                __errno
 .text.exit     0x0000000008008f28       0x20 /Developer/Eclipse/gcc-arm-none-eabi-4_9-2014q4/bin/../lib/gcc/arm-none-eabi/4.9.3/../../../../arm-none-eabi/lib/armv7e-m/libg.a(lib_a-exit.o)
                0x0000000008008f28                exit
 .text.malloc   0x0000000008008f48       0x10 /Developer/Eclipse/gcc-arm-none-eabi-4_9-2014q4/bin/../lib/gcc/arm-none-eabi/4.9.3/../../../../arm-none-eabi/lib/armv7e-m/libg.a(lib_a-malloc.o)
                0x0000000008008f48                malloc
 .text.free     0x0000000008008f58       0x10 /Developer/Eclipse/gcc-arm-none-eabi-4_9-2014q4/bin/../lib/gcc/arm-none-eabi/4.9.3/../../../../arm-none-eabi/lib/armv7e-m/libg.a(lib_a-malloc.o)
                0x0000000008008f58                free
 .text._malloc_r
                0x0000000008008f68      0x51c /Developer/Eclipse/gcc-arm-none-eabi-4_9-2014q4/bin/../lib/gcc/arm-none-eabi/4.9.3/../../../../arm-none-eabi/lib/armv7e-m/libg.a(lib_a-mallocr.o)
                0x0000000008008f68                _malloc_r
 .text          0x0000000008009484      0x134 /Developer/Eclipse/gcc-arm-none-eabi-4_9-2014q4/bin/../lib/gcc/arm-none-eabi/4.9.3/../../../../arm-none-eabi/lib/armv7e-m/libg.a(lib_a-memcpy.o)
                0x0000000008009484                memcpy
 .text.memset   0x00000000080095b8       0x9c /Developer/Eclipse/gcc-arm-none-eabi-4_9-2014q4/bin/../lib/gcc/arm-none-eabi/4.9.3/../../../../arm-none-eabi/lib/armv7e-m/libg.a(lib_a-memset.o)
                0x00000000080095b8                memset
 .text.__malloc_lock
                0x0000000008009654        0x4 /Developer/Eclipse/gcc-arm-none-eabi-4_9-2014q4/bin/../lib/gcc/arm-none-eabi/4.9.3/../../../../arm-none-eabi/lib/armv7e-m/libg.a(lib_a-mlock.o)
                0x0000000008009654                __malloc_lock
 .text.__malloc_unlock
                0x0000000008009658        0x4 /Developer/Eclipse/gcc-arm-none-eabi-4_9-2014q4/bin/../lib/gcc/arm-none-eabi/4.9.3/../../../../arm-none-eabi/lib/armv7e-m/libg.a(lib_a-mlock.o)
                0x0000000008009658                __malloc_unlock
 .text.printf   0x000000000800965c       0x28 /Developer/Eclipse/gcc-arm-none-eabi-4_9-2014q4/bin/../lib/gcc/arm-none-eabi/4.9.3/../../../../arm-none-eabi/lib/armv7e-m/libg.a(lib_a-printf.o)
                0x000000000800965c                printf
 .text._puts_r  0x0000000008009684       0x5c /Developer/Eclipse/gcc-arm-none-eabi-4_9-2014q4/bin/../lib/gcc/arm-none-eabi/4.9.3/../../../../arm-none-eabi/lib/armv7e-m/libg.a(lib_a-puts.o)
                0x0000000008009684                _puts_r
 .text.puts     0x00000000080096e0       0x10 /Developer/Eclipse/gcc-arm-none-eabi-4_9-2014q4/bin/../lib/gcc/arm-none-eabi/4.9.3/../../../../arm-none-eabi/lib/armv7e-m/libg.a(lib_a-puts.o)
                0x00000000080096e0                puts
 .text._sbrk_r  0x00000000080096f0       0x24 /Developer/Eclipse/gcc-arm-none-eabi-4_9-2014q4/bin/../lib/gcc/arm-none-eabi/4.9.3/../../../../arm-none-eabi/lib/armv7e-m/libg.a(lib_a-sbrkr.o)
                0x00000000080096f0                _sbrk_r
 .text.setvbuf  0x0000000008009714       0xf8 /Developer/Eclipse/gcc-arm-none-eabi-4_9-2014q4/bin/../lib/gcc/arm-none-eabi/4.9.3/../../../../arm-none-eabi/lib/armv7e-m/libg.a(lib_a-setvbuf.o)
                0x0000000008009714                setvbuf
 .text.sprintf  0x000000000800980c       0x4c /Developer/Eclipse/gcc-arm-none-eabi-4_9-2014q4/bin/../lib/gcc/arm-none-eabi/4.9.3/../../../../arm-none-eabi/lib/armv7e-m/libg.a(lib_a-sprintf.o)
                0x000000000800980c                sprintf
 .text.strcpy   0x0000000008009858       0xbc /Developer/Eclipse/gcc-arm-none-eabi-4_9-2014q4/bin/../lib/gcc/arm-none-eabi/4.9.3/../../../../arm-none-eabi/lib/armv7e-m/libg.a(lib_a-strcpy.o)
                0x0000000008009858                strcpy
 .text.strlen   0x0000000008009914       0x5c /Developer/Eclipse/gcc-arm-none-eabi-4_9-2014q4/bin/../lib/gcc/arm-none-eabi/4.9.3/../../../../arm-none-eabi/lib/armv7e-m/libg.a(lib_a-strlen.o)
                0x0000000008009914                strlen
 .text._svfprintf_r
                0x0000000008009970     0x1494 /Developer/Eclipse/gcc-arm-none-eabi-4_9-2014q4/bin/../lib/gcc/arm-none-eabi/4.9.3/../../../../arm-none-eabi/lib/armv7e-m/libg.a(lib_a-svfprintf.o)
                0x0000000008009970                _svfprintf_r
 .text._vfprintf_r
                0x000000000800ae04     0x13e8 /Developer/Eclipse/gcc-arm-none-eabi-4_9-2014q4/bin/../lib/gcc/arm-none-eabi/4.9.3/../../../../arm-none-eabi/lib/armv7e-m/libg.a(lib_a-vfprintf.o)
                0x000000000800ae04                _vfprintf_r
 .text.__sbprintf
                0x000000000800c1ec       0x78 /Developer/Eclipse/gcc-arm-none-eabi-4_9-2014q4/bin/../lib/gcc/arm-none-eabi/4.9.3/../../../../arm-none-eabi/lib/armv7e-m/libg.a(lib_a-vfprintf.o)
 .text.__swsetup_r
                0x000000000800c264       0xc4 /Developer/Eclipse/gcc-arm-none-eabi-4_9-2014q4/bin/../lib/gcc/arm-none-eabi/4.9.3/../../../../arm-none-eabi/lib/armv7e-m/libg.a(lib_a-wsetup.o)
                0x000000000800c264                __swsetup_r
 .text.startup.register_fini
                0x000000000800c328       0x14 /Developer/Eclipse/gcc-arm-none-eabi-4_9-2014q4/bin/../lib/gcc/arm-none-eabi/4.9.3/../../../../arm-none-eabi/lib/armv7e-m/libg.a(lib_a-__call_atexit.o)
 .text.__call_exitprocs
                0x000000000800c33c       0xd4 /Developer/Eclipse/gcc-arm-none-eabi-4_9-2014q4/bin/../lib/gcc/arm-none-eabi/4.9.3/../../../../arm-none-eabi/lib/armv7e-m/libg.a(lib_a-__call_atexit.o)
                0x000000000800c33c                __call_exitprocs
 .text.atexit   0x000000000800c410        0xc /Developer/Eclipse/gcc-arm-none-eabi-4_9-2014q4/bin/../lib/gcc/arm-none-eabi/4.9.3/../../../../arm-none-eabi/lib/armv7e-m/libg.a(lib_a-atexit.o)
                0x000000000800c410                atexit
 .text.quorem   0x000000000800c41c      0x12c /Developer/Eclipse/gcc-arm-none-eabi-4_9-2014q4/bin/../lib/gcc/arm-none-eabi/4.9.3/../../../../arm-none-eabi/lib/armv7e-m/libg.a(lib_a-dtoa.o)
 .text._dtoa_r  0x000000000800c548      0xe98 /Developer/Eclipse/gcc-arm-none-eabi-4_9-2014q4/bin/../lib/gcc/arm-none-eabi/4.9.3/../../../../arm-none-eabi/lib/armv7e-m/libg.a(lib_a-dtoa.o)
                0x000000000800c548                _dtoa_r
 .text.__sflush_r
                0x000000000800d3e0      0x154 /Developer/Eclipse/gcc-arm-none-eabi-4_9-2014q4/bin/../lib/gcc/arm-none-eabi/4.9.3/../../../../arm-none-eabi/lib/armv7e-m/libg.a(lib_a-fflush.o)
                0x000000000800d3e0                __sflush_r
 .text._fflush_r
                0x000000000800d534       0x2c /Developer/Eclipse/gcc-arm-none-eabi-4_9-2014q4/bin/../lib/gcc/arm-none-eabi/4.9.3/../../../../arm-none-eabi/lib/armv7e-m/libg.a(lib_a-fflush.o)
                0x000000000800d534                _fflush_r
 .text._cleanup_r
                0x000000000800d560        0xc /Developer/Eclipse/gcc-arm-none-eabi-4_9-2014q4/bin/../lib/gcc/arm-none-eabi/4.9.3/../../../../arm-none-eabi/lib/armv7e-m/libg.a(lib_a-findfp.o)
                0x000000000800d560                _cleanup_r
 .text.__sinit.part.1
                0x000000000800d56c       0xf0 /Developer/Eclipse/gcc-arm-none-eabi-4_9-2014q4/bin/../lib/gcc/arm-none-eabi/4.9.3/../../../../arm-none-eabi/lib/armv7e-m/libg.a(lib_a-findfp.o)
 .text.__sinit  0x000000000800d65c        0xc /Developer/Eclipse/gcc-arm-none-eabi-4_9-2014q4/bin/../lib/gcc/arm-none-eabi/4.9.3/../../../../arm-none-eabi/lib/armv7e-m/libg.a(lib_a-findfp.o)
                0x000000000800d65c                __sinit
 .text.__sfp_lock_acquire
                0x000000000800d668        0x4 /Developer/Eclipse/gcc-arm-none-eabi-4_9-2014q4/bin/../lib/gcc/arm-none-eabi/4.9.3/../../../../arm-none-eabi/lib/armv7e-m/libg.a(lib_a-findfp.o)
                0x000000000800d668                __sfp_lock_acquire
 .text.__sfp_lock_release
                0x000000000800d66c        0x4 /Developer/Eclipse/gcc-arm-none-eabi-4_9-2014q4/bin/../lib/gcc/arm-none-eabi/4.9.3/../../../../arm-none-eabi/lib/armv7e-m/libg.a(lib_a-findfp.o)
                0x000000000800d66c                __sfp_lock_release
 .text._malloc_trim_r
                0x000000000800d670       0x9c /Developer/Eclipse/gcc-arm-none-eabi-4_9-2014q4/bin/../lib/gcc/arm-none-eabi/4.9.3/../../../../arm-none-eabi/lib/armv7e-m/libg.a(lib_a-freer.o)
                0x000000000800d670                _malloc_trim_r
 .text._free_r  0x000000000800d70c      0x1b0 /Developer/Eclipse/gcc-arm-none-eabi-4_9-2014q4/bin/../lib/gcc/arm-none-eabi/4.9.3/../../../../arm-none-eabi/lib/armv7e-m/libg.a(lib_a-freer.o)
                0x000000000800d70c                _free_r
 .text.__sfvwrite_r
                0x000000000800d8bc      0x318 /Developer/Eclipse/gcc-arm-none-eabi-4_9-2014q4/bin/../lib/gcc/arm-none-eabi/4.9.3/../../../../arm-none-eabi/lib/armv7e-m/libg.a(lib_a-fvwrite.o)
                0x000000000800d8bc                __sfvwrite_r
 .text._fwalk_reent
                0x000000000800dbd4       0x54 /Developer/Eclipse/gcc-arm-none-eabi-4_9-2014q4/bin/../lib/gcc/arm-none-eabi/4.9.3/../../../../arm-none-eabi/lib/armv7e-m/libg.a(lib_a-fwalk.o)
                0x000000000800dbd4                _fwalk_reent
 .text.__locale_charset
                0x000000000800dc28        0x8 /Developer/Eclipse/gcc-arm-none-eabi-4_9-2014q4/bin/../lib/gcc/arm-none-eabi/4.9.3/../../../../arm-none-eabi/lib/armv7e-m/libg.a(lib_a-locale.o)
                0x000000000800dc28                __locale_charset
 .text.__locale_mb_cur_max
                0x000000000800dc30        0xc /Developer/Eclipse/gcc-arm-none-eabi-4_9-2014q4/bin/../lib/gcc/arm-none-eabi/4.9.3/../../../../arm-none-eabi/lib/armv7e-m/libg.a(lib_a-locale.o)
                0x000000000800dc30                __locale_mb_cur_max
 .text._localeconv_r
                0x000000000800dc3c        0x8 /Developer/Eclipse/gcc-arm-none-eabi-4_9-2014q4/bin/../lib/gcc/arm-none-eabi/4.9.3/../../../../arm-none-eabi/lib/armv7e-m/libg.a(lib_a-locale.o)
                0x000000000800dc3c                _localeconv_r
 .text.__smakebuf_r
                0x000000000800dc44       0xe0 /Developer/Eclipse/gcc-arm-none-eabi-4_9-2014q4/bin/../lib/gcc/arm-none-eabi/4.9.3/../../../../arm-none-eabi/lib/armv7e-m/libg.a(lib_a-makebuf.o)
                0x000000000800dc44                __smakebuf_r
 .text.memchr   0x000000000800dd24       0x94 /Developer/Eclipse/gcc-arm-none-eabi-4_9-2014q4/bin/../lib/gcc/arm-none-eabi/4.9.3/../../../../arm-none-eabi/lib/armv7e-m/libg.a(lib_a-memchr.o)
                0x000000000800dd24                memchr
 .text.memmove  0x000000000800ddb8       0xc8 /Developer/Eclipse/gcc-arm-none-eabi-4_9-2014q4/bin/../lib/gcc/arm-none-eabi/4.9.3/../../../../arm-none-eabi/lib/armv7e-m/libg.a(lib_a-memmove.o)
                0x000000000800ddb8                memmove
 .text._Balloc  0x000000000800de80       0x4c /Developer/Eclipse/gcc-arm-none-eabi-4_9-2014q4/bin/../lib/gcc/arm-none-eabi/4.9.3/../../../../arm-none-eabi/lib/armv7e-m/libg.a(lib_a-mprec.o)
                0x000000000800de80                _Balloc
 .text._Bfree   0x000000000800decc       0x14 /Developer/Eclipse/gcc-arm-none-eabi-4_9-2014q4/bin/../lib/gcc/arm-none-eabi/4.9.3/../../../../arm-none-eabi/lib/armv7e-m/libg.a(lib_a-mprec.o)
                0x000000000800decc                _Bfree
 .text.__multadd
                0x000000000800dee0       0x84 /Developer/Eclipse/gcc-arm-none-eabi-4_9-2014q4/bin/../lib/gcc/arm-none-eabi/4.9.3/../../../../arm-none-eabi/lib/armv7e-m/libg.a(lib_a-mprec.o)
                0x000000000800dee0                __multadd
 .text.__hi0bits
                0x000000000800df64       0x40 /Developer/Eclipse/gcc-arm-none-eabi-4_9-2014q4/bin/../lib/gcc/arm-none-eabi/4.9.3/../../../../arm-none-eabi/lib/armv7e-m/libg.a(lib_a-mprec.o)
                0x000000000800df64                __hi0bits
 .text.__lo0bits
                0x000000000800dfa4       0x5c /Developer/Eclipse/gcc-arm-none-eabi-4_9-2014q4/bin/../lib/gcc/arm-none-eabi/4.9.3/../../../../arm-none-eabi/lib/armv7e-m/libg.a(lib_a-mprec.o)
                0x000000000800dfa4                __lo0bits
 .text.__i2b    0x000000000800e000       0x14 /Developer/Eclipse/gcc-arm-none-eabi-4_9-2014q4/bin/../lib/gcc/arm-none-eabi/4.9.3/../../../../arm-none-eabi/lib/armv7e-m/libg.a(lib_a-mprec.o)
                0x000000000800e000                __i2b
 .text.__multiply
                0x000000000800e014      0x134 /Developer/Eclipse/gcc-arm-none-eabi-4_9-2014q4/bin/../lib/gcc/arm-none-eabi/4.9.3/../../../../arm-none-eabi/lib/armv7e-m/libg.a(lib_a-mprec.o)
                0x000000000800e014                __multiply
 .text.__pow5mult
                0x000000000800e148       0xa0 /Developer/Eclipse/gcc-arm-none-eabi-4_9-2014q4/bin/../lib/gcc/arm-none-eabi/4.9.3/../../../../arm-none-eabi/lib/armv7e-m/libg.a(lib_a-mprec.o)
                0x000000000800e148                __pow5mult
 .text.__lshift
                0x000000000800e1e8       0xac /Developer/Eclipse/gcc-arm-none-eabi-4_9-2014q4/bin/../lib/gcc/arm-none-eabi/4.9.3/../../../../arm-none-eabi/lib/armv7e-m/libg.a(lib_a-mprec.o)
                0x000000000800e1e8                __lshift
 .text.__mcmp   0x000000000800e294       0x48 /Developer/Eclipse/gcc-arm-none-eabi-4_9-2014q4/bin/../lib/gcc/arm-none-eabi/4.9.3/../../../../arm-none-eabi/lib/armv7e-m/libg.a(lib_a-mprec.o)
                0x000000000800e294                __mcmp
 .text.__mdiff  0x000000000800e2dc       0xd4 /Developer/Eclipse/gcc-arm-none-eabi-4_9-2014q4/bin/../lib/gcc/arm-none-eabi/4.9.3/../../../../arm-none-eabi/lib/armv7e-m/libg.a(lib_a-mprec.o)
                0x000000000800e2dc                __mdiff
 .text.__d2b    0x000000000800e3b0       0xb8 /Developer/Eclipse/gcc-arm-none-eabi-4_9-2014q4/bin/../lib/gcc/arm-none-eabi/4.9.3/../../../../arm-none-eabi/lib/armv7e-m/libg.a(lib_a-mprec.o)
                0x000000000800e3b0                __d2b
 .text._realloc_r
                0x000000000800e468      0x3ec /Developer/Eclipse/gcc-arm-none-eabi-4_9-2014q4/bin/../lib/gcc/arm-none-eabi/4.9.3/../../../../arm-none-eabi/lib/armv7e-m/libg.a(lib_a-reallocr.o)
                0x000000000800e468                _realloc_r
 .text.__fpclassifyd
                0x000000000800e854       0x58 /Developer/Eclipse/gcc-arm-none-eabi-4_9-2014q4/bin/../lib/gcc/arm-none-eabi/4.9.3/../../../../arm-none-eabi/lib/armv7e-m/libg.a(lib_a-s_fpclassify.o)
                0x000000000800e854                __fpclassifyd
 .text.__sread  0x000000000800e8ac       0x24 /Developer/Eclipse/gcc-arm-none-eabi-4_9-2014q4/bin/../lib/gcc/arm-none-eabi/4.9.3/../../../../arm-none-eabi/lib/armv7e-m/libg.a(lib_a-stdio.o)
                0x000000000800e8ac                __sread
 .text.__swrite
                0x000000000800e8d0       0x38 /Developer/Eclipse/gcc-arm-none-eabi-4_9-2014q4/bin/../lib/gcc/arm-none-eabi/4.9.3/../../../../arm-none-eabi/lib/armv7e-m/libg.a(lib_a-stdio.o)
                0x000000000800e8d0                __swrite
 .text.__sseek  0x000000000800e908       0x20 /Developer/Eclipse/gcc-arm-none-eabi-4_9-2014q4/bin/../lib/gcc/arm-none-eabi/4.9.3/../../../../arm-none-eabi/lib/armv7e-m/libg.a(lib_a-stdio.o)
                0x000000000800e908                __sseek
 .text.__sclose
                0x000000000800e928        0x8 /Developer/Eclipse/gcc-arm-none-eabi-4_9-2014q4/bin/../lib/gcc/arm-none-eabi/4.9.3/../../../../arm-none-eabi/lib/armv7e-m/libg.a(lib_a-stdio.o)
                0x000000000800e928                __sclose
 .text.__ssprint_r
                0x000000000800e930      0x104 /Developer/Eclipse/gcc-arm-none-eabi-4_9-2014q4/bin/../lib/gcc/arm-none-eabi/4.9.3/../../../../arm-none-eabi/lib/armv7e-m/libg.a(lib_a-svfiprintf.o)
                0x000000000800e930                __ssprint_r
 .text.__sprint_r.part.0
                0x000000000800ea34       0x78 /Developer/Eclipse/gcc-arm-none-eabi-4_9-2014q4/bin/../lib/gcc/arm-none-eabi/4.9.3/../../../../arm-none-eabi/lib/armv7e-m/libg.a(lib_a-vfiprintf.o)
 .text.__sprint_r
                0x000000000800eaac       0x18 /Developer/Eclipse/gcc-arm-none-eabi-4_9-2014q4/bin/../lib/gcc/arm-none-eabi/4.9.3/../../../../arm-none-eabi/lib/armv7e-m/libg.a(lib_a-vfiprintf.o)
                0x000000000800eaac                __sprint_r
 .text.__swbuf_r
                0x000000000800eac4       0xa8 /Developer/Eclipse/gcc-arm-none-eabi-4_9-2014q4/bin/../lib/gcc/arm-none-eabi/4.9.3/../../../../arm-none-eabi/lib/armv7e-m/libg.a(lib_a-wbuf.o)
                0x000000000800eac4                __swbuf_r
 .text._write_r
                0x000000000800eb6c       0x28 /Developer/Eclipse/gcc-arm-none-eabi-4_9-2014q4/bin/../lib/gcc/arm-none-eabi/4.9.3/../../../../arm-none-eabi/lib/armv7e-m/libg.a(lib_a-writer.o)
                0x000000000800eb6c                _write_r
 .text.__register_exitproc
                0x000000000800eb94       0xa4 /Developer/Eclipse/gcc-arm-none-eabi-4_9-2014q4/bin/../lib/gcc/arm-none-eabi/4.9.3/../../../../arm-none-eabi/lib/armv7e-m/libg.a(lib_a-__atexit.o)
                0x000000000800eb94                __register_exitproc
 .text._calloc_r
                0x000000000800ec38       0x60 /Developer/Eclipse/gcc-arm-none-eabi-4_9-2014q4/bin/../lib/gcc/arm-none-eabi/4.9.3/../../../../arm-none-eabi/lib/armv7e-m/libg.a(lib_a-callocr.o)
                0x000000000800ec38                _calloc_r
 .text._close_r
                0x000000000800ec98       0x24 /Developer/Eclipse/gcc-arm-none-eabi-4_9-2014q4/bin/../lib/gcc/arm-none-eabi/4.9.3/../../../../arm-none-eabi/lib/armv7e-m/libg.a(lib_a-closer.o)
                0x000000000800ec98                _close_r
 .text._fclose_r
                0x000000000800ecbc       0x84 /Developer/Eclipse/gcc-arm-none-eabi-4_9-2014q4/bin/../lib/gcc/arm-none-eabi/4.9.3/../../../../arm-none-eabi/lib/armv7e-m/libg.a(lib_a-fclose.o)
                0x000000000800ecbc                _fclose_r
 .text._fputwc_r
                0x000000000800ed40       0xc4 /Developer/Eclipse/gcc-arm-none-eabi-4_9-2014q4/bin/../lib/gcc/arm-none-eabi/4.9.3/../../../../arm-none-eabi/lib/armv7e-m/libg.a(lib_a-fputwc.o)
                0x000000000800ed40                _fputwc_r
 .text._fstat_r
                0x000000000800ee04       0x28 /Developer/Eclipse/gcc-arm-none-eabi-4_9-2014q4/bin/../lib/gcc/arm-none-eabi/4.9.3/../../../../arm-none-eabi/lib/armv7e-m/libg.a(lib_a-fstatr.o)
                0x000000000800ee04                _fstat_r
 .text._isatty_r
                0x000000000800ee2c       0x24 /Developer/Eclipse/gcc-arm-none-eabi-4_9-2014q4/bin/../lib/gcc/arm-none-eabi/4.9.3/../../../../arm-none-eabi/lib/armv7e-m/libg.a(lib_a-isattyr.o)
                0x000000000800ee2c                _isatty_r
 .text._lseek_r
                0x000000000800ee50       0x28 /Developer/Eclipse/gcc-arm-none-eabi-4_9-2014q4/bin/../lib/gcc/arm-none-eabi/4.9.3/../../../../arm-none-eabi/lib/armv7e-m/libg.a(lib_a-lseekr.o)
                0x000000000800ee50                _lseek_r
 .text._read_r  0x000000000800ee78       0x28 /Developer/Eclipse/gcc-arm-none-eabi-4_9-2014q4/bin/../lib/gcc/arm-none-eabi/4.9.3/../../../../arm-none-eabi/lib/armv7e-m/libg.a(lib_a-readr.o)
                0x000000000800ee78                _read_r
 .text._wcrtomb_r
                0x000000000800eea0       0x54 /Developer/Eclipse/gcc-arm-none-eabi-4_9-2014q4/bin/../lib/gcc/arm-none-eabi/4.9.3/../../../../arm-none-eabi/lib/armv7e-m/libg.a(lib_a-wcrtomb.o)
                0x000000000800eea0                _wcrtomb_r
 .text.__ascii_wctomb
                0x000000000800eef4       0x1c /Developer/Eclipse/gcc-arm-none-eabi-4_9-2014q4/bin/../lib/gcc/arm-none-eabi/4.9.3/../../../../arm-none-eabi/lib/armv7e-m/libg.a(lib_a-wctomb_r.o)
                0x000000000800eef4                __ascii_wctomb
 .text          0x000000000800ef10      0x370 /Developer/Eclipse/gcc-arm-none-eabi-4_9-2014q4/bin/../lib/gcc/arm-none-eabi/4.9.3/armv7e-m/libgcc.a(_arm_addsubdf3.o)
                0x000000000800ef10                __aeabi_drsub
                0x000000000800ef18                __subdf3
                0x000000000800ef18                __aeabi_dsub
                0x000000000800ef1c                __aeabi_dadd
                0x000000000800ef1c                __adddf3
                0x000000000800f194                __aeabi_ui2d
                0x000000000800f194                __floatunsidf
                0x000000000800f1b4                __floatsidf
                0x000000000800f1b4                __aeabi_i2d
                0x000000000800f1d8                __extendsfdf2
                0x000000000800f1d8                __aeabi_f2d
                0x000000000800f214                __aeabi_ul2d
                0x000000000800f214                __floatundidf
                0x000000000800f224                __aeabi_l2d
                0x000000000800f224                __floatdidf
 .text          0x000000000800f280      0x424 /Developer/Eclipse/gcc-arm-none-eabi-4_9-2014q4/bin/../lib/gcc/arm-none-eabi/4.9.3/armv7e-m/libgcc.a(_arm_muldivdf3.o)
                0x000000000800f280                __aeabi_dmul
                0x000000000800f280                __muldf3
                0x000000000800f4d4                __aeabi_ddiv
                0x000000000800f4d4                __divdf3
 .text          0x000000000800f6a4      0x110 /Developer/Eclipse/gcc-arm-none-eabi-4_9-2014q4/bin/../lib/gcc/arm-none-eabi/4.9.3/armv7e-m/libgcc.a(_arm_cmpdf2.o)
                0x000000000800f6a4                __gtdf2
                0x000000000800f6a4                __gedf2
                0x000000000800f6ac                __ltdf2
                0x000000000800f6ac                __ledf2
                0x000000000800f6b4                __eqdf2
                0x000000000800f6b4                __nedf2
                0x000000000800f6b4                __cmpdf2
                0x000000000800f730                __aeabi_cdrcmple
                0x000000000800f740                __aeabi_cdcmple
                0x000000000800f740                __aeabi_cdcmpeq
                0x000000000800f750                __aeabi_dcmpeq
                0x000000000800f764                __aeabi_dcmplt
                0x000000000800f778                __aeabi_dcmple
                0x000000000800f78c                __aeabi_dcmpge
                0x000000000800f7a0                __aeabi_dcmpgt
 .text          0x000000000800f7b4       0x50 /Developer/Eclipse/gcc-arm-none-eabi-4_9-2014q4/bin/../lib/gcc/arm-none-eabi/4.9.3/armv7e-m/libgcc.a(_arm_fixdfsi.o)
                0x000000000800f7b4                __fixdfsi
                0x000000000800f7b4                __aeabi_d2iz
 *(.rodata .rodata.*)
 .rodata.Font_System5x8
                0x000000000800f804        0x8 ./src/fonts/smallfonts.o
                0x000000000800f804                Font_System5x8
 .rodata.au8FontSystem5x8
                0x000000000800f80c      0x1e8 ./src/fonts/smallfonts.o
                0x000000000800f80c                au8FontSystem5x8
 .rodata        0x000000000800f9f4       0x70 ./src/interrupts.o
 .rodata        0x000000000800fa64       0x70 ./src/main.o
 .rodata        0x000000000800fad4       0x78 ./src/rtc.o
 .rodata        0x000000000800fb4c      0x170 ./src/sdio.o
 .rodata        0x000000000800fcbc      0x184 ./src/ssd1306.o
 .rodata        0x000000000800fe40       0x28 ./src/uart.o
 .rodata        0x000000000800fe68        0x8 ./libs/misc/src/newlib_stubs.o
 .rodata        0x000000000800fe70       0x10 ./libs/fatfs/src/ff.o
 .rodata.str1.4
                0x000000000800fe80        0x2 /Developer/Eclipse/gcc-arm-none-eabi-4_9-2014q4/bin/../lib/gcc/arm-none-eabi/4.9.3/../../../../arm-none-eabi/lib/armv7e-m/libg.a(lib_a-impure.o)
                                          0x4 (size before relaxing)
 *fill*         0x000000000800fe82        0x2 
 .rodata._global_impure_ptr
                0x000000000800fe84        0x4 /Developer/Eclipse/gcc-arm-none-eabi-4_9-2014q4/bin/../lib/gcc/arm-none-eabi/4.9.3/../../../../arm-none-eabi/lib/armv7e-m/libg.a(lib_a-impure.o)
                0x000000000800fe84                _global_impure_ptr
 .rodata.str1.4
                0x000000000800fe88        0x2 /Developer/Eclipse/gcc-arm-none-eabi-4_9-2014q4/bin/../lib/gcc/arm-none-eabi/4.9.3/../../../../arm-none-eabi/lib/armv7e-m/libg.a(lib_a-puts.o)
                                          0x4 (size before relaxing)
 *fill*         0x000000000800fe8a        0x2 
 .rodata.blanks.6794
                0x000000000800fe8c       0x10 /Developer/Eclipse/gcc-arm-none-eabi-4_9-2014q4/bin/../lib/gcc/arm-none-eabi/4.9.3/../../../../arm-none-eabi/lib/armv7e-m/libg.a(lib_a-svfprintf.o)
 .rodata.str1.4
                0x000000000800fe9c       0x42 /Developer/Eclipse/gcc-arm-none-eabi-4_9-2014q4/bin/../lib/gcc/arm-none-eabi/4.9.3/../../../../arm-none-eabi/lib/armv7e-m/libg.a(lib_a-svfprintf.o)
                                         0x44 (size before relaxing)
 *fill*         0x000000000800fede        0x2 
 .rodata.zeroes.6795
                0x000000000800fee0       0x10 /Developer/Eclipse/gcc-arm-none-eabi-4_9-2014q4/bin/../lib/gcc/arm-none-eabi/4.9.3/../../../../arm-none-eabi/lib/armv7e-m/libg.a(lib_a-svfprintf.o)
 .rodata.zeroes.6810
                0x000000000800fef0       0x10 /Developer/Eclipse/gcc-arm-none-eabi-4_9-2014q4/bin/../lib/gcc/arm-none-eabi/4.9.3/../../../../arm-none-eabi/lib/armv7e-m/libg.a(lib_a-vfprintf.o)
 .rodata.str1.4
                0x0000000000000000       0x44 /Developer/Eclipse/gcc-arm-none-eabi-4_9-2014q4/bin/../lib/gcc/arm-none-eabi/4.9.3/../../../../arm-none-eabi/lib/armv7e-m/libg.a(lib_a-vfprintf.o)
 .rodata.blanks.6809
                0x000000000800ff00       0x10 /Developer/Eclipse/gcc-arm-none-eabi-4_9-2014q4/bin/../lib/gcc/arm-none-eabi/4.9.3/../../../../arm-none-eabi/lib/armv7e-m/libg.a(lib_a-vfprintf.o)
 .rodata.str1.4
                0x000000000800ff10       0x10 /Developer/Eclipse/gcc-arm-none-eabi-4_9-2014q4/bin/../lib/gcc/arm-none-eabi/4.9.3/../../../../arm-none-eabi/lib/armv7e-m/libg.a(lib_a-dtoa.o)
                                         0x14 (size before relaxing)
 .rodata.str1.4
                0x000000000800ff20        0xc /Developer/Eclipse/gcc-arm-none-eabi-4_9-2014q4/bin/../lib/gcc/arm-none-eabi/4.9.3/../../../../arm-none-eabi/lib/armv7e-m/libg.a(lib_a-locale.o)
                                         0x14 (size before relaxing)
 *fill*         0x000000000800ff2c        0x4 
 .rodata.__mprec_tens
                0x000000000800ff30       0xc8 /Developer/Eclipse/gcc-arm-none-eabi-4_9-2014q4/bin/../lib/gcc/arm-none-eabi/4.9.3/../../../../arm-none-eabi/lib/armv7e-m/libg.a(lib_a-mprec.o)
                0x000000000800ff30                __mprec_tens
 .rodata.__mprec_bigtens
                0x000000000800fff8       0x28 /Developer/Eclipse/gcc-arm-none-eabi-4_9-2014q4/bin/../lib/gcc/arm-none-eabi/4.9.3/../../../../arm-none-eabi/lib/armv7e-m/libg.a(lib_a-mprec.o)
                0x000000000800fff8                __mprec_bigtens
 .rodata.p05.5265
                0x0000000008010020        0xc /Developer/Eclipse/gcc-arm-none-eabi-4_9-2014q4/bin/../lib/gcc/arm-none-eabi/4.9.3/../../../../arm-none-eabi/lib/armv7e-m/libg.a(lib_a-mprec.o)
 *(.eh_frame*)
 .eh_frame      0x000000000801002c        0x0 /Developer/Eclipse/gcc-arm-none-eabi-4_9-2014q4/bin/../lib/gcc/arm-none-eabi/4.9.3/../../../../arm-none-eabi/lib/armv7e-m/libg.a(lib_a-strcmp.o)
                                         0x70 (size before relaxing)
 *(.glue_7)
 .glue_7        0x0000000000000000        0x0 linker stubs
 *(.glue_7t)
 .glue_7t       0x0000000000000000        0x0 linker stubs

.vfp11_veneer   0x000000000801002c        0x0
 .vfp11_veneer  0x0000000000000000        0x0 linker stubs

.v4_bx          0x000000000801002c        0x0
 .v4_bx         0x0000000000000000        0x0 linker stubs

.iplt           0x000000000801002c        0x0
 .iplt          0x0000000000000000        0x0 ./src/fonts/smallfonts.o

.ARM.extab
 *(.ARM.extab* .gnu.linkonce.armextab.*)
                0x000000000801002c                __exidx_start = .

.ARM.exidx      0x000000000801002c        0x8
 *(.ARM.exidx* .gnu.linkonce.armexidx.*)
 .ARM.exidx     0x000000000801002c        0x8 /Developer/Eclipse/gcc-arm-none-eabi-4_9-2014q4/bin/../lib/gcc/arm-none-eabi/4.9.3/armv7e-m/libgcc.a(_divdi3.o)
 .ARM.exidx     0x0000000008010034        0x0 /Developer/Eclipse/gcc-arm-none-eabi-4_9-2014q4/bin/../lib/gcc/arm-none-eabi/4.9.3/armv7e-m/libgcc.a(_udivdi3.o)
                                          0x8 (size before relaxing)
                0x0000000008010034                __exidx_end = .

.rel.dyn        0x0000000008010034        0x0
 .rel.iplt      0x0000000000000000        0x0 ./src/fonts/smallfonts.o
                0x0000000008010034                . = ALIGN (0x4)
                0x0000000008010034                _etext = .
                0x0000000008010034                _sidata = _etext

.ROarraySection
 *(.ROarraySection .ROarraySection.*)

.data           0x0000000020000000      0x8dc load address 0x0000000008010034
                0x0000000020000000                . = ALIGN (0x4)
                0x0000000020000000                _sdata = .
                0x0000000020000000                __data_start__ = .
 *(vtable)
 *(EXCLUDE_FILE(*rdimon-crt0.o) .data .data.*)
 .data.led_portList
                0x0000000020000000       0x14 ./src/leds.o
                0x0000000020000000                led_portList
 .data.led_pinList
                0x0000000020000014       0x14 ./src/leds.o
                0x0000000020000014                led_pinList
 .data.SystemCoreClock
                0x0000000020000028        0x4 ./libs/cmsis/src/system_stm32f4xx.o
                0x0000000020000028                SystemCoreClock
 .data.APBAHBPrescTable
                0x000000002000002c       0x10 ./libs/StdPeriph/src/stm32f4xx_rcc.o
 *fill*         0x000000002000003c        0x4 
 .data.impure_data
                0x0000000020000040      0x428 /Developer/Eclipse/gcc-arm-none-eabi-4_9-2014q4/bin/../lib/gcc/arm-none-eabi/4.9.3/../../../../arm-none-eabi/lib/armv7e-m/libg.a(lib_a-impure.o)
 .data._impure_ptr
                0x0000000020000468        0x4 /Developer/Eclipse/gcc-arm-none-eabi-4_9-2014q4/bin/../lib/gcc/arm-none-eabi/4.9.3/../../../../arm-none-eabi/lib/armv7e-m/libg.a(lib_a-impure.o)
                0x0000000020000468                _impure_ptr
 .data.__malloc_av_
                0x000000002000046c      0x408 /Developer/Eclipse/gcc-arm-none-eabi-4_9-2014q4/bin/../lib/gcc/arm-none-eabi/4.9.3/../../../../arm-none-eabi/lib/armv7e-m/libg.a(lib_a-mallocr.o)
                0x000000002000046c                __malloc_av_
 .data.__malloc_trim_threshold
                0x0000000020000874        0x4 /Developer/Eclipse/gcc-arm-none-eabi-4_9-2014q4/bin/../lib/gcc/arm-none-eabi/4.9.3/../../../../arm-none-eabi/lib/armv7e-m/libg.a(lib_a-mallocr.o)
                0x0000000020000874                __malloc_trim_threshold
 .data.__malloc_sbrk_base
                0x0000000020000878        0x4 /Developer/Eclipse/gcc-arm-none-eabi-4_9-2014q4/bin/../lib/gcc/arm-none-eabi/4.9.3/../../../../arm-none-eabi/lib/armv7e-m/libg.a(lib_a-mallocr.o)
                0x0000000020000878                __malloc_sbrk_base
 .data.lconv    0x000000002000087c       0x38 /Developer/Eclipse/gcc-arm-none-eabi-4_9-2014q4/bin/../lib/gcc/arm-none-eabi/4.9.3/../../../../arm-none-eabi/lib/armv7e-m/libg.a(lib_a-locale.o)
 .data.lc_ctype_charset
                0x00000000200008b4       0x20 /Developer/Eclipse/gcc-arm-none-eabi-4_9-2014q4/bin/../lib/gcc/arm-none-eabi/4.9.3/../../../../arm-none-eabi/lib/armv7e-m/libg.a(lib_a-locale.o)
 .data.__mb_cur_max
                0x00000000200008d4        0x4 /Developer/Eclipse/gcc-arm-none-eabi-4_9-2014q4/bin/../lib/gcc/arm-none-eabi/4.9.3/../../../../arm-none-eabi/lib/armv7e-m/libg.a(lib_a-locale.o)
                0x00000000200008d4                __mb_cur_max
 .data.__wctomb
                0x00000000200008d8        0x4 /Developer/Eclipse/gcc-arm-none-eabi-4_9-2014q4/bin/../lib/gcc/arm-none-eabi/4.9.3/../../../../arm-none-eabi/lib/armv7e-m/libg.a(lib_a-wctomb_r.o)
                0x00000000200008d8                __wctomb
                0x00000000200008dc                . = ALIGN (0x4)
                0x00000000200008dc                _edata = .
                0x00000000200008dc                __data_end__ = .

.igot.plt       0x00000000200008dc        0x0 load address 0x0000000008010910
 .igot.plt      0x0000000000000000        0x0 ./src/fonts/smallfonts.o

.bss            0x00000000200008e0      0x600 load address 0x0000000008010918
                0x00000000200008e0                . = ALIGN (0x4)
 *rdimon-crt0.o(.data)
                0x00000000200008e0                . = ALIGN (0x4)
                0x00000000200008e0                __bss_start__ = .
                0x00000000200008e0                _sbss = .
 *(.bss .bss.*)
 .bss.delay_microBuffer
                0x00000000200008e0        0x4 ./src/delay.o
 *fill*         0x00000000200008e4        0x4 
 .bss.delay_totalBuffer
                0x00000000200008e8        0x8 ./src/delay.o
 .bss.encoder_parameterEncoderOneTotal
                0x00000000200008f0        0x2 ./src/encoders.o
 .bss.encoder_parameterEncoderTwoTotal
                0x00000000200008f2        0x2 ./src/encoders.o
 .bss.encoder_parameterEncoderOneDifference
                0x00000000200008f4        0x2 ./src/encoders.o
 .bss.encoder_parameterEncoderTwoDifference
                0x00000000200008f6        0x2 ./src/encoders.o
 .bss.encoder_parameterEncoderOneNew
                0x00000000200008f8        0x2 ./src/encoders.o
 .bss.encoder_parameterEncoderOneOld
                0x00000000200008fa        0x2 ./src/encoders.o
 .bss.encoder_parameterEncoderTwoNew
                0x00000000200008fc        0x2 ./src/encoders.o
 .bss.encoder_parameterEncoderTwoOld
                0x00000000200008fe        0x2 ./src/encoders.o
 .bss.uwAsynchPrediv
                0x0000000020000900        0x4 ./src/rtc.o
 .bss.uwSynchPrediv
                0x0000000020000904        0x4 ./src/rtc.o
 .bss.RTC_TimeStructure
                0x0000000020000908        0x4 ./src/rtc.o
 .bss.RTC_DateStructure
                0x000000002000090c        0x4 ./src/rtc.o
 .bss.CardType  0x0000000020000910        0x4 ./src/sdio.o
 .bss.CSD_Tab   0x0000000020000914       0x10 ./src/sdio.o
 .bss.CID_Tab   0x0000000020000924       0x10 ./src/sdio.o
 .bss.RCA       0x0000000020000934        0x4 ./src/sdio.o
 .bss.StopCondition
                0x0000000020000938        0x4 ./src/sdio.o
                0x0000000020000938                StopCondition
 .bss.TransferError
                0x000000002000093c        0x1 ./src/sdio.o
                0x000000002000093c                TransferError
 *fill*         0x000000002000093d        0x3 
 .bss.TransferEnd
                0x0000000020000940        0x4 ./src/sdio.o
                0x0000000020000940                TransferEnd
 .bss.DMAEndOfTransfer
                0x0000000020000944        0x4 ./src/sdio.o
                0x0000000020000944                DMAEndOfTransfer
 .bss.str.9125  0x0000000020000948       0x10 ./src/sdio.o
 .bss.ssd1306_parameters
                0x0000000020000958       0x14 ./src/ssd1306.o
 .bss.current_heap_end.4302
                0x000000002000096c        0x4 ./libs/misc/src/_sbrk.o
 .bss.FatFs     0x0000000020000970        0x4 ./libs/fatfs/src/ff.o
 .bss.Fsid      0x0000000020000974        0x2 ./libs/fatfs/src/ff.o
 *fill*         0x0000000020000976        0x2 
 .bss.__malloc_max_total_mem
                0x0000000020000978        0x4 /Developer/Eclipse/gcc-arm-none-eabi-4_9-2014q4/bin/../lib/gcc/arm-none-eabi/4.9.3/../../../../arm-none-eabi/lib/armv7e-m/libg.a(lib_a-mallocr.o)
                0x0000000020000978                __malloc_max_total_mem
 .bss.__malloc_max_sbrked_mem
                0x000000002000097c        0x4 /Developer/Eclipse/gcc-arm-none-eabi-4_9-2014q4/bin/../lib/gcc/arm-none-eabi/4.9.3/../../../../arm-none-eabi/lib/armv7e-m/libg.a(lib_a-mallocr.o)
                0x000000002000097c                __malloc_max_sbrked_mem
 .bss.__malloc_top_pad
                0x0000000020000980        0x4 /Developer/Eclipse/gcc-arm-none-eabi-4_9-2014q4/bin/../lib/gcc/arm-none-eabi/4.9.3/../../../../arm-none-eabi/lib/armv7e-m/libg.a(lib_a-mallocr.o)
                0x0000000020000980                __malloc_top_pad
 .bss.__malloc_current_mallinfo
                0x0000000020000984       0x28 /Developer/Eclipse/gcc-arm-none-eabi-4_9-2014q4/bin/../lib/gcc/arm-none-eabi/4.9.3/../../../../arm-none-eabi/lib/armv7e-m/libg.a(lib_a-mallocr.o)
                0x0000000020000984                __malloc_current_mallinfo
 *(COMMON)
 *fill*         0x00000000200009ac        0x4 
 COMMON         0x00000000200009b0      0x52c ./src/sdio.o
                0x00000000200009b0                SDIO_CmdInitStructure
                0x00000000200009c4                path
                0x00000000200009c8                fs32
                0x0000000020000bf8                fno
                0x0000000020000c10                SDCardInfo
                0x0000000020000c68                SDIO_InitStructure
                0x0000000020000c80                SDIO_DataInitStructure
                0x0000000020000c98                dir
                0x0000000020000cb4                res
                0x0000000020000cb8                fil
 COMMON         0x0000000020000edc        0x4 /Developer/Eclipse/gcc-arm-none-eabi-4_9-2014q4/bin/../lib/gcc/arm-none-eabi/4.9.3/../../../../arm-none-eabi/lib/armv7e-m/libg.a(lib_a-reent.o)
                0x0000000020000edc                errno
                0x0000000020000ee0                . = ALIGN (0x4)
                0x0000000020000ee0                __bss_end__ = .
                0x0000000020000ee0                _ebss = .

.noinit         0x0000000020000ee0        0x0
                0x0000000020000ee0                . = ALIGN (0x4)
                0x0000000020000ee0                _noinit = .
 *(.noinit .noinit.*)
                0x0000000020000ee0                . = ALIGN (0x4)
                0x0000000020000ee0                _end_noinit = .
                0x0000000020000ee0                PROVIDE (end, _end_noinit)
                0x0000000020000ee0                PROVIDE (_end, _end_noinit)
                0x0000000020000ee0                PROVIDE (__end, _end_noinit)
                0x0000000020000ee0                PROVIDE (__end__, _end_noinit)

._check_stack   0x0000000020000ee0      0x100 load address 0x0000000008010f18
                0x0000000020000ee0                . = ALIGN (0x4)
                0x0000000020000fe0                . = (. + _Minimum_Stack_Size)
 *fill*         0x0000000020000ee0      0x100 
                0x0000000020000fe0                . = ALIGN (0x4)

.bss_CCMRAM
 *(.bss.CCMRAM .bss.CCMRAM.*)

.b1text
 *(.b1text)
 *(.b1rodata)
 *(.b1rodata.*)

.eb0text
 *(.eb0text)
 *(.eb0rodata)
 *(.eb0rodata.*)

.eb1text
 *(.eb1text)
 *(.eb1rodata)
 *(.eb1rodata.*)

.eb2text
 *(.eb2text)
 *(.eb2rodata)
 *(.eb2rodata.*)

.eb3text
 *(.eb3text)
 *(.eb3rodata)
 *(.eb3rodata.*)

.stab
 *(.stab)

.stabstr
 *(.stabstr)

.stab.excl
 *(.stab.excl)

.stab.exclstr
 *(.stab.exclstr)

.stab.index
 *(.stab.index)

.stab.indexstr
 *(.stab.indexstr)

.comment        0x0000000000000000       0x70
 *(.comment)
 .comment       0x0000000000000000       0x70 ./src/fonts/smallfonts.o
                                         0x71 (size before relaxing)
 .comment       0x0000000000000000       0x71 ./src/delay.o
 .comment       0x0000000000000000       0x71 ./src/dma.o
 .comment       0x0000000000000000       0x71 ./src/encoders.o
 .comment       0x0000000000000000       0x71 ./src/gpio.o
 .comment       0x0000000000000000       0x71 ./src/initialization.o
 .comment       0x0000000000000000       0x71 ./src/interrupts.o
 .comment       0x0000000000000000       0x71 ./src/leds.o
 .comment       0x0000000000000000       0x71 ./src/main.o
 .comment       0x0000000000000000       0x71 ./src/nvic.o
 .comment       0x0000000000000000       0x71 ./src/pushbuttons.o
 .comment       0x0000000000000000       0x71 ./src/rcc.o
 .comment       0x0000000000000000       0x71 ./src/rng.o
 .comment       0x0000000000000000       0x71 ./src/rtc.o
 .comment       0x0000000000000000       0x71 ./src/sdio.o
 .comment       0x0000000000000000       0x71 ./src/spi.o
 .comment       0x0000000000000000       0x71 ./src/ssd1306.o
 .comment       0x0000000000000000       0x71 ./src/uart.o
 .comment       0x0000000000000000       0x71 ./libs/misc/src/_sbrk.o
 .comment       0x0000000000000000       0x71 ./libs/misc/src/newlib_stubs.o
 .comment       0x0000000000000000       0x71 ./libs/fatfs/src/diskio.o
 .comment       0x0000000000000000       0x71 ./libs/fatfs/src/ff.o
 .comment       0x0000000000000000       0x71 ./libs/cmsis/src/startup_cm.o
 .comment       0x0000000000000000       0x71 ./libs/cmsis/src/system_stm32f4xx.o
 .comment       0x0000000000000000       0x71 ./libs/cmsis/src/vectors_stm32f4xx.o
 .comment       0x0000000000000000       0x71 ./libs/StdPeriph/src/misc.o
 .comment       0x0000000000000000       0x71 ./libs/StdPeriph/src/stm32f4xx_dma.o
 .comment       0x0000000000000000       0x71 ./libs/StdPeriph/src/stm32f4xx_exti.o
 .comment       0x0000000000000000       0x71 ./libs/StdPeriph/src/stm32f4xx_gpio.o
 .comment       0x0000000000000000       0x71 ./libs/StdPeriph/src/stm32f4xx_pwr.o
 .comment       0x0000000000000000       0x71 ./libs/StdPeriph/src/stm32f4xx_rcc.o
 .comment       0x0000000000000000       0x71 ./libs/StdPeriph/src/stm32f4xx_rng.o
 .comment       0x0000000000000000       0x71 ./libs/StdPeriph/src/stm32f4xx_rtc.o
 .comment       0x0000000000000000       0x71 ./libs/StdPeriph/src/stm32f4xx_sdio.o
 .comment       0x0000000000000000       0x71 ./libs/StdPeriph/src/stm32f4xx_spi.o
 .comment       0x0000000000000000       0x71 ./libs/StdPeriph/src/stm32f4xx_syscfg.o
 .comment       0x0000000000000000       0x71 ./libs/StdPeriph/src/stm32f4xx_tim.o
 .comment       0x0000000000000000       0x71 ./libs/StdPeriph/src/stm32f4xx_usart.o

.ARM.attributes
                0x0000000000000000       0x31
 .ARM.attributes
                0x0000000000000000       0x33 ./src/fonts/smallfonts.o
 .ARM.attributes
                0x0000000000000033       0x33 ./src/delay.o
 .ARM.attributes
                0x0000000000000066       0x33 ./src/dma.o
 .ARM.attributes
                0x0000000000000099       0x33 ./src/encoders.o
 .ARM.attributes
                0x00000000000000cc       0x33 ./src/gpio.o
 .ARM.attributes
                0x00000000000000ff       0x33 ./src/initialization.o
 .ARM.attributes
                0x0000000000000132       0x33 ./src/interrupts.o
 .ARM.attributes
                0x0000000000000165       0x33 ./src/leds.o
 .ARM.attributes
                0x0000000000000198       0x33 ./src/main.o
 .ARM.attributes
                0x00000000000001cb       0x33 ./src/nvic.o
 .ARM.attributes
                0x00000000000001fe       0x33 ./src/pushbuttons.o
 .ARM.attributes
                0x0000000000000231       0x33 ./src/rcc.o
 .ARM.attributes
                0x0000000000000264       0x33 ./src/rng.o
 .ARM.attributes
                0x0000000000000297       0x33 ./src/rtc.o
 .ARM.attributes
                0x00000000000002ca       0x33 ./src/sdio.o
 .ARM.attributes
                0x00000000000002fd       0x33 ./src/spi.o
 .ARM.attributes
                0x0000000000000330       0x33 ./src/ssd1306.o
 .ARM.attributes
                0x0000000000000363       0x33 ./src/uart.o
 .ARM.attributes
                0x0000000000000396       0x33 ./libs/misc/src/_sbrk.o
 .ARM.attributes
                0x00000000000003c9       0x33 ./libs/misc/src/newlib_stubs.o
 .ARM.attributes
                0x00000000000003fc       0x33 ./libs/fatfs/src/diskio.o
 .ARM.attributes
                0x000000000000042f       0x33 ./libs/fatfs/src/ff.o
 .ARM.attributes
                0x0000000000000462       0x33 ./libs/cmsis/src/startup_cm.o
 .ARM.attributes
                0x0000000000000495       0x33 ./libs/cmsis/src/system_stm32f4xx.o
 .ARM.attributes
                0x00000000000004c8       0x33 ./libs/cmsis/src/vectors_stm32f4xx.o
 .ARM.attributes
                0x00000000000004fb       0x33 ./libs/StdPeriph/src/misc.o
 .ARM.attributes
                0x000000000000052e       0x33 ./libs/StdPeriph/src/stm32f4xx_dma.o
 .ARM.attributes
                0x0000000000000561       0x33 ./libs/StdPeriph/src/stm32f4xx_exti.o
 .ARM.attributes
                0x0000000000000594       0x33 ./libs/StdPeriph/src/stm32f4xx_gpio.o
 .ARM.attributes
                0x00000000000005c7       0x33 ./libs/StdPeriph/src/stm32f4xx_pwr.o
 .ARM.attributes
                0x00000000000005fa       0x33 ./libs/StdPeriph/src/stm32f4xx_rcc.o
 .ARM.attributes
                0x000000000000062d       0x33 ./libs/StdPeriph/src/stm32f4xx_rng.o
 .ARM.attributes
                0x0000000000000660       0x33 ./libs/StdPeriph/src/stm32f4xx_rtc.o
 .ARM.attributes
                0x0000000000000693       0x33 ./libs/StdPeriph/src/stm32f4xx_sdio.o
 .ARM.attributes
                0x00000000000006c6       0x33 ./libs/StdPeriph/src/stm32f4xx_spi.o
 .ARM.attributes
                0x00000000000006f9       0x33 ./libs/StdPeriph/src/stm32f4xx_syscfg.o
 .ARM.attributes
                0x000000000000072c       0x33 ./libs/StdPeriph/src/stm32f4xx_tim.o
 .ARM.attributes
                0x000000000000075f       0x33 ./libs/StdPeriph/src/stm32f4xx_usart.o
 .ARM.attributes
                0x0000000000000792       0x1e /Developer/Eclipse/gcc-arm-none-eabi-4_9-2014q4/bin/../lib/gcc/arm-none-eabi/4.9.3/armv7e-m/libgcc.a(_aeabi_uldivmod.o)
 .ARM.attributes
                0x00000000000007b0       0x2e /Developer/Eclipse/gcc-arm-none-eabi-4_9-2014q4/bin/../lib/gcc/arm-none-eabi/4.9.3/armv7e-m/libgcc.a(bpabi.o)
 .ARM.attributes
                0x00000000000007de       0x1e /Developer/Eclipse/gcc-arm-none-eabi-4_9-2014q4/bin/../lib/gcc/arm-none-eabi/4.9.3/armv7e-m/libgcc.a(_dvmd_tls.o)
 .ARM.attributes
                0x00000000000007fc       0x2e /Developer/Eclipse/gcc-arm-none-eabi-4_9-2014q4/bin/../lib/gcc/arm-none-eabi/4.9.3/armv7e-m/libgcc.a(_divdi3.o)
 .ARM.attributes
                0x000000000000082a       0x2e /Developer/Eclipse/gcc-arm-none-eabi-4_9-2014q4/bin/../lib/gcc/arm-none-eabi/4.9.3/armv7e-m/libgcc.a(_udivdi3.o)
 .ARM.attributes
                0x0000000000000858       0x2e /Developer/Eclipse/gcc-arm-none-eabi-4_9-2014q4/bin/../lib/gcc/arm-none-eabi/4.9.3/../../../../arm-none-eabi/lib/armv7e-m/libg.a(lib_a-errno.o)
 .ARM.attributes
                0x0000000000000886       0x2e /Developer/Eclipse/gcc-arm-none-eabi-4_9-2014q4/bin/../lib/gcc/arm-none-eabi/4.9.3/../../../../arm-none-eabi/lib/armv7e-m/libg.a(lib_a-exit.o)
 .ARM.attributes
                0x00000000000008b4       0x2e /Developer/Eclipse/gcc-arm-none-eabi-4_9-2014q4/bin/../lib/gcc/arm-none-eabi/4.9.3/../../../../arm-none-eabi/lib/armv7e-m/libg.a(lib_a-impure.o)
 .ARM.attributes
                0x00000000000008e2       0x2e /Developer/Eclipse/gcc-arm-none-eabi-4_9-2014q4/bin/../lib/gcc/arm-none-eabi/4.9.3/../../../../arm-none-eabi/lib/armv7e-m/libg.a(lib_a-malloc.o)
 .ARM.attributes
                0x0000000000000910       0x2e /Developer/Eclipse/gcc-arm-none-eabi-4_9-2014q4/bin/../lib/gcc/arm-none-eabi/4.9.3/../../../../arm-none-eabi/lib/armv7e-m/libg.a(lib_a-mallocr.o)
 .ARM.attributes
                0x000000000000093e       0x1c /Developer/Eclipse/gcc-arm-none-eabi-4_9-2014q4/bin/../lib/gcc/arm-none-eabi/4.9.3/../../../../arm-none-eabi/lib/armv7e-m/libg.a(lib_a-memcpy.o)
 .ARM.attributes