Archive member included because of file (symbol)

/Developer/Eclipse/gcc-arm-none-eabi-4_9-2015q2/bin/../lib/gcc/arm-none-eabi/4.9.3/armv7-m/libgcc.a(unwind-arm.o)
                              ./system/src/newlib/_cxx.o (__aeabi_unwind_cpp_pr1)
/Developer/Eclipse/gcc-arm-none-eabi-4_9-2015q2/bin/../lib/gcc/arm-none-eabi/4.9.3/armv7-m/libgcc.a(libunwind.o)
                              /Developer/Eclipse/gcc-arm-none-eabi-4_9-2015q2/bin/../lib/gcc/arm-none-eabi/4.9.3/armv7-m/libgcc.a(unwind-arm.o) (restore_core_regs)
/Developer/Eclipse/gcc-arm-none-eabi-4_9-2015q2/bin/../lib/gcc/arm-none-eabi/4.9.3/armv7-m/libgcc.a(pr-support.o)
                              /Developer/Eclipse/gcc-arm-none-eabi-4_9-2015q2/bin/../lib/gcc/arm-none-eabi/4.9.3/armv7-m/libgcc.a(unwind-arm.o) (__gnu_unwind_execute)
/Developer/Eclipse/gcc-arm-none-eabi-4_9-2015q2/bin/../lib/gcc/arm-none-eabi/4.9.3/../../../../arm-none-eabi/lib/armv7-m/libg_nano.a(lib_a-errno.o)
                              ./system/src/newlib/_sbrk.o (__errno)
/Developer/Eclipse/gcc-arm-none-eabi-4_9-2015q2/bin/../lib/gcc/arm-none-eabi/4.9.3/../../../../arm-none-eabi/lib/armv7-m/libg_nano.a(lib_a-impure.o)
                              /Developer/Eclipse/gcc-arm-none-eabi-4_9-2015q2/bin/../lib/gcc/arm-none-eabi/4.9.3/../../../../arm-none-eabi/lib/armv7-m/libg_nano.a(lib_a-errno.o) (_impure_ptr)
/Developer/Eclipse/gcc-arm-none-eabi-4_9-2015q2/bin/../lib/gcc/arm-none-eabi/4.9.3/../../../../arm-none-eabi/lib/armv7-m/libg_nano.a(lib_a-init.o)
                              ./system/src/cmsis/startup_stm32l152xe.o (__libc_init_array)
/Developer/Eclipse/gcc-arm-none-eabi-4_9-2015q2/bin/../lib/gcc/arm-none-eabi/4.9.3/../../../../arm-none-eabi/lib/armv7-m/libg_nano.a(lib_a-memcpy.o)
                              /Developer/Eclipse/gcc-arm-none-eabi-4_9-2015q2/bin/../lib/gcc/arm-none-eabi/4.9.3/armv7-m/libgcc.a(unwind-arm.o) (memcpy)
/Developer/Eclipse/gcc-arm-none-eabi-4_9-2015q2/bin/../lib/gcc/arm-none-eabi/4.9.3/../../../../arm-none-eabi/lib/armv7-m/libg_nano.a(lib_a-memset.o)
                              ./src/main.o (memset)
/Developer/Eclipse/gcc-arm-none-eabi-4_9-2015q2/bin/../lib/gcc/arm-none-eabi/4.9.3/../../../../arm-none-eabi/lib/armv7-m/libg_nano.a(lib_a-strlen.o)
                              ./system/src/diag/Trace.o (strlen)
/Developer/Eclipse/gcc-arm-none-eabi-4_9-2015q2/bin/../lib/gcc/arm-none-eabi/4.9.3/../../../../arm-none-eabi/lib/armv7-m/libg_nano.a(lib_a-vsnprintf.o)
                              ./system/src/diag/Trace.o (vsnprintf)
/Developer/Eclipse/gcc-arm-none-eabi-4_9-2015q2/bin/../lib/gcc/arm-none-eabi/4.9.3/../../../../arm-none-eabi/lib/armv7-m/libg_nano.a(lib_a-nano-svfprintf.o)
                              /Developer/Eclipse/gcc-arm-none-eabi-4_9-2015q2/bin/../lib/gcc/arm-none-eabi/4.9.3/../../../../arm-none-eabi/lib/armv7-m/libg_nano.a(lib_a-vsnprintf.o) (_svfprintf_r)
/Developer/Eclipse/gcc-arm-none-eabi-4_9-2015q2/bin/../lib/gcc/arm-none-eabi/4.9.3/../../../../arm-none-eabi/lib/armv7-m/libg_nano.a(lib_a-nano-vfprintf_i.o)
                              /Developer/Eclipse/gcc-arm-none-eabi-4_9-2015q2/bin/../lib/gcc/arm-none-eabi/4.9.3/../../../../arm-none-eabi/lib/armv7-m/libg_nano.a(lib_a-nano-svfprintf.o) (_printf_i)
/Developer/Eclipse/gcc-arm-none-eabi-4_9-2015q2/bin/../lib/gcc/arm-none-eabi/4.9.3/../../../../arm-none-eabi/lib/armv7-m/libg_nano.a(lib_a-memchr.o)
                              /Developer/Eclipse/gcc-arm-none-eabi-4_9-2015q2/bin/../lib/gcc/arm-none-eabi/4.9.3/../../../../arm-none-eabi/lib/armv7-m/libg_nano.a(lib_a-nano-svfprintf.o) (memchr)
/Developer/Eclipse/gcc-arm-none-eabi-4_9-2015q2/bin/../lib/gcc/arm-none-eabi/4.9.3/../../../../arm-none-eabi/lib/armv7-m/libg_nano.a(lib_a-memmove.o)
                              /Developer/Eclipse/gcc-arm-none-eabi-4_9-2015q2/bin/../lib/gcc/arm-none-eabi/4.9.3/../../../../arm-none-eabi/lib/armv7-m/libg_nano.a(lib_a-nano-svfprintf.o) (memmove)
/Developer/Eclipse/gcc-arm-none-eabi-4_9-2015q2/bin/../lib/gcc/arm-none-eabi/4.9.3/../../../../arm-none-eabi/lib/armv7-m/libg_nano.a(lib_a-nano-freer.o)
                              /Developer/Eclipse/gcc-arm-none-eabi-4_9-2015q2/bin/../lib/gcc/arm-none-eabi/4.9.3/../../../../arm-none-eabi/lib/armv7-m/libg_nano.a(lib_a-nano-svfprintf.o) (_free_r)
/Developer/Eclipse/gcc-arm-none-eabi-4_9-2015q2/bin/../lib/gcc/arm-none-eabi/4.9.3/../../../../arm-none-eabi/lib/armv7-m/libg_nano.a(lib_a-nano-mallocr.o)
                              /Developer/Eclipse/gcc-arm-none-eabi-4_9-2015q2/bin/../lib/gcc/arm-none-eabi/4.9.3/../../../../arm-none-eabi/lib/armv7-m/libg_nano.a(lib_a-nano-svfprintf.o) (_malloc_r)
/Developer/Eclipse/gcc-arm-none-eabi-4_9-2015q2/bin/../lib/gcc/arm-none-eabi/4.9.3/../../../../arm-none-eabi/lib/armv7-m/libg_nano.a(lib_a-nano-reallocr.o)
                              /Developer/Eclipse/gcc-arm-none-eabi-4_9-2015q2/bin/../lib/gcc/arm-none-eabi/4.9.3/../../../../arm-none-eabi/lib/armv7-m/libg_nano.a(lib_a-nano-svfprintf.o) (_realloc_r)
[...]
Memory Configuration

Name             Origin             Length             Attributes
FLASH            0x0000000000000000 0x0000000000010000 xr
RAM              0x0000000020000000 0x0000000000002000 xrw
CCMRAM           0x0000000010000000 0x0000000000000000 xrw
FLASHB1          0x0000000000000000 0x0000000000000000 xr
EXTMEMB0         0x0000000000000000 0x0000000000000000 xr
EXTMEMB1         0x0000000000000000 0x0000000000000000 xr
EXTMEMB2         0x0000000000000000 0x0000000000000000 xr
EXTMEMB3         0x0000000000000000 0x0000000000000000 xr
*default*        0x0000000000000000 0xffffffffffffffff

Linker script and memory map

LOAD ./system/src/stm32l1xx/stm32l1xx_hal.o
LOAD ./system/src/stm32l1xx/stm32l1xx_hal_adc.o
LOAD ./system/src/stm32l1xx/stm32l1xx_hal_adc_ex.o
LOAD ./system/src/stm32l1xx/stm32l1xx_hal_comp.o
LOAD ./system/src/stm32l1xx/stm32l1xx_hal_cortex.o
LOAD ./system/src/stm32l1xx/stm32l1xx_hal_crc.o
LOAD ./system/src/stm32l1xx/stm32l1xx_hal_cryp.o
LOAD ./system/src/stm32l1xx/stm32l1xx_hal_cryp_ex.o
LOAD ./system/src/stm32l1xx/stm32l1xx_hal_dac.o
LOAD ./system/src/stm32l1xx/stm32l1xx_hal_dac_ex.o
LOAD ./system/src/stm32l1xx/stm32l1xx_hal_dma.o
LOAD ./system/src/stm32l1xx/stm32l1xx_hal_flash.o
LOAD ./system/src/stm32l1xx/stm32l1xx_hal_flash_ex.o
LOAD ./system/src/stm32l1xx/stm32l1xx_hal_flash_ramfunc.o
LOAD ./system/src/stm32l1xx/stm32l1xx_hal_gpio.o
LOAD ./system/src/stm32l1xx/stm32l1xx_hal_i2c.o
LOAD ./system/src/stm32l1xx/stm32l1xx_hal_i2s.o
LOAD ./system/src/stm32l1xx/stm32l1xx_hal_irda.o
LOAD ./system/src/stm32l1xx/stm32l1xx_hal_iwdg.o
LOAD ./system/src/stm32l1xx/stm32l1xx_hal_lcd.o
LOAD ./system/src/stm32l1xx/stm32l1xx_hal_msp_template.o
LOAD ./system/src/stm32l1xx/stm32l1xx_hal_nor.o
LOAD ./system/src/stm32l1xx/stm32l1xx_hal_opamp.o
LOAD ./system/src/stm32l1xx/stm32l1xx_hal_opamp_ex.o
LOAD ./system/src/stm32l1xx/stm32l1xx_hal_pcd.o
LOAD ./system/src/stm32l1xx/stm32l1xx_hal_pcd_ex.o
LOAD ./system/src/stm32l1xx/stm32l1xx_hal_pwr.o
LOAD ./system/src/stm32l1xx/stm32l1xx_hal_pwr_ex.o
LOAD ./system/src/stm32l1xx/stm32l1xx_hal_rcc.o
LOAD ./system/src/stm32l1xx/stm32l1xx_hal_rcc_ex.o
LOAD ./system/src/stm32l1xx/stm32l1xx_hal_rtc.o
LOAD ./system/src/stm32l1xx/stm32l1xx_hal_rtc_ex.o
LOAD ./system/src/stm32l1xx/stm32l1xx_hal_sd.o
LOAD ./system/src/stm32l1xx/stm32l1xx_hal_smartcard.o
LOAD ./system/src/stm32l1xx/stm32l1xx_hal_spi.o
LOAD ./system/src/stm32l1xx/stm32l1xx_hal_spi_ex.o
LOAD ./system/src/stm32l1xx/stm32l1xx_hal_sram.o
LOAD ./system/src/stm32l1xx/stm32l1xx_hal_tim.o
LOAD ./system/src/stm32l1xx/stm32l1xx_hal_tim_ex.o
LOAD ./system/src/stm32l1xx/stm32l1xx_hal_uart.o
LOAD ./system/src/stm32l1xx/stm32l1xx_hal_usart.o
LOAD ./system/src/stm32l1xx/stm32l1xx_hal_wwdg.o
LOAD ./system/src/stm32l1xx/stm32l1xx_ll_fsmc.o
LOAD ./system/src/stm32l1xx/stm32l1xx_ll_sdmmc.o
LOAD ./system/src/newlib/_cxx.o
LOAD ./system/src/newlib/_exit.o
LOAD ./system/src/newlib/_sbrk.o
LOAD ./system/src/newlib/_startup.o
LOAD ./system/src/newlib/_syscalls.o
LOAD ./system/src/newlib/assert.o
LOAD ./system/src/diag/Trace.o
LOAD ./system/src/diag/trace_impl.o
LOAD ./system/src/cortexm/_initialize_hardware.o
LOAD ./system/src/cortexm/_reset_hardware.o
LOAD ./system/src/cortexm/exception_handlers.o
LOAD ./system/src/cmsis/startup_stm32l152xe.o
LOAD ./system/src/cmsis/system_stm32l1xx.o
LOAD ./src/_write.o
LOAD ./src/main.o
LOAD ./src/stm32l1xx_it.o
LOAD ./src/stm32l1xx_nucleo.o
LOAD /Developer/Eclipse/gcc-arm-none-eabi-4_9-2015q2/bin/../lib/gcc/arm-none-eabi/4.9.3/../../../../arm-none-eabi/lib/armv7-m/libstdc++_nano.a
LOAD /Developer/Eclipse/gcc-arm-none-eabi-4_9-2015q2/bin/../lib/gcc/arm-none-eabi/4.9.3/../../../../arm-none-eabi/lib/armv7-m/libm.a
START GROUP
LOAD /Developer/Eclipse/gcc-arm-none-eabi-4_9-2015q2/bin/../lib/gcc/arm-none-eabi/4.9.3/armv7-m/libgcc.a
LOAD /Developer/Eclipse/gcc-arm-none-eabi-4_9-2015q2/bin/../lib/gcc/arm-none-eabi/4.9.3/../../../../arm-none-eabi/lib/armv7-m/libg_nano.a
LOAD /Developer/Eclipse/gcc-arm-none-eabi-4_9-2015q2/bin/../lib/gcc/arm-none-eabi/4.9.3/../../../../arm-none-eabi/lib/armv7-m/libc_nano.a
END GROUP
START GROUP
LOAD /Developer/Eclipse/gcc-arm-none-eabi-4_9-2015q2/bin/../lib/gcc/arm-none-eabi/4.9.3/armv7-m/libgcc.a
LOAD /Developer/Eclipse/gcc-arm-none-eabi-4_9-2015q2/bin/../lib/gcc/arm-none-eabi/4.9.3/../../../../arm-none-eabi/lib/armv7-m/libc_nano.a
END GROUP
                0x0000000020002000                __stack = (ORIGIN (RAM) + 0x2000)
                0x0000000020002000                _estack = __stack
                0x0000000000000400                __Main_Stack_Size = 0x400
                0x0000000000000400                PROVIDE (_Main_Stack_Size, __Main_Stack_Size)
                0x0000000020001c00                __Main_Stack_Limit = (__stack - __Main_Stack_Size)
                0x0000000020001c00                PROVIDE (_Main_Stack_Limit, __Main_Stack_Limit)
                0x0000000000000100                _Minimum_Stack_Size = 0x100
                0x0000000020000148                PROVIDE (_Heap_Begin, _end_noinit)
                0x0000000020001c00                PROVIDE (_Heap_Limit, (__stack - __Main_Stack_Size))

.isr_vector     0x0000000000000000      0x344
                0x0000000000000000                . = ALIGN (0x4)
 *(.isr_vector)
 .isr_vector    0x0000000000000000      0x13c ./system/src/cmsis/startup_stm32l152xe.o
                0x0000000000000000                g_pfnVectors
 *(.cfmconfig)
 *(.after_vectors .after_vectors.*)
 .after_vectors
                0x000000000000013c      0x108 ./system/src/newlib/_startup.o
                0x000000000000013c                _start
 .after_vectors
                0x0000000000000244      0x100 ./system/src/cortexm/exception_handlers.o
                0x0000000000000244                Reset_Handler
                0x0000000000000262                HardFault_Handler_C
                0x00000000000002ac                BusFault_Handler_C
                0x00000000000002f4                UsageFault_Handler_C
                0x0000000000000344                . = ALIGN (0x4)

.inits          0x0000000000000344        0x0
                0x0000000000000344                . = ALIGN (0x4)
 *(.init)
 *(.fini)
                0x0000000000000344                . = ALIGN (0x4)
                0x0000000000000344                PROVIDE (__preinit_array_start, .)
 *(.preinit_array_sysinit .preinit_array_sysinit.*)
 *(.preinit_array_platform .preinit_array_platform.*)
 *(.preinit_array .preinit_array.*)
                0x0000000000000344                PROVIDE (__preinit_array_end, .)
                0x0000000000000344                . = ALIGN (0x4)
                0x0000000000000344                PROVIDE (__init_array_start, .)
 *(SORT(.init_array.*))
 *(.init_array)
                0x0000000000000344                PROVIDE (__init_array_end, .)
                0x0000000000000344                . = ALIGN (0x4)
                0x0000000000000344                PROVIDE (__fini_array_start, .)
 *(SORT(.fini_array.*))
 *(.fini_array)
                0x0000000000000344                PROVIDE (__fini_array_end, .)
                0x0000000000000344                . = ALIGN (0x4)

.flashtext      0x0000000000000344        0x0
                0x0000000000000344                . = ALIGN (0x4)
 *(.flashtext .flashtext.*)
                0x0000000000000344                . = ALIGN (0x4)

.text           0x0000000000000344     0x1baf
                0x0000000000000344                . = ALIGN (0x4)
 *(.text .text.*)
 .text.HAL_InitTick
                0x0000000000000344       0x24 ./system/src/stm32l1xx/stm32l1xx_hal.o
                0x0000000000000344                HAL_InitTick
 .text.HAL_Init
                0x0000000000000368       0x2c ./system/src/stm32l1xx/stm32l1xx_hal.o
                0x0000000000000368                HAL_Init
 .text.HAL_IncTick
                0x0000000000000394       0x10 ./system/src/stm32l1xx/stm32l1xx_hal.o
                0x0000000000000394                HAL_IncTick
 .text.HAL_GetTick
                0x00000000000003a4        0xc ./system/src/stm32l1xx/stm32l1xx_hal.o
                0x00000000000003a4                HAL_GetTick
 .text.HAL_Delay
                0x00000000000003b0       0x1a ./system/src/stm32l1xx/stm32l1xx_hal.o
                0x00000000000003b0                HAL_Delay
 *fill*         0x00000000000003ca        0x2 
 .text.HAL_NVIC_SetPriorityGrouping
                0x00000000000003cc       0x24 ./system/src/stm32l1xx/stm32l1xx_hal_cortex.o
                0x00000000000003cc                HAL_NVIC_SetPriorityGrouping
 .text.HAL_NVIC_SetPriority
                0x00000000000003f0       0x60 ./system/src/stm32l1xx/stm32l1xx_hal_cortex.o
                0x00000000000003f0                HAL_NVIC_SetPriority
 .text.HAL_SYSTICK_Config
                0x0000000000000450       0x2c ./system/src/stm32l1xx/stm32l1xx_hal_cortex.o
                0x0000000000000450                HAL_SYSTICK_Config
 .text.HAL_GPIO_Init
                0x000000000000047c      0x1c0 ./system/src/stm32l1xx/stm32l1xx_hal_gpio.o
                0x000000000000047c                HAL_GPIO_Init
 .text.HAL_GPIO_TogglePin
                0x000000000000063c        0x8 ./system/src/stm32l1xx/stm32l1xx_hal_gpio.o
                0x000000000000063c                HAL_GPIO_TogglePin
 .text.HAL_MspInit
                0x0000000000000644        0x2 ./system/src/stm32l1xx/stm32l1xx_hal_msp_template.o
                0x0000000000000644                HAL_MspInit
 *fill*         0x0000000000000646        0x2 
 .text.HAL_PWREx_GetVoltageRange
                0x0000000000000648       0x10 ./system/src/stm32l1xx/stm32l1xx_hal_pwr_ex.o
                0x0000000000000648                HAL_PWREx_GetVoltageRange
 .text.RCC_SetFlashLatencyFromMSIRange
                0x0000000000000658       0x74 ./system/src/stm32l1xx/stm32l1xx_hal_rcc.o
 .text.HAL_RCC_OscConfig
                0x00000000000006cc      0x7a0 ./system/src/stm32l1xx/stm32l1xx_hal_rcc.o
                0x00000000000006cc                HAL_RCC_OscConfig
 .text.HAL_RCC_ClockConfig
                0x0000000000000e6c      0x290 ./system/src/stm32l1xx/stm32l1xx_hal_rcc.o
                0x0000000000000e6c                HAL_RCC_ClockConfig
 .text.HAL_RCC_GetSysClockFreq
                0x00000000000010fc       0x98 ./system/src/stm32l1xx/stm32l1xx_hal_rcc.o
                0x00000000000010fc                HAL_RCC_GetSysClockFreq
 .text.HAL_RCC_GetHCLKFreq
                0x0000000000001194       0x38 ./system/src/stm32l1xx/stm32l1xx_hal_rcc.o
                0x0000000000001194                HAL_RCC_GetHCLKFreq
 .text._exit    0x00000000000011cc        0x2 ./system/src/newlib/_exit.o
                0x00000000000011cc                _exit
 *fill*         0x00000000000011ce        0x2 
 .text._sbrk    0x00000000000011d0       0x40 ./system/src/newlib/_sbrk.o
                0x00000000000011d0                _sbrk
 .text.__initialize_args
                0x0000000000001210       0x10 ./system/src/newlib/_syscalls.o
                0x0000000000001210                __initialize_args
 .text.trace_printf
                0x0000000000001220       0x30 ./system/src/diag/Trace.o
                0x0000000000001220                trace_printf
 .text.trace_write
                0x0000000000001250        0x6 ./system/src/diag/trace_impl.o
                0x0000000000001250                trace_write
 .text.__initialize_hardware_early
                0x0000000000001256        0x4 ./system/src/cortexm/_initialize_hardware.o
                0x0000000000001256                __initialize_hardware_early
 .text.__initialize_hardware
                0x000000000000125a        0x4 ./system/src/cortexm/_initialize_hardware.o
                0x000000000000125a                __initialize_hardware
 *fill*         0x000000000000125e        0x2 
 .text.dumpExceptionStack
                0x0000000000001260       0xf4 ./system/src/cortexm/exception_handlers.o
                0x0000000000001260                dumpExceptionStack
 .text.Default_Handler
                0x0000000000001354        0x2 ./system/src/cmsis/startup_stm32l152xe.o
                0x0000000000001354                DMA2_Channel3_IRQHandler
                0x0000000000001354                EXTI2_IRQHandler
                0x0000000000001354                COMP_ACQ_IRQHandler
                0x0000000000001354                TIM10_IRQHandler
                0x0000000000001354                USB_HP_IRQHandler
                0x0000000000001354                TIM6_IRQHandler
                0x0000000000001354                PVD_IRQHandler
                0x0000000000001354                EXTI3_IRQHandler
                0x0000000000001354                EXTI0_IRQHandler
                0x0000000000001354                I2C2_EV_IRQHandler
                0x0000000000001354                SPI1_IRQHandler
                0x0000000000001354                USB_FS_WKUP_IRQHandler
                0x0000000000001354                DMA2_Channel2_IRQHandler
                0x0000000000001354                DMA1_Channel4_IRQHandler
                0x0000000000001354                ADC1_IRQHandler
                0x0000000000001354                USART3_IRQHandler
                0x0000000000001354                DMA1_Channel7_IRQHandler
                0x0000000000001354                LCD_IRQHandler
                0x0000000000001354                UART5_IRQHandler
                0x0000000000001354                TIM4_IRQHandler
                0x0000000000001354                DMA2_Channel1_IRQHandler
                0x0000000000001354                I2C1_EV_IRQHandler
                0x0000000000001354                DMA1_Channel6_IRQHandler
                0x0000000000001354                UART4_IRQHandler
                0x0000000000001354                DMA2_Channel4_IRQHandler
                0x0000000000001354                TIM3_IRQHandler
                0x0000000000001354                RCC_IRQHandler
                0x0000000000001354                DMA1_Channel1_IRQHandler
                0x0000000000001354                Default_Handler
                0x0000000000001354                EXTI15_10_IRQHandler
                0x0000000000001354                TIM7_IRQHandler
                0x0000000000001354                TIM5_IRQHandler
                0x0000000000001354                EXTI9_5_IRQHandler
                0x0000000000001354                TIM9_IRQHandler
                0x0000000000001354                TAMPER_STAMP_IRQHandler
                0x0000000000001354                RTC_WKUP_IRQHandler
                0x0000000000001354                SPI2_IRQHandler
                0x0000000000001354                DMA2_Channel5_IRQHandler
                0x0000000000001354                DMA1_Channel5_IRQHandler
                0x0000000000001354                USB_LP_IRQHandler
                0x0000000000001354                EXTI4_IRQHandler
                0x0000000000001354                DMA1_Channel3_IRQHandler
                0x0000000000001354                COMP_IRQHandler
                0x0000000000001354                WWDG_IRQHandler
                0x0000000000001354                TIM2_IRQHandler
                0x0000000000001354                DAC_IRQHandler
                0x0000000000001354                EXTI1_IRQHandler
                0x0000000000001354                TIM11_IRQHandler
                0x0000000000001354                USART2_IRQHandler
                0x0000000000001354                I2C2_ER_IRQHandler
                0x0000000000001354                DMA1_Channel2_IRQHandler
                0x0000000000001354                FLASH_IRQHandler
                0x0000000000001354                USART1_IRQHandler
                0x0000000000001354                SPI3_IRQHandler
                0x0000000000001354                I2C1_ER_IRQHandler
                0x0000000000001354                RTC_Alarm_IRQHandler
 *fill*         0x0000000000001356        0x2 
 .text.SystemInit
                0x0000000000001358       0x48 ./system/src/cmsis/system_stm32l1xx.o
                0x0000000000001358                SystemInit
 .text.SystemCoreClockUpdate
                0x00000000000013a0       0x80 ./system/src/cmsis/system_stm32l1xx.o
                0x00000000000013a0                SystemCoreClockUpdate
 .text.SystemClock_Config
                0x0000000000001420       0x90 ./src/main.o
                0x0000000000001420                SystemClock_Config
 .text.startup.main
                0x00000000000014b0       0x50 ./src/main.o
                0x00000000000014b0                main
 .text.NMI_Handler
                0x0000000000001500        0x2 ./src/stm32l1xx_it.o
                0x0000000000001500                NMI_Handler
 .text.HardFault_Handler
                0x0000000000001502        0x2 ./src/stm32l1xx_it.o
                0x0000000000001502                HardFault_Handler
 .text.MemManage_Handler
                0x0000000000001504        0x2 ./src/stm32l1xx_it.o
                0x0000000000001504                MemManage_Handler
 .text.BusFault_Handler
                0x0000000000001506        0x2 ./src/stm32l1xx_it.o
                0x0000000000001506                BusFault_Handler
 .text.UsageFault_Handler
                0x0000000000001508        0x2 ./src/stm32l1xx_it.o
                0x0000000000001508                UsageFault_Handler
 .text.SVC_Handler
                0x000000000000150a        0x2 ./src/stm32l1xx_it.o
                0x000000000000150a                SVC_Handler
 .text.DebugMon_Handler
                0x000000000000150c        0x2 ./src/stm32l1xx_it.o
                0x000000000000150c                DebugMon_Handler
 .text.PendSV_Handler
                0x000000000000150e        0x2 ./src/stm32l1xx_it.o
                0x000000000000150e                PendSV_Handler
 .text.SysTick_Handler
                0x0000000000001510        0x4 ./src/stm32l1xx_it.o
                0x0000000000001510                SysTick_Handler
 .text.__errno  0x0000000000001514        0xc /Developer/Eclipse/gcc-arm-none-eabi-4_9-2015q2/bin/../lib/gcc/arm-none-eabi/4.9.3/../../../../arm-none-eabi/lib/armv7-m/libg_nano.a(lib_a-errno.o)
                0x0000000000001514                __errno
 .text.memcpy   0x0000000000001520       0x16 /Developer/Eclipse/gcc-arm-none-eabi-4_9-2015q2/bin/../lib/gcc/arm-none-eabi/4.9.3/../../../../arm-none-eabi/lib/armv7-m/libg_nano.a(lib_a-memcpy.o)
                0x0000000000001520                memcpy
 .text.memset   0x0000000000001536       0x10 /Developer/Eclipse/gcc-arm-none-eabi-4_9-2015q2/bin/../lib/gcc/arm-none-eabi/4.9.3/../../../../arm-none-eabi/lib/armv7-m/libg_nano.a(lib_a-memset.o)
                0x0000000000001536                memset
 .text._vsnprintf_r
                0x0000000000001546       0x52 /Developer/Eclipse/gcc-arm-none-eabi-4_9-2015q2/bin/../lib/gcc/arm-none-eabi/4.9.3/../../../../arm-none-eabi/lib/armv7-m/libg_nano.a(lib_a-vsnprintf.o)
                0x0000000000001546                _vsnprintf_r
                0x0000000000001546                _vsniprintf_r
 .text.vsnprintf
                0x0000000000001598       0x20 /Developer/Eclipse/gcc-arm-none-eabi-4_9-2015q2/bin/../lib/gcc/arm-none-eabi/4.9.3/../../../../arm-none-eabi/lib/armv7-m/libg_nano.a(lib_a-vsnprintf.o)
                0x0000000000001598                vsnprintf
                0x0000000000001598                vsniprintf
 .text.__ssputs_r
                0x00000000000015b8       0xb2 /Developer/Eclipse/gcc-arm-none-eabi-4_9-2015q2/bin/../lib/gcc/arm-none-eabi/4.9.3/../../../../arm-none-eabi/lib/armv7-m/libg_nano.a(lib_a-nano-svfprintf.o)
                0x00000000000015b8                __ssputs_r
 *fill*         0x000000000000166a        0x2 
 .text._svfprintf_r
                0x000000000000166c      0x1e4 /Developer/Eclipse/gcc-arm-none-eabi-4_9-2015q2/bin/../lib/gcc/arm-none-eabi/4.9.3/../../../../arm-none-eabi/lib/armv7-m/libg_nano.a(lib_a-nano-svfprintf.o)
                0x000000000000166c                _svfprintf_r
                0x000000000000166c                _svfiprintf_r
 .text._printf_common
                0x0000000000001850       0xea /Developer/Eclipse/gcc-arm-none-eabi-4_9-2015q2/bin/../lib/gcc/arm-none-eabi/4.9.3/../../../../arm-none-eabi/lib/armv7-m/libg_nano.a(lib_a-nano-vfprintf_i.o)
                0x0000000000001850                _printf_common
 *fill*         0x000000000000193a        0x2 
 .text._printf_i
                0x000000000000193c      0x240 /Developer/Eclipse/gcc-arm-none-eabi-4_9-2015q2/bin/../lib/gcc/arm-none-eabi/4.9.3/../../../../arm-none-eabi/lib/armv7-m/libg_nano.a(lib_a-nano-vfprintf_i.o)
                0x000000000000193c                _printf_i
 .text.memchr   0x0000000000001b7c       0x1c /Developer/Eclipse/gcc-arm-none-eabi-4_9-2015q2/bin/../lib/gcc/arm-none-eabi/4.9.3/../../../../arm-none-eabi/lib/armv7-m/libg_nano.a(lib_a-memchr.o)
                0x0000000000001b7c                memchr
 .text.memmove  0x0000000000001b98       0x36 /Developer/Eclipse/gcc-arm-none-eabi-4_9-2015q2/bin/../lib/gcc/arm-none-eabi/4.9.3/../../../../arm-none-eabi/lib/armv7-m/libg_nano.a(lib_a-memmove.o)
                0x0000000000001b98                memmove
 *fill*         0x0000000000001bce        0x2 
 .text._free_r  0x0000000000001bd0       0x88 /Developer/Eclipse/gcc-arm-none-eabi-4_9-2015q2/bin/../lib/gcc/arm-none-eabi/4.9.3/../../../../arm-none-eabi/lib/armv7-m/libg_nano.a(lib_a-nano-freer.o)
                0x0000000000001bd0                _free_r
 .text._malloc_r
                0x0000000000001c58       0xac /Developer/Eclipse/gcc-arm-none-eabi-4_9-2015q2/bin/../lib/gcc/arm-none-eabi/4.9.3/../../../../arm-none-eabi/lib/armv7-m/libg_nano.a(lib_a-nano-mallocr.o)
                0x0000000000001c58                _malloc_r
 .text._realloc_r
                0x0000000000001d04       0x4c /Developer/Eclipse/gcc-arm-none-eabi-4_9-2015q2/bin/../lib/gcc/arm-none-eabi/4.9.3/../../../../arm-none-eabi/lib/armv7-m/libg_nano.a(lib_a-nano-reallocr.o)
                0x0000000000001d04                _realloc_r
 .text._sbrk_r  0x0000000000001d50       0x20 /Developer/Eclipse/gcc-arm-none-eabi-4_9-2015q2/bin/../lib/gcc/arm-none-eabi/4.9.3/../../../../arm-none-eabi/lib/armv7-m/libg_nano.a(lib_a-sbrkr.o)
                0x0000000000001d50                _sbrk_r
 .text._malloc_usable_size_r
                0x0000000000001d70       0x14 /Developer/Eclipse/gcc-arm-none-eabi-4_9-2015q2/bin/../lib/gcc/arm-none-eabi/4.9.3/../../../../arm-none-eabi/lib/armv7-m/libg_nano.a(lib_a-nano-msizer.o)
                0x0000000000001d70                _malloc_usable_size_r
 *(.rodata .rodata.*)
 .rodata.aPLLMulFactorTable
                0x0000000000001d84        0x9 ./system/src/stm32l1xx/stm32l1xx_hal_rcc.o
                0x0000000000001d84                aPLLMulFactorTable
 .rodata.aAPBAHBPrescTable
                0x0000000000001d8d       0x10 ./system/src/stm32l1xx/stm32l1xx_hal_rcc.o
                0x0000000000001d8d                aAPBAHBPrescTable
 .rodata.aPLLDivisionFactorTable
                0x0000000000001d9d        0x4 ./system/src/stm32l1xx/stm32l1xx_hal_rcc.o
                0x0000000000001d9d                aPLLDivisionFactorTable
 .rodata.str1.1
                0x0000000000001da1      0x11d ./system/src/cortexm/exception_handlers.o
 .rodata.str1.1
                0x0000000000001ebe        0x2 /Developer/Eclipse/gcc-arm-none-eabi-4_9-2015q2/bin/../lib/gcc/arm-none-eabi/4.9.3/../../../../arm-none-eabi/lib/armv7-m/libg_nano.a(lib_a-impure.o)
 .rodata.str1.1
                0x0000000000001ec0       0x11 /Developer/Eclipse/gcc-arm-none-eabi-4_9-2015q2/bin/../lib/gcc/arm-none-eabi/4.9.3/../../../../arm-none-eabi/lib/armv7-m/libg_nano.a(lib_a-nano-svfprintf.o)
 .rodata.str1.1
                0x0000000000001ed1       0x22 /Developer/Eclipse/gcc-arm-none-eabi-4_9-2015q2/bin/../lib/gcc/arm-none-eabi/4.9.3/../../../../arm-none-eabi/lib/armv7-m/libg_nano.a(lib_a-nano-vfprintf_i.o)
 *(vtable)
 *(.eh_frame*)
 *(.glue_7)
 .glue_7        0x0000000000000000        0x0 linker stubs
 *(.glue_7t)
 .glue_7t       0x0000000000000000        0x0 linker stubs

.vfp11_veneer   0x0000000000001ef4        0x0
 .vfp11_veneer  0x0000000000000000        0x0 linker stubs

.v4_bx          0x0000000000001ef4        0x0
 .v4_bx         0x0000000000000000        0x0 linker stubs

.iplt           0x0000000000001ef4        0x0
 .iplt          0x0000000000000000        0x0 ./system/src/stm32l1xx/stm32l1xx_hal.o

.rel.dyn        0x0000000000001ef4        0x0
 .rel.iplt      0x0000000000000000        0x0 ./system/src/stm32l1xx/stm32l1xx_hal.o

.ARM.extab
 *(.ARM.extab* .gnu.linkonce.armextab.*)
                0x0000000000001ef4                __exidx_start = .

.ARM.exidx
 *(.ARM.exidx* .gnu.linkonce.armexidx.*)
                0x0000000000001ef4                __exidx_end = .
                0x0000000000001ef4                . = ALIGN (0x4)
                0x0000000000001ef4                _etext = .
                0x0000000000001ef4                __etext = .
                0x0000000000001ef4                _sidata = _etext

.data           0x0000000020000000       0x94 load address 0x0000000000001ef4
                0x0000000020000000                . = ALIGN (0x4)
                0x0000000020000000                _sdata = .
                0x0000000020000000                __data_start__ = .
 *(.data_begin .data_begin.*)
 .data_begin    0x0000000020000000        0x4 ./system/src/newlib/_startup.o
 *(.data .data.*)
 .data.argv.4157
                0x0000000020000004        0x8 ./system/src/newlib/_syscalls.o
 .data.PLLMulTable
                0x000000002000000c        0x9 ./system/src/cmsis/system_stm32l1xx.o
                0x000000002000000c                PLLMulTable
 .data.AHBPrescTable
                0x0000000020000015       0x10 ./system/src/cmsis/system_stm32l1xx.o
                0x0000000020000015                AHBPrescTable
 *fill*         0x0000000020000025        0x3 
 .data.SystemCoreClock
                0x0000000020000028        0x4 ./system/src/cmsis/system_stm32l1xx.o
                0x0000000020000028                SystemCoreClock
 .data.impure_data
                0x000000002000002c       0x60 /Developer/Eclipse/gcc-arm-none-eabi-4_9-2015q2/bin/../lib/gcc/arm-none-eabi/4.9.3/../../../../arm-none-eabi/lib/armv7-m/libg_nano.a(lib_a-impure.o)
 .data._impure_ptr
                0x000000002000008c        0x4 /Developer/Eclipse/gcc-arm-none-eabi-4_9-2015q2/bin/../lib/gcc/arm-none-eabi/4.9.3/../../../../arm-none-eabi/lib/armv7-m/libg_nano.a(lib_a-impure.o)
                0x000000002000008c                _impure_ptr
 *(.data_end .data_end.*)
 .data_end      0x0000000020000090        0x4 ./system/src/newlib/_startup.o
                0x0000000020000094                . = ALIGN (0x4)
                0x0000000020000094                _edata = .
                0x0000000020000094                __data_end__ = .

.igot.plt       0x0000000020000094        0x0 load address 0x0000000000001f88
 .igot.plt      0x0000000000000000        0x0 ./system/src/stm32l1xx/stm32l1xx_hal.o

.bss            0x0000000020000094       0xb4 load address 0x0000000000001f88
                0x0000000020000094                . = ALIGN (0x4)
                0x0000000020000094                __bss_start__ = .
                0x0000000020000094                _sbss = .
 *(.bss_begin .bss_begin.*)
 .bss_begin     0x0000000020000094        0x4 ./system/src/newlib/_startup.o
 *(.bss .bss.*)
 .bss.uwTick    0x0000000020000098        0x4 ./system/src/stm32l1xx/stm32l1xx_hal.o
 .bss.current_heap_end.3862
                0x000000002000009c        0x4 ./system/src/newlib/_sbrk.o
 .bss.name.4156
                0x00000000200000a0        0x1 ./system/src/newlib/_syscalls.o
 .bss.buf.4998  0x00000000200000a1       0x80 ./system/src/diag/Trace.o
 *fill*         0x0000000020000121        0x3 
 .bss.GPIO_InitStruct
                0x0000000020000124       0x14 ./src/main.o
 .bss.__malloc_sbrk_start
                0x0000000020000138        0x4 /Developer/Eclipse/gcc-arm-none-eabi-4_9-2015q2/bin/../lib/gcc/arm-none-eabi/4.9.3/../../../../arm-none-eabi/lib/armv7-m/libg_nano.a(lib_a-nano-mallocr.o)
                0x0000000020000138                __malloc_sbrk_start
 .bss.__malloc_free_list
                0x000000002000013c        0x4 /Developer/Eclipse/gcc-arm-none-eabi-4_9-2015q2/bin/../lib/gcc/arm-none-eabi/4.9.3/../../../../arm-none-eabi/lib/armv7-m/libg_nano.a(lib_a-nano-mallocr.o)
                0x000000002000013c                __malloc_free_list
 *(COMMON)
 COMMON         0x0000000020000140        0x4 ./system/src/newlib/_syscalls.o
                0x0000000020000140                errno
 *(.bss_end .bss_end.*)
 .bss_end       0x0000000020000144        0x4 ./system/src/newlib/_startup.o
                0x0000000020000148                . = ALIGN (0x4)
                0x0000000020000148                __bss_end__ = .
                0x0000000020000148                _ebss = .

.noinit         0x0000000020000148        0x0
                0x0000000020000148                . = ALIGN (0x4)
                0x0000000020000148                _noinit = .
 *(.noinit .noinit.*)
                0x0000000020000148                . = ALIGN (0x4)
                0x0000000020000148                _end_noinit = .
                0x0000000020000148                PROVIDE (end, _end_noinit)
                0x0000000020000148                PROVIDE (_end, _end_noinit)
                0x0000000020000148                PROVIDE (__end, _end_noinit)
                0x0000000020000148                PROVIDE (__end__, _end_noinit)

._check_stack   0x0000000020000148      0x100 load address 0x000000000000203c
                0x0000000020000148                . = ALIGN (0x4)
                0x0000000020000248                . = (. + _Minimum_Stack_Size)
 *fill*         0x0000000020000148      0x100 
                0x0000000020000248                . = ALIGN (0x4)

.bss_CCMRAM
 *(.bss.CCMRAM .bss.CCMRAM.*)

.b1text
 *(.b1text)
 *(.b1rodata)
 *(.b1rodata.*)

.eb0text
 *(.eb0text)
 *(.eb0rodata)
 *(.eb0rodata.*)

.eb1text
 *(.eb1text)
 *(.eb1rodata)
 *(.eb1rodata.*)

.eb2text
 *(.eb2text)
 *(.eb2rodata)
 *(.eb2rodata.*)

.eb3text
 *(.eb3text)
 *(.eb3rodata)
 *(.eb3rodata.*)

.stab
 *(.stab)

.stabstr
 *(.stabstr)

.stab.excl
 *(.stab.excl)

.stab.exclstr
 *(.stab.exclstr)

.stab.index
 *(.stab.index)

.stab.indexstr
 *(.stab.indexstr)

.comment        0x0000000000000000       0x70
 *(.comment)
 .comment       0x0000000000000000       0x70 ./system/src/stm32l1xx/stm32l1xx_hal.o
                                         0x71 (size before relaxing)
 .comment       0x0000000000000000       0x71 ./system/src/stm32l1xx/stm32l1xx_hal_cortex.o
 .comment       0x0000000000000000       0x71 ./system/src/stm32l1xx/stm32l1xx_hal_gpio.o
 .comment       0x0000000000000000       0x71 ./system/src/stm32l1xx/stm32l1xx_hal_msp_template.o
 .comment       0x0000000000000000       0x71 ./system/src/stm32l1xx/stm32l1xx_hal_pwr_ex.o
 .comment       0x0000000000000000       0x71 ./system/src/stm32l1xx/stm32l1xx_hal_rcc.o
 .comment       0x0000000000000000       0x71 ./system/src/newlib/_exit.o
 .comment       0x0000000000000000       0x71 ./system/src/newlib/_sbrk.o
 .comment       0x0000000000000000       0x71 ./system/src/newlib/_startup.o
 .comment       0x0000000000000000       0x71 ./system/src/newlib/_syscalls.o
 .comment       0x0000000000000000       0x71 ./system/src/diag/Trace.o
 .comment       0x0000000000000000       0x71 ./system/src/diag/trace_impl.o
 .comment       0x0000000000000000       0x71 ./system/src/cortexm/_initialize_hardware.o
 .comment       0x0000000000000000       0x71 ./system/src/cortexm/exception_handlers.o
 .comment       0x0000000000000000       0x71 ./system/src/cmsis/system_stm32l1xx.o
 .comment       0x0000000000000000       0x71 ./src/main.o
 .comment       0x0000000000000000       0x71 ./src/stm32l1xx_it.o

.ARM.attributes
                0x0000000000000000       0x31
 .ARM.attributes
                0x0000000000000000       0x33 ./system/src/stm32l1xx/stm32l1xx_hal.o
 .ARM.attributes
                0x0000000000000033       0x33 ./system/src/stm32l1xx/stm32l1xx_hal_cortex.o
 .ARM.attributes
                0x0000000000000066       0x33 ./system/src/stm32l1xx/stm32l1xx_hal_gpio.o
 .ARM.attributes
                0x0000000000000099       0x33 ./system/src/stm32l1xx/stm32l1xx_hal_msp_template.o
 .ARM.attributes
                0x00000000000000cc       0x33 ./system/src/stm32l1xx/stm32l1xx_hal_pwr_ex.o
 .ARM.attributes
                0x00000000000000ff       0x33 ./system/src/stm32l1xx/stm32l1xx_hal_rcc.o
 .ARM.attributes
                0x0000000000000132       0x33 ./system/src/newlib/_exit.o
 .ARM.attributes
                0x0000000000000165       0x33 ./system/src/newlib/_sbrk.o
 .ARM.attributes
                0x0000000000000198       0x33 ./system/src/newlib/_startup.o
 .ARM.attributes
                0x00000000000001cb       0x33 ./system/src/newlib/_syscalls.o
 .ARM.attributes
                0x00000000000001fe       0x33 ./system/src/diag/Trace.o
 .ARM.attributes
                0x0000000000000231       0x33 ./system/src/diag/trace_impl.o
 .ARM.attributes
                0x0000000000000264       0x33 ./system/src/cortexm/_initialize_hardware.o
 .ARM.attributes
                0x0000000000000297       0x33 ./system/src/cortexm/exception_handlers.o
 .ARM.attributes
                0x00000000000002ca       0x21 ./system/src/cmsis/startup_stm32l152xe.o
 .ARM.attributes
                0x00000000000002eb       0x33 ./system/src/cmsis/system_stm32l1xx.o
 .ARM.attributes
                0x000000000000031e       0x33 ./src/main.o
 .ARM.attributes
                0x0000000000000351       0x33 ./src/stm32l1xx_it.o
 .ARM.attributes
                0x0000000000000384       0x2d /Developer/Eclipse/gcc-arm-none-eabi-4_9-2015q2/bin/../lib/gcc/arm-none-eabi/4.9.3/../../../../arm-none-eabi/lib/armv7-m/libg_nano.a(lib_a-errno.o)
 .ARM.attributes
                0x00000000000003b1       0x2d /Developer/Eclipse/gcc-arm-none-eabi-4_9-2015q2/bin/../lib/gcc/arm-none-eabi/4.9.3/../../../../arm-none-eabi/lib/armv7-m/libg_nano.a(lib_a-impure.o)
 .ARM.attributes
                0x00000000000003de       0x2d /Developer/Eclipse/gcc-arm-none-eabi-4_9-2015q2/bin/../lib/gcc/arm-none-eabi/4.9.3/../../../../arm-none-eabi/lib/armv7-m/libg_nano.a(lib_a-memcpy.o)
 .ARM.attributes
                0x000000000000040b       0x2d /Developer/Eclipse/gcc-arm-none-eabi-4_9-2015q2/bin/../lib/gcc/arm-none-eabi/4.9.3/../../../../arm-none-eabi/lib/armv7-m/libg_nano.a(lib_a-memset.o)
 .ARM.attributes
                0x0000000000000438       0x2d /Developer/Eclipse/gcc-arm-none-eabi-4_9-2015q2/bin/../lib/gcc/arm-none-eabi/4.9.3/../../../../arm-none-eabi/lib/armv7-m/libg_nano.a(lib_a-vsnprintf.o)
 .ARM.attributes
                0x0000000000000465       0x2d /Developer/Eclipse/gcc-arm-none-eabi-4_9-2015q2/bin/../lib/gcc/arm-none-eabi/4.9.3/../../../../arm-none-eabi/lib/armv7-m/libg_nano.a(lib_a-nano-svfprintf.o)
 .ARM.attributes
                0x0000000000000492       0x2d /Developer/Eclipse/gcc-arm-none-eabi-4_9-2015q2/bin/../lib/gcc/arm-none-eabi/4.9.3/../../../../arm-none-eabi/lib/armv7-m/libg_nano.a(lib_a-nano-vfprintf_i.o)
 .ARM.attributes
                0x00000000000004bf       0x2d /Developer/Eclipse/gcc-arm-none-eabi-4_9-2015q2/bin/../lib/gcc/arm-none-eabi/4.9.3/../../../../arm-none-eabi/lib/armv7-m/libg_nano.a(lib_a-memchr.o)
 .ARM.attributes
                0x00000000000004ec       0x2d /Developer/Eclipse/gcc-arm-none-eabi-4_9-2015q2/bin/../lib/gcc/arm-none-eabi/4.9.3/../../../../arm-none-eabi/lib/armv7-m/libg_nano.a(lib_a-memmove.o)
 .ARM.attributes
                0x0000000000000519       0x2d /Developer/Eclipse/gcc-arm-none-eabi-4_9-2015q2/bin/../lib/gcc/arm-none-eabi/4.9.3/../../../../arm-none-eabi/lib/armv7-m/libg_nano.a(lib_a-nano-freer.o)
 .ARM.attributes
                0x0000000000000546       0x2d /Developer/Eclipse/gcc-arm-none-eabi-4_9-2015q2/bin/../lib/gcc/arm-none-eabi/4.9.3/../../../../arm-none-eabi/lib/armv7-m/libg_nano.a(lib_a-nano-mallocr.o)
 .ARM.attributes
                0x0000000000000573       0x2d /Developer/Eclipse/gcc-arm-none-eabi-4_9-2015q2/bin/../lib/gcc/arm-none-eabi/4.9.3/../../../../arm-none-eabi/lib/armv7-m/libg_nano.a(lib_a-nano-reallocr.o)
 .ARM.attributes
                0x00000000000005a0       0x2d /Developer/Eclipse/gcc-arm-none-eabi-4_9-2015q2/bin/../lib/gcc/arm-none-eabi/4.9.3/../../../../arm-none-eabi/lib/armv7-m/libg_nano.a(lib_a-sbrkr.o)
 .ARM.attributes
                0x00000000000005cd       0x2d /Developer/Eclipse/gcc-arm-none-eabi-4_9-2015q2/bin/../lib/gcc/arm-none-eabi/4.9.3/../../../../arm-none-eabi/lib/armv7-m/libg_nano.a(lib_a-nano-msizer.o)

.debug
 *(.debug)

.line
 *(.line)

.debug_srcinfo
 *(.debug_srcinfo)

.debug_sfnames
 *(.debug_sfnames)

.debug_aranges  0x0000000000000000      0x558
 *(.debug_aranges)
 .debug_aranges
                0x0000000000000000       0xb0 ./system/src/stm32l1xx/stm32l1xx_hal.o
 .debug_aranges
                0x00000000000000b0       0x98 ./system/src/stm32l1xx/stm32l1xx_hal_cortex.o
 .debug_aranges
                0x0000000000000148       0x58 ./system/src/stm32l1xx/stm32l1xx_hal_gpio.o
 .debug_aranges
                0x00000000000001a0       0x38 ./system/src/stm32l1xx/stm32l1xx_hal_msp_template.o
 .debug_aranges
                0x00000000000001d8       0x50 ./system/src/stm32l1xx/stm32l1xx_hal_pwr_ex.o
 .debug_aranges
                0x0000000000000228       0x90 ./system/src/stm32l1xx/stm32l1xx_hal_rcc.o
 .debug_aranges
                0x00000000000002b8       0x28 ./system/src/newlib/_exit.o
 .debug_aranges
                0x00000000000002e0       0x20 ./system/src/newlib/_sbrk.o
 .debug_aranges
                0x0000000000000300       0x40 ./system/src/newlib/_startup.o
 .debug_aranges
                0x0000000000000340       0x30 ./system/src/newlib/_syscalls.o
 .debug_aranges
                0x0000000000000370       0x38 ./system/src/diag/Trace.o
 .debug_aranges
                0x00000000000003a8       0x28 ./system/src/diag/trace_impl.o
 .debug_aranges
                0x00000000000003d0       0x28 ./system/src/cortexm/_initialize_hardware.o
 .debug_aranges
                0x00000000000003f8       0x88 ./system/src/cortexm/exception_handlers.o
 .debug_aranges
                0x0000000000000480       0x28 ./system/src/cmsis/startup_stm32l152xe.o
 .debug_aranges
                0x00000000000004a8       0x28 ./system/src/cmsis/system_stm32l1xx.o
 .debug_aranges
                0x00000000000004d0       0x28 ./src/main.o
 .debug_aranges
                0x00000000000004f8       0x60 ./src/stm32l1xx_it.o

.debug_pubnames
 *(.debug_pubnames)

.debug_info     0x0000000000000000     0x66b4
 *(.debug_info .gnu.linkonce.wi.*)
 .debug_info    0x0000000000000000      0x72a ./system/src/stm32l1xx/stm32l1xx_hal.o
 .debug_info    0x000000000000072a      0xda2 ./system/src/stm32l1xx/stm32l1xx_hal_cortex.o
 .debug_info    0x00000000000014cc      0x5ee ./system/src/stm32l1xx/stm32l1xx_hal_gpio.o
 .debug_info    0x0000000000001aba       0xe1 ./system/src/stm32l1xx/stm32l1xx_hal_msp_template.o
 .debug_info    0x0000000000001b9b      0x4ca ./system/src/stm32l1xx/stm32l1xx_hal_pwr_ex.o
 .debug_info    0x0000000000002065     0x256b ./system/src/stm32l1xx/stm32l1xx_hal_rcc.o
 .debug_info    0x00000000000045d0       0xfc ./system/src/newlib/_exit.o
 .debug_info    0x00000000000046cc      0x121 ./system/src/newlib/_sbrk.o
 .debug_info    0x00000000000047ed      0x464 ./system/src/newlib/_startup.o
 .debug_info    0x0000000000004c51      0x1a5 ./system/src/newlib/_syscalls.o
 .debug_info    0x0000000000004df6      0x327 ./system/src/diag/Trace.o
 .debug_info    0x000000000000511d      0x110 ./system/src/diag/trace_impl.o
 .debug_info    0x000000000000522d       0xdb ./system/src/cortexm/_initialize_hardware.o
 .debug_info    0x0000000000005308      0x79d ./system/src/cortexm/exception_handlers.o
 .debug_info    0x0000000000005aa5       0x95 ./system/src/cmsis/startup_stm32l152xe.o
 .debug_info    0x0000000000005b3a      0x3dd ./system/src/cmsis/system_stm32l1xx.o
 .debug_info    0x0000000000005f17      0x651 ./src/main.o
 .debug_info    0x0000000000006568      0x14c ./src/stm32l1xx_it.o

.debug_abbrev   0x0000000000000000     0x1837
 *(.debug_abbrev)
 .debug_abbrev  0x0000000000000000      0x210 ./system/src/stm32l1xx/stm32l1xx_hal.o
 .debug_abbrev  0x0000000000000210      0x2ee ./system/src/stm32l1xx/stm32l1xx_hal_cortex.o
 .debug_abbrev  0x00000000000004fe      0x1c6 ./system/src/stm32l1xx/stm32l1xx_hal_gpio.o
 .debug_abbrev  0x00000000000006c4       0x67 ./system/src/stm32l1xx/stm32l1xx_hal_msp_template.o
 .debug_abbrev  0x000000000000072b      0x13c ./system/src/stm32l1xx/stm32l1xx_hal_pwr_ex.o
 .debug_abbrev  0x0000000000000867      0x355 ./system/src/stm32l1xx/stm32l1xx_hal_rcc.o
 .debug_abbrev  0x0000000000000bbc       0xa1 ./system/src/newlib/_exit.o
 .debug_abbrev  0x0000000000000c5d       0xb8 ./system/src/newlib/_sbrk.o
 .debug_abbrev  0x0000000000000d15      0x1fe ./system/src/newlib/_startup.o
 .debug_abbrev  0x0000000000000f13       0xe4 ./system/src/newlib/_syscalls.o
 .debug_abbrev  0x0000000000000ff7      0x183 ./system/src/diag/Trace.o
 .debug_abbrev  0x000000000000117a       0xb1 ./system/src/diag/trace_impl.o
 .debug_abbrev  0x000000000000122b       0x88 ./system/src/cortexm/_initialize_hardware.o
 .debug_abbrev  0x00000000000012b3      0x1e1 ./system/src/cortexm/exception_handlers.o
 .debug_abbrev  0x0000000000001494       0x12 ./system/src/cmsis/startup_stm32l152xe.o
 .debug_abbrev  0x00000000000014a6      0x101 ./system/src/cmsis/system_stm32l1xx.o
 .debug_abbrev  0x00000000000015a7      0x1f0 ./src/main.o
 .debug_abbrev  0x0000000000001797       0xa0 ./src/stm32l1xx_it.o

.debug_line     0x0000000000000000     0x270f
 *(.debug_line)
 .debug_line    0x0000000000000000      0x307 ./system/src/stm32l1xx/stm32l1xx_hal.o
 .debug_line    0x0000000000000307      0x38b ./system/src/stm32l1xx/stm32l1xx_hal_cortex.o
 .debug_line    0x0000000000000692      0x357 ./system/src/stm32l1xx/stm32l1xx_hal_gpio.o
 .debug_line    0x00000000000009e9      0x11f ./system/src/stm32l1xx/stm32l1xx_hal_msp_template.o
 .debug_line    0x0000000000000b08      0x25f ./system/src/stm32l1xx/stm32l1xx_hal_pwr_ex.o
 .debug_line    0x0000000000000d67      0x940 ./system/src/stm32l1xx/stm32l1xx_hal_rcc.o
 .debug_line    0x00000000000016a7      0x12c ./system/src/newlib/_exit.o
 .debug_line    0x00000000000017d3       0xb9 ./system/src/newlib/_sbrk.o
 .debug_line    0x000000000000188c      0x17f ./system/src/newlib/_startup.o
 .debug_line    0x0000000000001a0b      0x12a ./system/src/newlib/_syscalls.o
 .debug_line    0x0000000000001b35      0x1fe ./system/src/diag/Trace.o
 .debug_line    0x0000000000001d33      0x159 ./system/src/diag/trace_impl.o
 .debug_line    0x0000000000001e8c      0x10e ./system/src/cortexm/_initialize_hardware.o
 .debug_line    0x0000000000001f9a      0x22a ./system/src/cortexm/exception_handlers.o
 .debug_line    0x00000000000021c4       0x86 ./system/src/cmsis/startup_stm32l152xe.o
 .debug_line    0x000000000000224a      0x123 ./system/src/cmsis/system_stm32l1xx.o
 .debug_line    0x000000000000236d      0x20e ./src/main.o
 .debug_line    0x000000000000257b      0x194 ./src/stm32l1xx_it.o

.debug_frame    0x0000000000000000      0xcf4
 *(.debug_frame)
 .debug_frame   0x0000000000000000      0x164 ./system/src/stm32l1xx/stm32l1xx_hal.o
 .debug_frame   0x0000000000000164      0x134 ./system/src/stm32l1xx/stm32l1xx_hal_cortex.o
 .debug_frame   0x0000000000000298       0xcc ./system/src/stm32l1xx/stm32l1xx_hal_gpio.o
 .debug_frame   0x0000000000000364       0x50 ./system/src/stm32l1xx/stm32l1xx_hal_msp_template.o
 .debug_frame   0x00000000000003b4       0x80 ./system/src/stm32l1xx/stm32l1xx_hal_pwr_ex.o
 .debug_frame   0x0000000000000434      0x16c ./system/src/stm32l1xx/stm32l1xx_hal_rcc.o
 .debug_frame   0x00000000000005a0       0x38 ./system/src/newlib/_exit.o
 .debug_frame   0x00000000000005d8       0x28 ./system/src/newlib/_sbrk.o
 .debug_frame   0x0000000000000600       0x80 ./system/src/newlib/_startup.o
 .debug_frame   0x0000000000000680       0x50 ./system/src/newlib/_syscalls.o
 .debug_frame   0x00000000000006d0       0x98 ./system/src/diag/Trace.o
 .debug_frame   0x0000000000000768       0x30 ./system/src/diag/trace_impl.o
 .debug_frame   0x0000000000000798       0x30 ./system/src/cortexm/_initialize_hardware.o
 .debug_frame   0x00000000000007c8      0x144 ./system/src/cortexm/exception_handlers.o
 .debug_frame   0x000000000000090c       0x38 ./system/src/cmsis/system_stm32l1xx.o
 .debug_frame   0x0000000000000944       0x44 ./src/main.o
 .debug_frame   0x0000000000000988       0xa0 ./src/stm32l1xx_it.o
 .debug_frame   0x0000000000000a28       0x20 /Developer/Eclipse/gcc-arm-none-eabi-4_9-2015q2/bin/../lib/gcc/arm-none-eabi/4.9.3/../../../../arm-none-eabi/lib/armv7-m/libg_nano.a(lib_a-errno.o)
 .debug_frame   0x0000000000000a48       0x28 /Developer/Eclipse/gcc-arm-none-eabi-4_9-2015q2/bin/../lib/gcc/arm-none-eabi/4.9.3/../../../../arm-none-eabi/lib/armv7-m/libg_nano.a(lib_a-memcpy.o)
 .debug_frame   0x0000000000000a70       0x20 /Developer/Eclipse/gcc-arm-none-eabi-4_9-2015q2/bin/../lib/gcc/arm-none-eabi/4.9.3/../../../../arm-none-eabi/lib/armv7-m/libg_nano.a(lib_a-memset.o)
 .debug_frame   0x0000000000000a90       0x50 /Developer/Eclipse/gcc-arm-none-eabi-4_9-2015q2/bin/../lib/gcc/arm-none-eabi/4.9.3/../../../../arm-none-eabi/lib/armv7-m/libg_nano.a(lib_a-vsnprintf.o)
 .debug_frame   0x0000000000000ae0       0x8c /Developer/Eclipse/gcc-arm-none-eabi-4_9-2015q2/bin/../lib/gcc/arm-none-eabi/4.9.3/../../../../arm-none-eabi/lib/armv7-m/libg_nano.a(lib_a-nano-svfprintf.o)
 .debug_frame   0x0000000000000b6c       0x58 /Developer/Eclipse/gcc-arm-none-eabi-4_9-2015q2/bin/../lib/gcc/arm-none-eabi/4.9.3/../../../../arm-none-eabi/lib/armv7-m/libg_nano.a(lib_a-nano-vfprintf_i.o)
 .debug_frame   0x0000000000000bc4       0x28 /Developer/Eclipse/gcc-arm-none-eabi-4_9-2015q2/bin/../lib/gcc/arm-none-eabi/4.9.3/../../../../arm-none-eabi/lib/armv7-m/libg_nano.a(lib_a-memchr.o)
 .debug_frame   0x0000000000000bec       0x28 /Developer/Eclipse/gcc-arm-none-eabi-4_9-2015q2/bin/../lib/gcc/arm-none-eabi/4.9.3/../../../../arm-none-eabi/lib/armv7-m/libg_nano.a(lib_a-memmove.o)
 .debug_frame   0x0000000000000c14       0x2c /Developer/Eclipse/gcc-arm-none-eabi-4_9-2015q2/bin/../lib/gcc/arm-none-eabi/4.9.3/../../../../arm-none-eabi/lib/armv7-m/libg_nano.a(lib_a-nano-freer.o)
 .debug_frame   0x0000000000000c40       0x2c /Developer/Eclipse/gcc-arm-none-eabi-4_9-2015q2/bin/../lib/gcc/arm-none-eabi/4.9.3/../../../../arm-none-eabi/lib/armv7-m/libg_nano.a(lib_a-nano-mallocr.o)
 .debug_frame   0x0000000000000c6c       0x3c /Developer/Eclipse/gcc-arm-none-eabi-4_9-2015q2/bin/../lib/gcc/arm-none-eabi/4.9.3/../../../../arm-none-eabi/lib/armv7-m/libg_nano.a(lib_a-nano-reallocr.o)
 .debug_frame   0x0000000000000ca8       0x2c /Developer/Eclipse/gcc-arm-none-eabi-4_9-2015q2/bin/../lib/gcc/arm-none-eabi/4.9.3/../../../../arm-none-eabi/lib/armv7-m/libg_nano.a(lib_a-sbrkr.o)
 .debug_frame   0x0000000000000cd4       0x20 /Developer/Eclipse/gcc-arm-none-eabi-4_9-2015q2/bin/../lib/gcc/arm-none-eabi/4.9.3/../../../../arm-none-eabi/lib/armv7-m/libg_nano.a(lib_a-nano-msizer.o)

.debug_str      0x0000000000000000     0x180d
 *(.debug_str)
 .debug_str     0x0000000000000000      0x813 ./system/src/stm32l1xx/stm32l1xx_hal.o
                                        0x863 (size before relaxing)
 .debug_str     0x0000000000000813      0x3cb ./system/src/stm32l1xx/stm32l1xx_hal_cortex.o
                                        0xa6a (size before relaxing)
 .debug_str     0x0000000000000bde      0x1c1 ./system/src/stm32l1xx/stm32l1xx_hal_gpio.o
                                        0x451 (size before relaxing)
 .debug_str     0x0000000000000d9f       0x57 ./system/src/stm32l1xx/stm32l1xx_hal_msp_template.o
                                        0x232 (size before relaxing)
 .debug_str     0x0000000000000df6      0x12d ./system/src/stm32l1xx/stm32l1xx_hal_pwr_ex.o
                                        0x310 (size before relaxing)
 .debug_str     0x0000000000000f23      0x33d ./system/src/stm32l1xx/stm32l1xx_hal_rcc.o
                                        0x725 (size before relaxing)
 .debug_str     0x0000000000001260       0x39 ./system/src/newlib/_exit.o
                                        0x1e5 (size before relaxing)
 .debug_str     0x0000000000001299       0x77 ./system/src/newlib/_sbrk.o
                                        0x223 (size before relaxing)
 .debug_str     0x0000000000001310      0x1b9 ./system/src/newlib/_startup.o
                                        0x38c (size before relaxing)
 .debug_str     0x00000000000014c9       0x45 ./system/src/newlib/_syscalls.o
                                        0x216 (size before relaxing)
 .debug_str     0x000000000000150e       0x91 ./system/src/diag/Trace.o
                                        0x269 (size before relaxing)
 .debug_str     0x000000000000159f       0x37 ./system/src/diag/trace_impl.o
                                        0x21c (size before relaxing)
 .debug_str     0x00000000000015d6       0x4e ./system/src/cortexm/_initialize_hardware.o
                                        0x230 (size before relaxing)
 .debug_str     0x0000000000001624      0x142 ./system/src/cortexm/exception_handlers.o
                                        0x391 (size before relaxing)
 .debug_str     0x0000000000001766       0x4b ./system/src/cmsis/system_stm32l1xx.o
                                        0x317 (size before relaxing)
 .debug_str     0x00000000000017b1       0x46 ./src/main.o
                                        0x4d5 (size before relaxing)
 .debug_str     0x00000000000017f7       0x16 ./src/stm32l1xx_it.o
                                        0x273 (size before relaxing)

.debug_loc      0x0000000000000000     0x22b4
 *(.debug_loc)
 .debug_loc     0x0000000000000000       0x5c ./system/src/stm32l1xx/stm32l1xx_hal.o
 .debug_loc     0x000000000000005c      0x31e ./system/src/stm32l1xx/stm32l1xx_hal_cortex.o
 .debug_loc     0x000000000000037a      0x2de ./system/src/stm32l1xx/stm32l1xx_hal_gpio.o
 .debug_loc     0x0000000000000658      0x130 ./system/src/stm32l1xx/stm32l1xx_hal_pwr_ex.o
 .debug_loc     0x0000000000000788     0x1465 ./system/src/stm32l1xx/stm32l1xx_hal_rcc.o
 .debug_loc     0x0000000000001bed       0x92 ./system/src/newlib/_sbrk.o
 .debug_loc     0x0000000000001c7f      0x228 ./system/src/newlib/_startup.o
 .debug_loc     0x0000000000001ea7       0x63 ./system/src/newlib/_syscalls.o
 .debug_loc     0x0000000000001f0a       0xf7 ./system/src/diag/Trace.o
 .debug_loc     0x0000000000002001       0x21 ./system/src/diag/trace_impl.o
 .debug_loc     0x0000000000002022      0x184 ./system/src/cortexm/exception_handlers.o
 .debug_loc     0x00000000000021a6      0x10e ./system/src/cmsis/system_stm32l1xx.o

.debug_macinfo
 *(.debug_macinfo)

.debug_weaknames
 *(.debug_weaknames)

.debug_funcnames
 *(.debug_funcnames)

.debug_typenames
 *(.debug_typenames)

.debug_varnames
 *(.debug_varnames)
OUTPUT(L1 hal test.elf elf32-littlearm)

.debug_ranges   0x0000000000000000      0x5b8
 .debug_ranges  0x0000000000000000       0xa0 ./system/src/stm32l1xx/stm32l1xx_hal.o
 .debug_ranges  0x00000000000000a0      0x138 ./system/src/stm32l1xx/stm32l1xx_hal_cortex.o
 .debug_ranges  0x00000000000001d8       0x68 ./system/src/stm32l1xx/stm32l1xx_hal_gpio.o
 .debug_ranges  0x0000000000000240       0x28 ./system/src/stm32l1xx/stm32l1xx_hal_msp_template.o
 .debug_ranges  0x0000000000000268       0x40 ./system/src/stm32l1xx/stm32l1xx_hal_pwr_ex.o
 .debug_ranges  0x00000000000002a8       0xf0 ./system/src/stm32l1xx/stm32l1xx_hal_rcc.o
 .debug_ranges  0x0000000000000398       0x18 ./system/src/newlib/_exit.o
 .debug_ranges  0x00000000000003b0       0x10 ./system/src/newlib/_sbrk.o
 .debug_ranges  0x00000000000003c0       0x48 ./system/src/newlib/_startup.o
 .debug_ranges  0x0000000000000408       0x20 ./system/src/newlib/_syscalls.o
 .debug_ranges  0x0000000000000428       0x28 ./system/src/diag/Trace.o
 .debug_ranges  0x0000000000000450       0x18 ./system/src/diag/trace_impl.o
 .debug_ranges  0x0000000000000468       0x18 ./system/src/cortexm/_initialize_hardware.o
 .debug_ranges  0x0000000000000480       0x78 ./system/src/cortexm/exception_handlers.o
 .debug_ranges  0x00000000000004f8       0x20 ./system/src/cmsis/startup_stm32l152xe.o
 .debug_ranges  0x0000000000000518       0x18 ./system/src/cmsis/system_stm32l1xx.o
 .debug_ranges  0x0000000000000530       0x38 ./src/main.o
 .debug_ranges  0x0000000000000568       0x50 ./src/stm32l1xx_it.o
